<html>
<body>
<pre>
<h1>µVision Build Log</h1>
<h2>Tool Versions:</h2>
IDE-Version: µVision V5.26.2.0
Copyright (C) 2018 ARM Ltd and ARM Germany GmbH. All rights reserved.
License Information:  ,  , LIC=----
 
Tool Versions:
Toolchain:       MDK-Lite  Version: 5.26.2.0
Toolchain Path:  C:\Keil_v5\ARM\ARMCLANG\Bin
C Compiler:      ArmClang.exe V6.10.1
Assembler:       Armasm.exe V6.10.1
Linker/Locator:  ArmLink.exe V6.10.1
Library Manager: ArmAr.exe V6.10.1
Hex Converter:   FromElf.exe V6.10.1
CPU DLL:         SARMCM3.DLL V5.26.2.0
Dialog DLL:      DARMCM1.DLL V1.19.1.0
Target DLL:      UL2CM3.DLL V1.161.6.0
Dialog DLL:      TARMCM1.DLL V1.14.0.0
 
<h2>Project:</h2>
C:\Nandu\Per\Projects\Fm_Radio_Amul_Box\LPC1114_Si4703\v2\project\FM.uvprojx
Project File Date:  01/09/2025

<h2>Output:</h2>
*** Using Compiler 'V6.10.1', folder: 'C:\Keil_v5\ARM\ARMCLANG\Bin'
Rebuild target 'FM'
assembling startup_LPC11xx.s...
compiling App_Rotary.c...
compiling App_Buttons.c...
../source/Common/retarget.c(8): warning: In file included from...
../source/Driver\LPC11xx.h(114): warning: '#pragma anon_unions' is an ARM Compiler 5 extension, and is not supported by ARM Compiler 6 [-Warmcc-pragma-anon-unions]
#pragma anon_unions
        ^
../source/Driver\LPC11xx.h(476): warning: '#pragma no_anon_unions' is an ARM Compiler 5 extension, and is not supported by ARM Compiler 6 [-Warmcc-pragma-anon-unions]
#pragma no_anon_unions
        ^
2 warnings generated.
compiling retarget.c...
../source/App/App_I2c_Intf.c(4): warning: In file included from...
../source/Driver\LPC11xx.h(114): warning: '#pragma anon_unions' is an ARM Compiler 5 extension, and is not supported by ARM Compiler 6 [-Warmcc-pragma-anon-unions]
#pragma anon_unions
        ^
../source/Driver\LPC11xx.h(476): warning: '#pragma no_anon_unions' is an ARM Compiler 5 extension, and is not supported by ARM Compiler 6 [-Warmcc-pragma-anon-unions]
#pragma no_anon_unions
        ^
2 warnings generated.
compiling App_I2c_Intf.c...
../source/Common/main.c(9): warning: In file included from...
../source/Driver\LPC11xx.h(114): warning: '#pragma anon_unions' is an ARM Compiler 5 extension, and is not supported by ARM Compiler 6 [-Warmcc-pragma-anon-unions]
#pragma anon_unions
        ^
../source/Driver\LPC11xx.h(476): warning: '#pragma no_anon_unions' is an ARM Compiler 5 extension, and is not supported by ARM Compiler 6 [-Warmcc-pragma-anon-unions]
#pragma no_anon_unions
        ^
2 warnings generated.
compiling main.c...
../source/App/App_Eeprom.c(2): warning: In file included from...
../source/Driver\LPC11xx.h(114): warning: '#pragma anon_unions' is an ARM Compiler 5 extension, and is not supported by ARM Compiler 6 [-Warmcc-pragma-anon-unions]
#pragma anon_unions
        ^
../source/Driver\LPC11xx.h(476): warning: '#pragma no_anon_unions' is an ARM Compiler 5 extension, and is not supported by ARM Compiler 6 [-Warmcc-pragma-anon-unions]
#pragma no_anon_unions
        ^
2 warnings generated.
compiling App_Eeprom.c...
compiling App_Led.c...
../source/Driver/clkconfig.c(5): warning: In file included from...
../source/Driver/LPC11xx.h(114): warning: '#pragma anon_unions' is an ARM Compiler 5 extension, and is not supported by ARM Compiler 6 [-Warmcc-pragma-anon-unions]
#pragma anon_unions
        ^
../source/Driver/LPC11xx.h(476): warning: '#pragma no_anon_unions' is an ARM Compiler 5 extension, and is not supported by ARM Compiler 6 [-Warmcc-pragma-anon-unions]
#pragma no_anon_unions
        ^
2 warnings generated.
compiling clkconfig.c...
../source/App/APP_Si.c(14): warning: In file included from...
../source/Driver\LPC11xx.h(114): warning: '#pragma anon_unions' is an ARM Compiler 5 extension, and is not supported by ARM Compiler 6 [-Warmcc-pragma-anon-unions]
#pragma anon_unions
        ^
../source/Driver\LPC11xx.h(476): warning: '#pragma no_anon_unions' is an ARM Compiler 5 extension, and is not supported by ARM Compiler 6 [-Warmcc-pragma-anon-unions]
#pragma no_anon_unions
        ^
2 warnings generated.
compiling APP_Si.c...
../source/Driver/gpio.c(4): warning: In file included from...
../source/Driver/LPC11xx.h(114): warning: '#pragma anon_unions' is an ARM Compiler 5 extension, and is not supported by ARM Compiler 6 [-Warmcc-pragma-anon-unions]
#pragma anon_unions
        ^
../source/Driver/LPC11xx.h(476): warning: '#pragma no_anon_unions' is an ARM Compiler 5 extension, and is not supported by ARM Compiler 6 [-Warmcc-pragma-anon-unions]
#pragma no_anon_unions
        ^
2 warnings generated.
compiling gpio.c...
../source/Driver/i2c.c(4): warning: In file included from...
../source/Driver/LPC11xx.h(114): warning: '#pragma anon_unions' is an ARM Compiler 5 extension, and is not supported by ARM Compiler 6 [-Warmcc-pragma-anon-unions]
#pragma anon_unions
        ^
../source/Driver/LPC11xx.h(476): warning: '#pragma no_anon_unions' is an ARM Compiler 5 extension, and is not supported by ARM Compiler 6 [-Warmcc-pragma-anon-unions]
#pragma no_anon_unions
        ^
2 warnings generated.
compiling i2c.c...
../source/Driver/system_LPC11xx.c(23): warning: In file included from...
../source/Driver/LPC11xx.h(114): warning: '#pragma anon_unions' is an ARM Compiler 5 extension, and is not supported by ARM Compiler 6 [-Warmcc-pragma-anon-unions]
#pragma anon_unions
        ^
../source/Driver/LPC11xx.h(476): warning: '#pragma no_anon_unions' is an ARM Compiler 5 extension, and is not supported by ARM Compiler 6 [-Warmcc-pragma-anon-unions]
#pragma no_anon_unions
        ^
2 warnings generated.
compiling system_LPC11xx.c...
../source/Driver/timer16.c(4): warning: In file included from...
../source/Driver/LPC11xx.h(114): warning: '#pragma anon_unions' is an ARM Compiler 5 extension, and is not supported by ARM Compiler 6 [-Warmcc-pragma-anon-unions]
#pragma anon_unions
        ^
../source/Driver/LPC11xx.h(476): warning: '#pragma no_anon_unions' is an ARM Compiler 5 extension, and is not supported by ARM Compiler 6 [-Warmcc-pragma-anon-unions]
#pragma no_anon_unions
        ^
2 warnings generated.
compiling timer16.c...
../source/Driver/uart.c(5): warning: In file included from...
../source/Driver/LPC11xx.h(114): warning: '#pragma anon_unions' is an ARM Compiler 5 extension, and is not supported by ARM Compiler 6 [-Warmcc-pragma-anon-unions]
#pragma anon_unions
        ^
../source/Driver/LPC11xx.h(476): warning: '#pragma no_anon_unions' is an ARM Compiler 5 extension, and is not supported by ARM Compiler 6 [-Warmcc-pragma-anon-unions]
#pragma no_anon_unions
        ^
2 warnings generated.
compiling uart.c...
linking...
Program Size: Code=8112 RO-data=268 RW-data=256 ZI-data=1032  
FromELF: creating hex file...
".\FM.axf" - 0 Error(s), 22 Warning(s).

<h2>Software Packages used:</h2>

Package Vendor: ARM
                http://www.keil.com/pack/ARM.CMSIS.5.4.0.pack
                ARM.CMSIS.5.4.0
                CMSIS (Cortex Microcontroller Software Interface Standard)
   * Component: CORE Version: 5.1.2

Package Vendor: Keil
                https://www.keil.com/pack/Keil.LPC1100_DFP.1.4.1.pack
                Keil.LPC1100_DFP.1.4.1
                NXP LPC1100 Series Device Support

<h2>Collection of Component include folders:</h2>
  .\RTE\_FM
  C:\Keil_v5\ARM\PACK\ARM\CMSIS\5.4.0\CMSIS\Core\Include
  C:\Keil_v5\ARM\PACK\Keil\LPC1100_DFP\1.4.1\Device\Include\LPC11xx

<h2>Collection of Component Files used:</h2>

   * Component: ARM::CMSIS:CORE:5.1.2
Build Time Elapsed:  00:00:01
</pre>
</body>
</html>
