Microchip MPLAB XC8 Compiler V1.30 ()

Linker command line:

--edf=C:\Program Files (x86)\Microchip\xc8\v1.30\dat\en_msgs.txt -cs \
  -h+Switch.sym --cmf=Switch.cmf -z -Q12F1822 \
  -oC:\Users\2503-0~1\AppData\Local\Temp\sf9k.6 -MSwitch.map -E1 -ver=XC8 \
  -ASTACK=02054h-02064h -pstack=STACK -ACONST=00h-0FFhx8 -ACODE=00h-07FFh \
  -ASTRCODE=00h-07FFh -AENTRY=00h-0FFhx8 -ASTRING=00h-0FFhx8 \
  -ACOMMON=070h-07Fh -ABANK0=020h-06Fh -ABANK1=0A0h-0B4h \
  -ABIGRAM=02000h-0206Fh -ARAM=020h-06Fh,0A0h-0B4h \
  -AABS1=020h-07Fh,0A0h-0BFh -ASFR0=00h-01Fh -ASFR1=080h-09Fh \
  -ASFR2=0100h-016Fh -ASFR3=0180h-01EFh -ASFR4=0200h-026Fh \
  -ASFR5=0280h-02EFh -ASFR6=0300h-036Fh -ASFR7=0380h-03EFh \
  -ASFR8=0400h-046Fh -ASFR9=0480h-04EFh -ASFR10=0500h-056Fh \
  -ASFR11=0580h-05EFh -ASFR12=0600h-066Fh -ASFR13=0680h-06EFh \
  -ASFR14=0700h-076Fh -ASFR15=0780h-07EFh -ASFR16=0800h-086Fh \
  -ASFR17=0880h-08EFh -ASFR18=0900h-096Fh -ASFR19=0980h-09EFh \
  -ASFR20=0A00h-0A6Fh -ASFR21=0A80h-0AEFh -ASFR22=0B00h-0B6Fh \
  -ASFR23=0B80h-0BEFh -ASFR24=0C00h-0C6Fh -ASFR25=0C80h-0CEFh \
  -ASFR26=0D00h-0D6Fh -ASFR27=0D80h-0DEFh -ASFR28=0E00h-0E6Fh \
  -ASFR29=0E80h-0EEFh -ASFR30=0F00h-0F6Fh -ASFR31=0F80h-0FEFh \
  -preset_vec=00h,intentry=04h,init,end_init -ppowerup=CODE -pcinit=CODE \
  -pfunctab=CODE -ACONFIG=08007h-08008h -pconfig=CONFIG -DCONFIG=2 \
  -AIDLOC=08000h-08003h -pidloc=IDLOC -DIDLOC=2 -AEEDATA=00h-0FFh/0F000h \
  -peeprom_data=EEDATA -DEEDATA=2 -DCODE=2 -DSTRCODE=2 -DSTRING=2 -DCONST=2 \
  -DENTRY=2 -k C:\Users\2503-0~1\AppData\Local\Temp\sf9k.obj Switch.obj 

Object code version is 3.11

Machine type is 12F1822



                Name                               Link     Load   Length Selector   Space Scale
C:\Users\2503-0~1\AppData\Local\Temp\sf9k.obj
                end_init                             27       27        1        8       0
                reset_vec                             0        0        2        0       0
Switch.obj      cinit                                28       28        8        8       0
                intentry                              4        4       23        8       0
                text12                              25D      25D       28        8       0
                text11                              1F9      1F9       37        8       0
                text10                              230      230       2D        8       0
                text9                               30D      30D        7      61A       0
                text8                               2DC      2DC       11        8       0
                text7                                30       30      1C9        8       0
                text5                               2F9      2F9        B        8       0
                text4                               2ED      2ED        C        8       0
                text3                               31A      31A        1      61A       0
                text2                               2CA      2CA       12        8       0
                text1                               285      285       23        8       0
                maintext                            2A8      2A8       22        8       0
                cstackBANK0                          59       59        C       20       1
                cstackCOMMON                         70       70        E       70       1
                cstackBANK1                          A0       A0        4       A0       1
                clrtext                             314      314        6      61A       0
                bssBANK0                             20       20       39       20       1
                strings                             304      304        9      608       0

TOTAL           Name                               Link     Load   Length     Space
        CLASS   STACK          

        CLASS   CONST          

        CLASS   CODE           
                end_init                             27       27        1         0
                cinit                                28       28        8         0
                intentry                              4        4       23         0
                reset_vec                             0        0        2         0
                text12                              25D      25D       28         0
                text11                              1F9      1F9       37         0
                text10                              230      230       2D         0
                text9                               30D      30D        7         0
                text8                               2DC      2DC       11         0
                text7                                30       30      1C9         0
                text5                               2F9      2F9        B         0
                text4                               2ED      2ED        C         0
                text3                               31A      31A        1         0
                text2                               2CA      2CA       12         0
                text1                               285      285       23         0
                maintext                            2A8      2A8       22         0
                clrtext                             314      314        6         0

        CLASS   STRCODE        

        CLASS   ENTRY          

        CLASS   STRING         
                strings                             304      304        9         0

        CLASS   COMMON         
                cstackCOMMON                         70       70        E         1

        CLASS   BANK0          
                cstackBANK0                          59       59        C         1
                bssBANK0                             20       20       39         1

        CLASS   BANK1          
                cstackBANK1                          A0       A0        4         1

        CLASS   BIGRAM         

        CLASS   RAM            

        CLASS   ABS1           
                abs_s1                               7E       7E        2         1

        CLASS   SFR0           

        CLASS   SFR1           

        CLASS   SFR2           

        CLASS   SFR3           

        CLASS   SFR4           

        CLASS   SFR5           

        CLASS   SFR6           

        CLASS   SFR7           

        CLASS   SFR8           

        CLASS   SFR9           

        CLASS   SFR10          

        CLASS   SFR11          

        CLASS   SFR12          

        CLASS   SFR13          

        CLASS   SFR14          

        CLASS   SFR15          

        CLASS   SFR16          

        CLASS   SFR17          

        CLASS   SFR18          

        CLASS   SFR19          

        CLASS   SFR20          

        CLASS   SFR21          

        CLASS   SFR22          

        CLASS   SFR23          

        CLASS   SFR24          

        CLASS   SFR25          

        CLASS   SFR26          

        CLASS   SFR27          

        CLASS   SFR28          

        CLASS   SFR29          

        CLASS   SFR30          

        CLASS   SFR31          

        CLASS   CONFIG         

        CLASS   IDLOC          

        CLASS   EEDATA         

        CLASS   BANK31         

        CLASS   BANK30         

        CLASS   BANK29         

        CLASS   BANK28         

        CLASS   BANK27         

        CLASS   BANK26         

        CLASS   BANK25         

        CLASS   BANK24         

        CLASS   BANK23         

        CLASS   BANK22         

        CLASS   BANK21         

        CLASS   BANK20         

        CLASS   BANK19         

        CLASS   BANK18         

        CLASS   BANK17         

        CLASS   BANK16         

        CLASS   BANK15         

        CLASS   BANK14         

        CLASS   BANK13         

        CLASS   BANK12         

        CLASS   BANK11         

        CLASS   BANK10         

        CLASS   BANK9          

        CLASS   BANK8          

        CLASS   BANK7          

        CLASS   BANK6          

        CLASS   BANK5          

        CLASS   BANK4          

        CLASS   BANK3          

        CLASS   BANK2          



SEGMENTS        Name                           Load    Length   Top    Selector   Space  Class     Delta

                reset_vec                      000000  000002  000002         0       0  CODE        2
                intentry                       000004  000300  000304         8       0  CODE        2
                bssBANK0                       000020  000045  000065        20       1  BANK0       1
                cstackCOMMON                   000070  00000E  00007E        70       1  COMMON      1
                cstackBANK1                    0000A0  000004  0000A4        A0       1  BANK1       1
                strings                        000304  000009  00030D       608       0  STRING      2
                text9                          00030D  00000E  00031B       61A       0  CODE        2


UNUSED ADDRESS RANGES

        Name                Unused          Largest block    Delta
        BANK0            0065-006F              B           1
        BANK1            00A4-00B4             11           1
        BIGRAM           2000-206F             70           1
        CODE             0002-0003              2           2
                         031B-07FF            4E5
        CONFIG           8007-8008              2           2
        CONST            0002-0003              2           2
                         031B-07FF            100
        EEDATA           F000-F0FF            100           2
        ENTRY            0002-0003              2           2
                         031B-07FF            100
        IDLOC            8000-8003              4           2
        RAM              0065-006F              B           1
                         00A4-00B4             11
        SFR0             0000-001F             20           1
        SFR1             0080-009F             20           1
        SFR10            0500-056F             70           1
        SFR11            0580-05EF             70           1
        SFR12            0600-066F             70           1
        SFR13            0680-06EF             70           1
        SFR14            0700-076F             70           1
        SFR15            0780-07EF             70           1
        SFR16            0800-086F             70           1
        SFR17            0880-08EF             70           1
        SFR18            0900-096F             70           1
        SFR19            0980-09EF             70           1
        SFR2             0100-016F             70           1
        SFR20            0A00-0A6F             70           1
        SFR21            0A80-0AEF             70           1
        SFR22            0B00-0B6F             70           1
        SFR23            0B80-0BEF             70           1
        SFR24            0C00-0C6F             70           1
        SFR25            0C80-0CEF             70           1
        SFR26            0D00-0D6F             70           1
        SFR27            0D80-0DEF             70           1
        SFR28            0E00-0E6F             70           1
        SFR29            0E80-0EEF             70           1
        SFR3             0180-01EF             70           1
        SFR30            0F00-0F6F             70           1
        SFR31            0F80-0FEF             70           1
        SFR4             0200-026F             70           1
        SFR5             0280-02EF             70           1
        SFR6             0300-036F             70           1
        SFR7             0380-03EF             70           1
        SFR8             0400-046F             70           1
        SFR9             0480-04EF             70           1
        STACK            2054-2064             11           1
        STRCODE          0002-0003              2           2
                         031B-07FF            4E5
        STRING           0002-0003              2           2
                         031B-07FF            100

                                  Symbol Table

?_Read_Adc                                cstackBANK1  00A0
App_Notify_Frame_Received_USART@id_index  cstackCOMMON 007B
LIN_Calc_Checksum@data                    cstackCOMMON 0079
LIN_Calc_Checksum@length                  cstackCOMMON 0074
LIN_Calc_Checksum@sum                     cstackCOMMON 007A
LIN_Send_Data@data                        cstackCOMMON 0070
LIN_Task_USART_Interrupt@byte             bssBANK0     0022
LIN_Task_USART_Interrupt@data             cstackCOMMON 007C
LIN_Task_USART_Interrupt@data_cnt         bssBANK0     0023
LIN_Task_USART_Interrupt@dummy            bssBANK0     0024
LIN_Task_USART_Interrupt@id               bssBANK0     0025
LIN_Task_USART_Interrupt@id_index         bssBANK0     0026
LIN_Task_USART_Interrupt@id_receive       bssBANK0     0027
LIN_Task_USART_Interrupt@id_type          bssBANK0     0028
LIN_Task_USART_Interrupt@temp_cksum       bssBANK0     0029
_ADCON0                                   (abs)        009D
_ADCON1                                   (abs)        009E
_ADRESH                                   (abs)        009C
_ADRESL                                   (abs)        009B
_ANSELA                                   (abs)        018C
_APFCON                                   (abs)        011D
_App_Btn_Process                          text4        02ED
_App_Notify_Frame_Received_USART          text11       01F9
_BAUDCONbits                              (abs)        019F
_CM1CON0                                  (abs)        0111
_GIE                                      (abs)        005F
_Init_Btn                                 text3        031A
_Init_UART                                text2        02CA
_InitializeSystem                         text1        0285
_LIN_Calc_Checksum                        text10       0230
_LIN_Send_Data                            text9        030D
_LIN_Task_USART_Interrupt                 text7        0030
_Lin_Data                                 bssBANK0     002D
_Lin_Msg                                  strings      0305
_Lin_State                                bssBANK0     002A
_Msg_01_Buffer                            bssBANK0     0041
_Msg_02_Buffer                            bssBANK0     0049
_OPTION_REG                               (abs)        0095
_OSCCON                                   (abs)        0099
_PEIE                                     (abs)        005E
_PIR1bits                                 (abs)        0011
_RCIF                                     (abs)        008D
_RCREG                                    (abs)        0199
_RCSTAbits                                (abs)        019D
_Read_Adc                                 text5        02F9
_SPBRGH                                   (abs)        019C
_SPBRGL                                   (abs)        019B
_T2CON                                    (abs)        001C
_TMR2                                     (abs)        001A
_TMR2IE                                   (abs)        0489
_TMR2IF                                   (abs)        0089
_TRISA0                                   (abs)        0460
_TRISA1                                   (abs)        0461
_TRISA2                                   (abs)        0462
_TRISA3                                   (abs)        0463
_TRISA4                                   (abs)        0464
_TRISA5                                   (abs)        0465
_TRMT                                     (abs)        0CF1
_TXREG                                    (abs)        019A
_TXSTAbits                                (abs)        019E
__Habs1                                   abs1         0000
__Hbank0                                  bank0        0000
__Hbank1                                  bank1        0000
__Hbank10                                 bank10       0000
__Hbank11                                 bank11       0000
__Hbank12                                 bank12       0000
__Hbank13                                 bank13       0000
__Hbank14                                 bank14       0000
__Hbank15                                 bank15       0000
__Hbank16                                 bank16       0000
__Hbank17                                 bank17       0000
__Hbank18                                 bank18       0000
__Hbank19                                 bank19       0000
__Hbank2                                  bank2        0000
__Hbank20                                 bank20       0000
__Hbank21                                 bank21       0000
__Hbank22                                 bank22       0000
__Hbank23                                 bank23       0000
__Hbank24                                 bank24       0000
__Hbank25                                 bank25       0000
__Hbank26                                 bank26       0000
__Hbank27                                 bank27       0000
__Hbank28                                 bank28       0000
__Hbank29                                 bank29       0000
__Hbank3                                  bank3        0000
__Hbank30                                 bank30       0000
__Hbank31                                 bank31       0000
__Hbank4                                  bank4        0000
__Hbank5                                  bank5        0000
__Hbank6                                  bank6        0000
__Hbank7                                  bank7        0000
__Hbank8                                  bank8        0000
__Hbank9                                  bank9        0000
__Hbigram                                 bigram       0000
__HbssBANK0                               bssBANK0     0000
__Hcinit                                  cinit        0030
__Hclrtext                                clrtext      0000
__Hcode                                   code         0000
__Hcommon                                 common       0000
__Hconfig                                 config       0000
__HcstackBANK0                            cstackBANK0  0000
__HcstackBANK1                            cstackBANK1  0000
__HcstackCOMMON                           cstackCOMMON 0000
__Heeprom_data                            eeprom_data  0000
__Hend_init                               end_init     0028
__Hfunctab                                functab      0000
__Hidloc                                  idloc        0000
__Hinit                                   init         0027
__Hintentry                               intentry     0027
__Hmaintext                               maintext     0000
__Hpowerup                                powerup      0000
__Hram                                    ram          0000
__Hreset_vec                              reset_vec    0002
__Hsfr0                                   sfr0         0000
__Hsfr1                                   sfr1         0000
__Hsfr10                                  sfr10        0000
__Hsfr11                                  sfr11        0000
__Hsfr12                                  sfr12        0000
__Hsfr13                                  sfr13        0000
__Hsfr14                                  sfr14        0000
__Hsfr15                                  sfr15        0000
__Hsfr16                                  sfr16        0000
__Hsfr17                                  sfr17        0000
__Hsfr18                                  sfr18        0000
__Hsfr19                                  sfr19        0000
__Hsfr2                                   sfr2         0000
__Hsfr20                                  sfr20        0000
__Hsfr21                                  sfr21        0000
__Hsfr22                                  sfr22        0000
__Hsfr23                                  sfr23        0000
__Hsfr24                                  sfr24        0000
__Hsfr25                                  sfr25        0000
__Hsfr26                                  sfr26        0000
__Hsfr27                                  sfr27        0000
__Hsfr28                                  sfr28        0000
__Hsfr29                                  sfr29        0000
__Hsfr3                                   sfr3         0000
__Hsfr30                                  sfr30        0000
__Hsfr31                                  sfr31        0000
__Hsfr4                                   sfr4         0000
__Hsfr5                                   sfr5         0000
__Hsfr6                                   sfr6         0000
__Hsfr7                                   sfr7         0000
__Hsfr8                                   sfr8         0000
__Hsfr9                                   sfr9         0000
__Hstack                                  stack        0000
__Hstrings                                strings      0000
__Htext                                   text         0000
__Labs1                                   abs1         0000
__Lbank0                                  bank0        0000
__Lbank1                                  bank1        0000
__Lbank10                                 bank10       0000
__Lbank11                                 bank11       0000
__Lbank12                                 bank12       0000
__Lbank13                                 bank13       0000
__Lbank14                                 bank14       0000
__Lbank15                                 bank15       0000
__Lbank16                                 bank16       0000
__Lbank17                                 bank17       0000
__Lbank18                                 bank18       0000
__Lbank19                                 bank19       0000
__Lbank2                                  bank2        0000
__Lbank20                                 bank20       0000
__Lbank21                                 bank21       0000
__Lbank22                                 bank22       0000
__Lbank23                                 bank23       0000
__Lbank24                                 bank24       0000
__Lbank25                                 bank25       0000
__Lbank26                                 bank26       0000
__Lbank27                                 bank27       0000
__Lbank28                                 bank28       0000
__Lbank29                                 bank29       0000
__Lbank3                                  bank3        0000
__Lbank30                                 bank30       0000
__Lbank31                                 bank31       0000
__Lbank4                                  bank4        0000
__Lbank5                                  bank5        0000
__Lbank6                                  bank6        0000
__Lbank7                                  bank7        0000
__Lbank8                                  bank8        0000
__Lbank9                                  bank9        0000
__Lbigram                                 bigram       0000
__LbssBANK0                               bssBANK0     0000
__Lcinit                                  cinit        0028
__Lclrtext                                clrtext      0000
__Lcode                                   code         0000
__Lcommon                                 common       0000
__Lconfig                                 config       0000
__LcstackBANK0                            cstackBANK0  0000
__LcstackBANK1                            cstackBANK1  0000
__LcstackCOMMON                           cstackCOMMON 0000
__Leeprom_data                            eeprom_data  0000
__Lend_init                               end_init     0027
__Lfunctab                                functab      0000
__Lidloc                                  idloc        0000
__Linit                                   init         0027
__Lintentry                               intentry     0004
__Lmaintext                               maintext     0000
__Lpowerup                                powerup      0000
__Lram                                    ram          0000
__Lreset_vec                              reset_vec    0000
__Lsfr0                                   sfr0         0000
__Lsfr1                                   sfr1         0000
__Lsfr10                                  sfr10        0000
__Lsfr11                                  sfr11        0000
__Lsfr12                                  sfr12        0000
__Lsfr13                                  sfr13        0000
__Lsfr14                                  sfr14        0000
__Lsfr15                                  sfr15        0000
__Lsfr16                                  sfr16        0000
__Lsfr17                                  sfr17        0000
__Lsfr18                                  sfr18        0000
__Lsfr19                                  sfr19        0000
__Lsfr2                                   sfr2         0000
__Lsfr20                                  sfr20        0000
__Lsfr21                                  sfr21        0000
__Lsfr22                                  sfr22        0000
__Lsfr23                                  sfr23        0000
__Lsfr24                                  sfr24        0000
__Lsfr25                                  sfr25        0000
__Lsfr26                                  sfr26        0000
__Lsfr27                                  sfr27        0000
__Lsfr28                                  sfr28        0000
__Lsfr29                                  sfr29        0000
__Lsfr3                                   sfr3         0000
__Lsfr30                                  sfr30        0000
__Lsfr31                                  sfr31        0000
__Lsfr4                                   sfr4         0000
__Lsfr5                                   sfr5         0000
__Lsfr6                                   sfr6         0000
__Lsfr7                                   sfr7         0000
__Lsfr8                                   sfr8         0000
__Lsfr9                                   sfr9         0000
__Lstack                                  stack        0000
__Lstrings                                strings      0000
__Ltext                                   text         0000
__S0                                      (abs)        031B
__S1                                      (abs)        00A4
__S2                                      (abs)        0000
__S3                                      (abs)        0000
___bmul                                   text8        02DC
___bmul@multiplicand                      cstackCOMMON 0070
___bmul@multiplier                        cstackCOMMON 0073
___bmul@product                           cstackCOMMON 0072
___int_sp                                 stack        0000
___latbits                                (abs)        0000
___sp                                     stack        0000
__end_of_App_Btn_Process                  text4        02F9
__end_of_App_Notify_Frame_Received_USART  text11       0230
__end_of_Init_Btn                         text3        031B
__end_of_Init_UART                        text2        02DC
__end_of_InitializeSystem                 text1        02A8
__end_of_LIN_Calc_Checksum                text10       025D
__end_of_LIN_Send_Data                    text9        0314
__end_of_LIN_Task_USART_Interrupt         text7        01F9
__end_of_Lin_Msg                          strings      030D
__end_of_Read_Adc                         text5        0304
__end_of___bmul                           text8        02ED
__end_of__initialization                  cinit        002E
__end_of__stringtab                       strings      0305
__end_of_isr                              intentry     0027
__end_of_main                             maintext     02CA
__end_of_memcpy                           text12       0285
__initialization                          cinit        0028
__pbssBANK0                               bssBANK0     0020
__pcstackBANK0                            cstackBANK0  0059
__pcstackBANK1                            cstackBANK1  00A0
__pcstackCOMMON                           cstackCOMMON 0070
__pintentry                               intentry     0004
__pmaintext                               maintext     02A8
__pstrings                                strings      0304
__ptext1                                  text1        0285
__ptext10                                 text10       0230
__ptext11                                 text11       01F9
__ptext12                                 text12       025D
__ptext2                                  text2        02CA
__ptext3                                  text3        031A
__ptext4                                  text4        02ED
__ptext5                                  text5        02F9
__ptext7                                  text7        0030
__ptext8                                  text8        02DC
__ptext9                                  text9        030D
__size_of_App_Btn_Process                 (abs)        0000
__size_of_App_Notify_Frame_Received_USART (abs)        0000
__size_of_Init_Btn                        (abs)        0000
__size_of_Init_UART                       (abs)        0000
__size_of_InitializeSystem                (abs)        0000
__size_of_LIN_Calc_Checksum               (abs)        0000
__size_of_LIN_Send_Data                   (abs)        0000
__size_of_LIN_Task_USART_Interrupt        (abs)        0000
__size_of_Read_Adc                        (abs)        0000
__size_of___bmul                          (abs)        0000
__size_of_isr                             (abs)        0000
__size_of_main                            (abs)        0000
__size_of_memcpy                          (abs)        0000
__stringtab                               strings      0304
_adcVal                                   bssBANK0     0020
_isr                                      intentry     0004
_led_data                                 bssBANK0     0051
_main                                     maintext     02A8
_memcpy                                   text12       025D
_timer_100ms_count                        bssBANK0     002B
_timer_10ms_count                         bssBANK0     002C
btemp                                     (abs)        007E
clear_ram0                                clrtext      0314
end_of_initialization                     cinit        002E
intlevel0                                 functab      0000
intlevel1                                 functab      0000
intlevel2                                 functab      0000
intlevel3                                 functab      0000
intlevel4                                 functab      0000
intlevel5                                 functab      0000
isr@data                                  cstackCOMMON 007D
ltemp                                     (abs)        007E
ltemp0                                    (abs)        007E
ltemp1                                    (abs)        0082
ltemp2                                    (abs)        0086
ltemp3                                    (abs)        0080
main@data                                 cstackBANK1  00A2
memcpy@d                                  cstackCOMMON 0078
memcpy@d1                                 cstackCOMMON 007A
memcpy@n                                  cstackCOMMON 0075
memcpy@s                                  cstackCOMMON 0079
memcpy@s1                                 cstackCOMMON 0074
reset_vec                                 reset_vec    0000
stackhi                                   (abs)        2064
stacklo                                   (abs)        2054
start                                     init         0027
start_initialization                      cinit        0028
ttemp                                     (abs)        007E
ttemp0                                    (abs)        007E
ttemp1                                    (abs)        0081
ttemp2                                    (abs)        0084
ttemp3                                    (abs)        0087
ttemp4                                    (abs)        007F
wtemp                                     (abs)        007E
wtemp0                                    (abs)        007E
wtemp1                                    (abs)        0080
wtemp2                                    (abs)        0082
wtemp3                                    (abs)        0084
wtemp4                                    (abs)        0086
wtemp5                                    (abs)        0088
wtemp6                                    (abs)        007F


FUNCTION INFORMATION:

 *************** function _main *****************
 Defined at:
		line 42 in file "D:\Nandu\Git_Workspace\EmbeddedProjects\AutomotiveProjects\LIN\Front_Park_Switch\main.c"
 Parameters:    Size  Location     Type
		None
 Auto vars:     Size  Location     Type
  data            2    2[BANK1 ] volatile unsigned int 
 Return value:  Size  Location     Type
		None               void
 Registers used:
		wreg, status,2, status,0, pclath, cstack
 Tracked objects:
		On entry : 
		On exit  : 
		Unchanged: 
 Data sizes:     COMMON   BANK0   BANK1
      Params:         0       0       0
      Locals:         0       0       2
      Temps:          0       0       0
      Totals:         0       0       2
Total ram usage:        2 bytes
 Hardware stack levels required when called:    6
 This function calls:
		_App_Btn_Process
		_Init_Btn
		_Init_UART
		_InitializeSystem
 This function is called by:
		Startup code after reset
 This function uses a non-reentrant model


 *************** function _InitializeSystem *****************
 Defined at:
		line 73 in file "D:\Nandu\Git_Workspace\EmbeddedProjects\AutomotiveProjects\LIN\Front_Park_Switch\main.c"
 Parameters:    Size  Location     Type
		None
 Auto vars:     Size  Location     Type
		None
 Return value:  Size  Location     Type
		None               void
 Registers used:
		wreg, status,2
 Tracked objects:
		On entry : 
		On exit  : 
		Unchanged: 
 Data sizes:     COMMON   BANK0   BANK1
      Params:         0       0       0
      Locals:         0       0       0
      Temps:          0       0       0
      Totals:         0       0       0
Total ram usage:        0 bytes
 Hardware stack levels used:    1
 Hardware stack levels required when called:    4
 This function calls:
		Nothing
 This function is called by:
		_main
 This function uses a non-reentrant model


 *************** function _Init_UART *****************
 Defined at:
		line 171 in file "D:\Nandu\Git_Workspace\EmbeddedProjects\AutomotiveProjects\LIN\Front_Park_Switch\main.c"
 Parameters:    Size  Location     Type
		None
 Auto vars:     Size  Location     Type
		None
 Return value:  Size  Location     Type
		None               void
 Registers used:
		wreg, status,2
 Tracked objects:
		On entry : 
		On exit  : 
		Unchanged: 
 Data sizes:     COMMON   BANK0   BANK1
      Params:         0       0       0
      Locals:         0       0       0
      Temps:          0       0       0
      Totals:         0       0       0
Total ram usage:        0 bytes
 Hardware stack levels used:    1
 Hardware stack levels required when called:    4
 This function calls:
		Nothing
 This function is called by:
		_main
 This function uses a non-reentrant model


 *************** function _Init_Btn *****************
 Defined at:
		line 33 in file "D:\Nandu\Git_Workspace\EmbeddedProjects\AutomotiveProjects\LIN\Front_Park_Switch\btn.c"
 Parameters:    Size  Location     Type
		None
 Auto vars:     Size  Location     Type
		None
 Return value:  Size  Location     Type
		None               void
 Registers used:
		None
 Tracked objects:
		On entry : 
		On exit  : 
		Unchanged: 
 Data sizes:     COMMON   BANK0   BANK1
      Params:         0       0       0
      Locals:         0       0       0
      Temps:          0       0       0
      Totals:         0       0       0
Total ram usage:        0 bytes
 Hardware stack levels used:    1
 Hardware stack levels required when called:    4
 This function calls:
		Nothing
 This function is called by:
		_main
 This function uses a non-reentrant model


 *************** function _App_Btn_Process *****************
 Defined at:
		line 62 in file "D:\Nandu\Git_Workspace\EmbeddedProjects\AutomotiveProjects\LIN\Front_Park_Switch\btn.c"
 Parameters:    Size  Location     Type
		None
 Auto vars:     Size  Location     Type
		None
 Return value:  Size  Location     Type
		None               void
 Registers used:
		wreg, status,2, status,0, pclath, cstack
 Tracked objects:
		On entry : 
		On exit  : 
		Unchanged: 
 Data sizes:     COMMON   BANK0   BANK1
      Params:         0       0       0
      Locals:         0       0       0
      Temps:          0       0       0
      Totals:         0       0       0
Total ram usage:        0 bytes
 Hardware stack levels used:    1
 Hardware stack levels required when called:    5
 This function calls:
		_Read_Adc
 This function is called by:
		_main
 This function uses a non-reentrant model


 *************** function _Read_Adc *****************
 Defined at:
		line 47 in file "D:\Nandu\Git_Workspace\EmbeddedProjects\AutomotiveProjects\LIN\Front_Park_Switch\btn.c"
 Parameters:    Size  Location     Type
		None
 Auto vars:     Size  Location     Type
		None
 Return value:  Size  Location     Type
                  2    0[BANK1 ] unsigned int 
 Registers used:
		wreg, status,2, status,0
 Tracked objects:
		On entry : 
		On exit  : 
		Unchanged: 
 Data sizes:     COMMON   BANK0   BANK1
      Params:         0       0       2
      Locals:         0       0       0
      Temps:          0       0       0
      Totals:         0       0       2
Total ram usage:        2 bytes
 Hardware stack levels used:    1
 Hardware stack levels required when called:    4
 This function calls:
		Nothing
 This function is called by:
		_App_Btn_Process
 This function uses a non-reentrant model


 *************** function _isr *****************
 Defined at:
		line 143 in file "D:\Nandu\Git_Workspace\EmbeddedProjects\AutomotiveProjects\LIN\Front_Park_Switch\main.c"
 Parameters:    Size  Location     Type
		None
 Auto vars:     Size  Location     Type
  data            1   13[COMMON] unsigned char 
 Return value:  Size  Location     Type
		None               void
 Registers used:
		wreg, fsr0l, fsr0h, fsr1l, fsr1h, status,2, status,0, pclath, cstack
 Tracked objects:
		On entry : 
		On exit  : 
		Unchanged: 
 Data sizes:     COMMON   BANK0   BANK1
      Params:         0       0       0
      Locals:         1       0       0
      Temps:          0       2       0
      Totals:         1       2       0
Total ram usage:        3 bytes
 Hardware stack levels used:    1
 Hardware stack levels required when called:    3
 This function calls:
		_LIN_Task_USART_Interrupt
 This function is called by:
		Interrupt level 1
 This function uses a non-reentrant model


 *************** function _LIN_Task_USART_Interrupt *****************
 Defined at:
		line 85 in file "D:\Nandu\Git_Workspace\EmbeddedProjects\AutomotiveProjects\LIN\Front_Park_Switch\hal_lin.c"
 Parameters:    Size  Location     Type
  data            1    wreg     unsigned char 
 Auto vars:     Size  Location     Type
  data            1   12[COMMON] unsigned char 
 Return value:  Size  Location     Type
		None               void
 Registers used:
		wreg, fsr0l, fsr0h, fsr1l, fsr1h, status,2, status,0, pclath, cstack
 Tracked objects:
		On entry : 
		On exit  : 
		Unchanged: 
 Data sizes:     COMMON   BANK0   BANK1
      Params:         0       0       0
      Locals:         1       0       0
      Temps:          0       5       0
      Totals:         1       5       0
Total ram usage:        6 bytes
 Hardware stack levels used:    1
 Hardware stack levels required when called:    2
 This function calls:
		_App_Notify_Frame_Received_USART
		_LIN_Calc_Checksum
		_LIN_Send_Data
		___bmul
		_memcpy
 This function is called by:
		_isr
 This function uses a non-reentrant model


 *************** function ___bmul *****************
 Defined at:
		line 2 in file "C:\Program Files (x86)\Microchip\xc8\v1.30\sources\common\bmul.c"
 Parameters:    Size  Location     Type
  multiplier      1    wreg     unsigned char 
  multiplicand    1    0[COMMON] unsigned char 
 Auto vars:     Size  Location     Type
  multiplier      1    3[COMMON] unsigned char 
  product         1    2[COMMON] unsigned char 
 Return value:  Size  Location     Type
                  1    wreg      unsigned char 
 Registers used:
		wreg, status,2, status,0
 Tracked objects:
		On entry : 
		On exit  : 
		Unchanged: 
 Data sizes:     COMMON   BANK0   BANK1
      Params:         1       0       0
      Locals:         2       0       0
      Temps:          1       0       0
      Totals:         4       0       0
Total ram usage:        4 bytes
 Hardware stack levels used:    1
 This function calls:
		Nothing
 This function is called by:
		_LIN_Task_USART_Interrupt
		_App_Notify_Frame_Received_USART
		_LIN_Initialize
 This function uses a non-reentrant model


 *************** function _LIN_Send_Data *****************
 Defined at:
		line 218 in file "D:\Nandu\Git_Workspace\EmbeddedProjects\AutomotiveProjects\LIN\Front_Park_Switch\hal_lin.c"
 Parameters:    Size  Location     Type
  data            1    wreg     unsigned char 
 Auto vars:     Size  Location     Type
  data            1    0[COMMON] unsigned char 
 Return value:  Size  Location     Type
		None               void
 Registers used:
		wreg
 Tracked objects:
		On entry : 
		On exit  : 
		Unchanged: 
 Data sizes:     COMMON   BANK0   BANK1
      Params:         0       0       0
      Locals:         1       0       0
      Temps:          0       0       0
      Totals:         1       0       0
Total ram usage:        1 bytes
 Hardware stack levels used:    1
 This function calls:
		Nothing
 This function is called by:
		_LIN_Task_USART_Interrupt
 This function uses a non-reentrant model


 *************** function _LIN_Calc_Checksum *****************
 Defined at:
		line 63 in file "D:\Nandu\Git_Workspace\EmbeddedProjects\AutomotiveProjects\LIN\Front_Park_Switch\hal_lin.c"
 Parameters:    Size  Location     Type
  data            1    wreg     PTR unsigned char 
		 -> Lin_Data(20), 
  length          1    4[COMMON] unsigned char 
 Auto vars:     Size  Location     Type
  data            1    9[COMMON] PTR unsigned char 
		 -> Lin_Data(20), 
  sum             2   10[COMMON] unsigned int 
 Return value:  Size  Location     Type
                  1    wreg      unsigned char 
 Registers used:
		wreg, fsr1l, fsr1h, status,2, status,0
 Tracked objects:
		On entry : 
		On exit  : 
		Unchanged: 
 Data sizes:     COMMON   BANK0   BANK1
      Params:         1       0       0
      Locals:         3       0       0
      Temps:          4       0       0
      Totals:         8       0       0
Total ram usage:        8 bytes
 Hardware stack levels used:    1
 This function calls:
		Nothing
 This function is called by:
		_LIN_Task_USART_Interrupt
 This function uses a non-reentrant model


 *************** function _App_Notify_Frame_Received_USART *****************
 Defined at:
		line 34 in file "D:\Nandu\Git_Workspace\EmbeddedProjects\AutomotiveProjects\LIN\Front_Park_Switch\app_lin.c"
 Parameters:    Size  Location     Type
  id_index        1    wreg     unsigned char 
 Auto vars:     Size  Location     Type
  id_index        1   11[COMMON] unsigned char 
 Return value:  Size  Location     Type
		None               void
 Registers used:
		wreg, fsr1l, fsr1h, status,2, status,0, pclath, cstack
 Tracked objects:
		On entry : 
		On exit  : 
		Unchanged: 
 Data sizes:     COMMON   BANK0   BANK1
      Params:         0       0       0
      Locals:         1       0       0
      Temps:          0       5       0
      Totals:         1       5       0
Total ram usage:        6 bytes
 Hardware stack levels used:    1
 Hardware stack levels required when called:    1
 This function calls:
		_memcpy
 This function is called by:
		_LIN_Task_USART_Interrupt
 This function uses a non-reentrant model


 *************** function _memcpy *****************
 Defined at:
		line 11 in file "C:\Program Files (x86)\Microchip\xc8\v1.30\sources\common\memcpy.c"
 Parameters:    Size  Location     Type
  d1              1    wreg     PTR void 
		 -> led_data(8), Msg_02_Buffer(8), Msg_01_Buffer(8), 
  s1              1    4[COMMON] PTR const void 
		 -> Msg_02_Buffer(8), Msg_01_Buffer(8), Lin_Data.data(8), Lin_Data(20), 
  n               2    5[COMMON] unsigned int 
 Auto vars:     Size  Location     Type
  d1              1   10[COMMON] PTR void 
		 -> led_data(8), Msg_02_Buffer(8), Msg_01_Buffer(8), 
  s               1    9[COMMON] PTR const unsigned char 
		 -> Msg_02_Buffer(8), Msg_01_Buffer(8), Lin_Data.data(8), Lin_Data(20), 
  d               1    8[COMMON] PTR unsigned char 
		 -> led_data(8), Msg_02_Buffer(8), Msg_01_Buffer(8), 
 Return value:  Size  Location     Type
                  1    wreg      PTR void 
 Registers used:
		wreg, fsr1l, fsr1h, status,2, status,0
 Tracked objects:
		On entry : 
		On exit  : 
		Unchanged: 
 Data sizes:     COMMON   BANK0   BANK1
      Params:         3       0       0
      Locals:         3       0       0
      Temps:          1       0       0
      Totals:         7       0       0
Total ram usage:        7 bytes
 Hardware stack levels used:    1
 This function calls:
		Nothing
 This function is called by:
		_LIN_Task_USART_Interrupt
		_App_Notify_Frame_Received_USART
 This function uses a non-reentrant model



MODULE INFORMATION

Module		Function		Class		Link	Load	Size
D:\Nandu\Git_Workspace\EmbeddedProjects\AutomotiveProjects\LIN\Front_Park_Switch\btn.c
		_Read_Adc      		CODE           	02F9	0000	11
		_Init_Btn      		CODE           	031A	0000	1
		_App_Btn_Proces		CODE           	02ED	0000	12

D:\Nandu\Git_Workspace\EmbeddedProjects\AutomotiveProjects\LIN\Front_Park_Switch\btn.c estimated size: 24

D:\Nandu\Git_Workspace\EmbeddedProjects\AutomotiveProjects\LIN\Front_Park_Switch\main.c
		_Init_UART     		CODE           	02CA	0000	18
		_main          		CODE           	02A8	0000	34
		_isr           		CODE           	0004	0000	35
		_InitializeSyst		CODE           	0285	0000	35

D:\Nandu\Git_Workspace\EmbeddedProjects\AutomotiveProjects\LIN\Front_Park_Switch\main.c estimated size: 122

shared
		__stringtab    		STRING         	0304	0000	1
		__initializatio		CODE           	0028	0000	6
		_Lin_Msg       		STRING         	0305	0000	8

shared estimated size: 15

D:\Nandu\Git_Workspace\EmbeddedProjects\AutomotiveProjects\LIN\Front_Park_Switch\hal_lin.c
		_LIN_Task_USART		CODE           	0030	0000	457
		_LIN_Calc_Check		CODE           	0230	0000	45
		_LIN_Send_Data 		CODE           	030D	0000	7

D:\Nandu\Git_Workspace\EmbeddedProjects\AutomotiveProjects\LIN\Front_Park_Switch\hal_lin.c estimated size: 509

C:\Program Files (x86)\Microchip\xc8\v1.30\sources\common\bmul.c
		___bmul        		CODE           	02DC	0000	17

C:\Program Files (x86)\Microchip\xc8\v1.30\sources\common\bmul.c estimated size: 17

D:\Nandu\Git_Workspace\EmbeddedProjects\AutomotiveProjects\LIN\Front_Park_Switch\app_lin.c
		_App_Notify_Fra		CODE           	01F9	0000	55

D:\Nandu\Git_Workspace\EmbeddedProjects\AutomotiveProjects\LIN\Front_Park_Switch\app_lin.c estimated size: 55

C:\Program Files (x86)\Microchip\xc8\v1.30\sources\common\memcpy.c
		_memcpy        		CODE           	025D	0000	40

C:\Program Files (x86)\Microchip\xc8\v1.30\sources\common\memcpy.c estimated size: 40

