Component: ARM Compiler 6.10.1 Tool: armlink [5d142800]

==============================================================================

Section Cross References

    app_buttons.o(.text.Init_Buttons) refers to gpio.o(.text.GPIOGetValue) for GPIOGetValue
    app_buttons.o(.text.Init_Buttons) refers to app_buttons.o(.bss..L_MergedGlobals) for [Anonymous Symbol]
    app_buttons.o(.ARM.exidx.text.Init_Buttons) refers to app_buttons.o(.text.Init_Buttons) for [Anonymous Symbol]
    app_buttons.o(.text.Scan_Buttons) refers to gpio.o(.text.GPIOGetValue) for GPIOGetValue
    app_buttons.o(.text.Scan_Buttons) refers to app_si.o(.text.Radio_Enc_Tune_Button) for Radio_Enc_Tune_Button
    app_buttons.o(.text.Scan_Buttons) refers to app_si.o(.text.Radio_Enc_Pwr_Button) for Radio_Enc_Pwr_Button
    app_buttons.o(.text.Scan_Buttons) refers to cal_const.o(.rodata.K_Break_Timeout) for K_Break_Timeout
    app_buttons.o(.text.Scan_Buttons) refers to app_buttons.o(.bss..L_MergedGlobals) for [Anonymous Symbol]
    app_buttons.o(.ARM.exidx.text.Scan_Buttons) refers to app_buttons.o(.text.Scan_Buttons) for [Anonymous Symbol]
    app_i2c_intf.o(.text.Write_Si_I2C) refers to i2c.o(.text.Start_I2C) for Start_I2C
    app_i2c_intf.o(.text.Write_Si_I2C) refers to i2c.o(.text.Send_I2C) for Send_I2C
    app_i2c_intf.o(.text.Write_Si_I2C) refers to i2c.o(.text.Stop_I2C) for Stop_I2C
    app_i2c_intf.o(.ARM.exidx.text.Write_Si_I2C) refers to app_i2c_intf.o(.text.Write_Si_I2C) for [Anonymous Symbol]
    app_i2c_intf.o(.text.Read_Si_I2C) refers to i2c.o(.text.Start_I2C) for Start_I2C
    app_i2c_intf.o(.text.Read_Si_I2C) refers to i2c.o(.text.Send_I2C) for Send_I2C
    app_i2c_intf.o(.text.Read_Si_I2C) refers to i2c.o(.text.Stop_I2C) for Stop_I2C
    app_i2c_intf.o(.ARM.exidx.text.Read_Si_I2C) refers to app_i2c_intf.o(.text.Read_Si_I2C) for [Anonymous Symbol]
    app_led.o(.ARM.exidx.text.Init_Fifo) refers to app_led.o(.text.Init_Fifo) for [Anonymous Symbol]
    app_led.o(.ARM.exidx.text.Fifo_Empty) refers to app_led.o(.text.Fifo_Empty) for [Anonymous Symbol]
    app_led.o(.ARM.exidx.text.Fifo_Full) refers to app_led.o(.text.Fifo_Full) for [Anonymous Symbol]
    app_led.o(.text.EnQ) refers to aeabi_sdiv.o(.text) for __aeabi_uidivmod
    app_led.o(.ARM.exidx.text.EnQ) refers to app_led.o(.text.EnQ) for [Anonymous Symbol]
    app_led.o(.text.DeQ) refers to rt_memcpy.o(.text) for __aeabi_memcpy
    app_led.o(.text.DeQ) refers to aeabi_sdiv.o(.text) for __aeabi_uidivmod
    app_led.o(.ARM.exidx.text.DeQ) refers to app_led.o(.text.DeQ) for [Anonymous Symbol]
    app_led.o(.text.LED_Toggle) refers to gpio.o(.text.GPIOSetValue) for GPIOSetValue
    app_led.o(.text.LED_Toggle) refers to app_led.o(.bss.LED_Toggle.toggle) for [Anonymous Symbol]
    app_led.o(.ARM.exidx.text.LED_Toggle) refers to app_led.o(.text.LED_Toggle) for [Anonymous Symbol]
    app_led.o(.text.LED_On) refers to gpio.o(.text.GPIOSetValue) for GPIOSetValue
    app_led.o(.ARM.exidx.text.LED_On) refers to app_led.o(.text.LED_On) for [Anonymous Symbol]
    app_led.o(.text.LED_Off) refers to gpio.o(.text.GPIOSetValue) for GPIOSetValue
    app_led.o(.ARM.exidx.text.LED_Off) refers to app_led.o(.text.LED_Off) for [Anonymous Symbol]
    app_led.o(.text.Led_Process) refers to app_led.o(.text.LED_On) for LED_On
    app_led.o(.text.Led_Process) refers to app_led.o(.text.LED_Off) for LED_Off
    app_led.o(.text.Led_Process) refers to app_led.o(.text.DeQ) for DeQ
    app_led.o(.text.Led_Process) refers to rt_memcpy.o(.text) for __aeabi_memcpy
    app_led.o(.text.Led_Process) refers to app_led.o(.bss..L_MergedGlobals) for [Anonymous Symbol]
    app_led.o(.ARM.exidx.text.Led_Process) refers to app_led.o(.text.Led_Process) for [Anonymous Symbol]
    app_led.o(.text.Led_Task) refers to app_led.o(.text.Led_Process) for Led_Process
    app_led.o(.text.Led_Task) refers to app_led.o(.bss.BlinkQ) for BlinkQ
    app_led.o(.ARM.exidx.text.Led_Task) refers to app_led.o(.text.Led_Task) for [Anonymous Symbol]
    app_led.o(.text.Led_Init) refers to app_led.o(.text.EnQ) for EnQ
    app_led.o(.text.Led_Init) refers to app_led.o(.bss.BlinkQ) for BlinkQ
    app_led.o(.text.Led_Init) refers to cal_const.o(.rodata.blink_PwnOnOff) for blink_PwnOnOff
    app_led.o(.ARM.exidx.text.Led_Init) refers to app_led.o(.text.Led_Init) for [Anonymous Symbol]
    app_led.o(.text.PowerUpInit_LED) refers to app_led.o(.text.LED_On) for LED_On
    app_led.o(.text.PowerUpInit_LED) refers to timer16.o(.text.Delay_Ms) for Delay_Ms
    app_led.o(.text.PowerUpInit_LED) refers to app_led.o(.text.LED_Off) for LED_Off
    app_led.o(.ARM.exidx.text.PowerUpInit_LED) refers to app_led.o(.text.PowerUpInit_LED) for [Anonymous Symbol]
    app_rotary.o(.text.Init_Encoder) refers to gpio.o(.text.GPIOGetValue) for GPIOGetValue
    app_rotary.o(.text.Init_Encoder) refers to app_rotary.o(.bss..L_MergedGlobals) for [Anonymous Symbol]
    app_rotary.o(.ARM.exidx.text.Init_Encoder) refers to app_rotary.o(.text.Init_Encoder) for [Anonymous Symbol]
[...]
    ../clib/signal.c                         0x00000000   Number         0  defsig_other.o ABSOLUTE
    ../clib/signal.c                         0x00000000   Number         0  defsig_segv_inner.o ABSOLUTE
    ../clib/signal.c                         0x00000000   Number         0  defsig_pvfn_inner.o ABSOLUTE
    ../clib/signal.c                         0x00000000   Number         0  defsig_stak_inner.o ABSOLUTE
    ../clib/signal.c                         0x00000000   Number         0  defsig_rtmem_formal.o ABSOLUTE
    ../clib/signal.c                         0x00000000   Number         0  defsig_fpe_outer.o ABSOLUTE
    ../clib/signal.c                         0x00000000   Number         0  defsig_rtmem_inner.o ABSOLUTE
    ../clib/signal.c                         0x00000000   Number         0  defsig_rtred_inner.o ABSOLUTE
    ../clib/signal.c                         0x00000000   Number         0  defsig_abrt_inner.o ABSOLUTE
    ../clib/signal.c                         0x00000000   Number         0  defsig_fpe_formal.o ABSOLUTE
    ../clib/signal.c                         0x00000000   Number         0  defsig_general.o ABSOLUTE
    ../clib/signal.c                         0x00000000   Number         0  defsig_fpe_inner.o ABSOLUTE
    ../clib/signal.c                         0x00000000   Number         0  defsig_exit.o ABSOLUTE
    ../clib/signal.c                         0x00000000   Number         0  __raise.o ABSOLUTE
    ../clib/signal.s                         0x00000000   Number         0  defsig.o ABSOLUTE
    ../clib/stdlib.c                         0x00000000   Number         0  exit.o ABSOLUTE
    ../clib/string.c                         0x00000000   Number         0  strlen.o ABSOLUTE
    ../fplib/cfplib/fpinit.c                 0x00000000   Number         0  fpinit.o ABSOLUTE
    ..\source\Driver\startup_LPC11xx.s       0x00000000   Number         0  startup_lpc11xx.o ABSOLUTE
    APP_Si.c                                 0x00000000   Number         0  app_si.o ABSOLUTE
    App_Buttons.c                            0x00000000   Number         0  app_buttons.o ABSOLUTE
    App_Eeprom.c                             0x00000000   Number         0  app_eeprom.o ABSOLUTE
    App_I2c_Intf.c                           0x00000000   Number         0  app_i2c_intf.o ABSOLUTE
    App_Led.c                                0x00000000   Number         0  app_led.o ABSOLUTE
    App_Rotary.c                             0x00000000   Number         0  app_rotary.o ABSOLUTE
    Cal_Const.c                              0x00000000   Number         0  cal_const.o ABSOLUTE
    clkconfig.c                              0x00000000   Number         0  clkconfig.o ABSOLUTE
    dc.s                                     0x00000000   Number         0  dc.o ABSOLUTE
    gpio.c                                   0x00000000   Number         0  gpio.o ABSOLUTE
    i2c.c                                    0x00000000   Number         0  i2c.o ABSOLUTE
    main.c                                   0x00000000   Number         0  main.o ABSOLUTE
    retarget.c                               0x00000000   Number         0  retarget.o ABSOLUTE
    system_LPC11xx.c                         0x00000000   Number         0  system_lpc11xx.o ABSOLUTE
    timer16.c                                0x00000000   Number         0  timer16.o ABSOLUTE
    uart.c                                   0x00000000   Number         0  uart.o ABSOLUTE
    !!!main                                  0x000000c0   Section        8  __main.o(!!!main)
    !!!scatter                               0x000000c8   Section       60  __scatter.o(!!!scatter)
    !!handler_copy                           0x00000104   Section       26  __scatter_copy.o(!!handler_copy)
    !!handler_zi                             0x00000120   Section       28  __scatter_zi.o(!!handler_zi)
    .ARM.Collect$$_printf_percent$$00000000  0x0000013c   Section        2  _printf_percent.o(.ARM.Collect$$_printf_percent$$00000000)
    .ARM.Collect$$_printf_percent$$00000009  0x0000013e   Section       10  _printf_d.o(.ARM.Collect$$_printf_percent$$00000009)
    .ARM.Collect$$_printf_percent$$00000017  0x00000148   Section        4  _printf_percent_end.o(.ARM.Collect$$_printf_percent$$00000017)
    .ARM.Collect$$libinit$$00000000          0x0000014c   Section        2  libinit.o(.ARM.Collect$$libinit$$00000000)
    .ARM.Collect$$libinit$$00000002          0x0000014e   Section        0  libinit2.o(.ARM.Collect$$libinit$$00000002)
    .ARM.Collect$$libinit$$00000004          0x0000014e   Section        0  libinit2.o(.ARM.Collect$$libinit$$00000004)
    .ARM.Collect$$libinit$$0000000A          0x0000014e   Section        0  libinit2.o(.ARM.Collect$$libinit$$0000000A)
    .ARM.Collect$$libinit$$0000000C          0x0000014e   Section        0  libinit2.o(.ARM.Collect$$libinit$$0000000C)
    .ARM.Collect$$libinit$$0000000E          0x0000014e   Section        0  libinit2.o(.ARM.Collect$$libinit$$0000000E)
    .ARM.Collect$$libinit$$00000011          0x0000014e   Section        0  libinit2.o(.ARM.Collect$$libinit$$00000011)
    .ARM.Collect$$libinit$$00000013          0x0000014e   Section        0  libinit2.o(.ARM.Collect$$libinit$$00000013)
    .ARM.Collect$$libinit$$00000015          0x0000014e   Section        0  libinit2.o(.ARM.Collect$$libinit$$00000015)
    .ARM.Collect$$libinit$$00000017          0x0000014e   Section        0  libinit2.o(.ARM.Collect$$libinit$$00000017)
    .ARM.Collect$$libinit$$00000019          0x0000014e   Section        0  libinit2.o(.ARM.Collect$$libinit$$00000019)
    .ARM.Collect$$libinit$$0000001B          0x0000014e   Section        0  libinit2.o(.ARM.Collect$$libinit$$0000001B)
    .ARM.Collect$$libinit$$0000001D          0x0000014e   Section        0  libinit2.o(.ARM.Collect$$libinit$$0000001D)
    .ARM.Collect$$libinit$$0000001F          0x0000014e   Section        0  libinit2.o(.ARM.Collect$$libinit$$0000001F)
    .ARM.Collect$$libinit$$00000021          0x0000014e   Section        0  libinit2.o(.ARM.Collect$$libinit$$00000021)
    .ARM.Collect$$libinit$$00000023          0x0000014e   Section        0  libinit2.o(.ARM.Collect$$libinit$$00000023)
    .ARM.Collect$$libinit$$00000025          0x0000014e   Section        0  libinit2.o(.ARM.Collect$$libinit$$00000025)
    .ARM.Collect$$libinit$$0000002C          0x0000014e   Section        0  libinit2.o(.ARM.Collect$$libinit$$0000002C)
    .ARM.Collect$$libinit$$0000002E          0x0000014e   Section        0  libinit2.o(.ARM.Collect$$libinit$$0000002E)
    .ARM.Collect$$libinit$$00000030          0x0000014e   Section        0  libinit2.o(.ARM.Collect$$libinit$$00000030)
    .ARM.Collect$$libinit$$00000032          0x0000014e   Section        0  libinit2.o(.ARM.Collect$$libinit$$00000032)
    .ARM.Collect$$libinit$$00000033          0x0000014e   Section        2  libinit2.o(.ARM.Collect$$libinit$$00000033)
    .ARM.Collect$$libshutdown$$00000000      0x00000150   Section        2  libshutdown.o(.ARM.Collect$$libshutdown$$00000000)
    .ARM.Collect$$libshutdown$$00000002      0x00000152   Section        0  libshutdown2.o(.ARM.Collect$$libshutdown$$00000002)
    .ARM.Collect$$libshutdown$$00000004      0x00000152   Section        0  libshutdown2.o(.ARM.Collect$$libshutdown$$00000004)
    .ARM.Collect$$libshutdown$$00000007      0x00000152   Section        0  libshutdown2.o(.ARM.Collect$$libshutdown$$00000007)
    .ARM.Collect$$libshutdown$$0000000A      0x00000152   Section        0  libshutdown2.o(.ARM.Collect$$libshutdown$$0000000A)
    .ARM.Collect$$libshutdown$$0000000C      0x00000152   Section        0  libshutdown2.o(.ARM.Collect$$libshutdown$$0000000C)
    .ARM.Collect$$libshutdown$$0000000F      0x00000152   Section        0  libshutdown2.o(.ARM.Collect$$libshutdown$$0000000F)
    .ARM.Collect$$libshutdown$$00000010      0x00000152   Section        2  libshutdown2.o(.ARM.Collect$$libshutdown$$00000010)
    .ARM.Collect$$rtentry$$00000000          0x00000154   Section        0  __rtentry.o(.ARM.Collect$$rtentry$$00000000)
    .ARM.Collect$$rtentry$$00000002          0x00000154   Section        0  __rtentry2.o(.ARM.Collect$$rtentry$$00000002)
    .ARM.Collect$$rtentry$$00000004          0x00000154   Section        6  __rtentry4.o(.ARM.Collect$$rtentry$$00000004)
    .ARM.Collect$$rtentry$$00000009          0x0000015a   Section        0  __rtentry2.o(.ARM.Collect$$rtentry$$00000009)
    .ARM.Collect$$rtentry$$0000000A          0x0000015a   Section        4  __rtentry2.o(.ARM.Collect$$rtentry$$0000000A)
    .ARM.Collect$$rtentry$$0000000C          0x0000015e   Section        0  __rtentry2.o(.ARM.Collect$$rtentry$$0000000C)
    .ARM.Collect$$rtentry$$0000000D          0x0000015e   Section        8  __rtentry2.o(.ARM.Collect$$rtentry$$0000000D)
    .ARM.Collect$$rtexit$$00000000           0x00000166   Section        2  rtexit.o(.ARM.Collect$$rtexit$$00000000)
    .ARM.Collect$$rtexit$$00000002           0x00000168   Section        0  rtexit2.o(.ARM.Collect$$rtexit$$00000002)
    .ARM.Collect$$rtexit$$00000003           0x00000168   Section        4  rtexit2.o(.ARM.Collect$$rtexit$$00000003)
    .ARM.Collect$$rtexit$$00000004           0x0000016c   Section        6  rtexit2.o(.ARM.Collect$$rtexit$$00000004)
    .emb_text                                0x00000174   Section       56  rt_memcpy.o(.emb_text)
    .text                                    0x000001ac   Section       52  startup_lpc11xx.o(.text)
    .text                                    0x000001e0   Section        0  noretval__2sprintf.o(.text)
    .text                                    0x00000208   Section        0  __printf.o(.text)
    .text                                    0x00000274   Section        0  _printf_dec.o(.text)
    .text                                    0x000002e0   Section        0  heapauxi.o(.text)
    .text                                    0x000002e6   Section        0  _sputc.o(.text)
    .text                                    0x000002f0   Section        8  libspace.o(.text)
    .text                                    0x000002f8   Section        2  use_no_semi.o(.text)
    .text                                    0x000002fa   Section        0  indicate_semi.o(.text)
    .ARM.__at_0x02FC                         0x000002fc   Section        4  startup_lpc11xx.o(.ARM.__at_0x02FC)
    .text                                    0x00000300   Section        0  strlen.o(.text)
    .text                                    0x00000344   Section        0  rt_memcpy.o(.text)
    .text                                    0x000003c6   Section        0  rt_memclr.o(.text)
    .text                                    0x00000406   Section      346  aeabi_sdiv.o(.text)
    .text                                    0x00000560   Section        0  _printf_intcommon.o(.text)
    .text                                    0x00000610   Section        0  _printf_char_common.o(.text)
    _printf_input_char                       0x00000611   Thumb Code    10  _printf_char_common.o(.text)
    .text                                    0x00000640   Section        0  rtudiv10.o(.text)
    .text                                    0x00000668   Section       62  sys_stackheap_outer.o(.text)
    .text                                    0x000006a6   Section        0  exit.o(.text)
    .text                                    0x000006b8   Section        0  sys_exit.o(.text)
    [Anonymous Symbol]                       0x000006c4   Section        0  app_si.o(.text.Amp_Mute)
    [Anonymous Symbol]                       0x000006e0   Section        0  app_eeprom.o(.text.CRC16_CCITT)
    __arm_cp.6_0                             0x00000718   Number         4  app_eeprom.o(.text.CRC16_CCITT)
    [Anonymous Symbol]                       0x0000071c   Section        0  app_eeprom.o(.text.Change_Mode_EE)
    __arm_cp.3_0                             0x00000724   Number         4  app_eeprom.o(.text.Change_Mode_EE)
    [Anonymous Symbol]                       0x00000728   Section        0  gpio.o(.text.Configure_WakeUp_GPIO)
    __arm_cp.13_0                            0x0000078c   Number         4  gpio.o(.text.Configure_WakeUp_GPIO)
    __arm_cp.13_1                            0x00000790   Number         4  gpio.o(.text.Configure_WakeUp_GPIO)
    __arm_cp.13_2                            0x00000794   Number         4  gpio.o(.text.Configure_WakeUp_GPIO)
    __arm_cp.13_3                            0x00000798   Number         4  gpio.o(.text.Configure_WakeUp_GPIO)
    __arm_cp.13_4                            0x0000079c   Number         4  gpio.o(.text.Configure_WakeUp_GPIO)
    [Anonymous Symbol]                       0x000007a0   Section        0  app_led.o(.text.DeQ)
    [Anonymous Symbol]                       0x000007e0   Section        0  app_rotary.o(.text.Decode_Encoder)
    __arm_cp.2_0                             0x000008bc   Number         4  app_rotary.o(.text.Decode_Encoder)
    [Anonymous Symbol]                       0x000008c0   Section        0  timer16.o(.text.Delay_Ms)
    __arm_cp.0_1                             0x000008e4   Number         4  timer16.o(.text.Delay_Ms)
    [Anonymous Symbol]                       0x000008e8   Section        0  timer16.o(.text.Disable_Timer16)
    [Anonymous Symbol]                       0x000008f8   Section        0  app_eeprom.o(.text.EE_Read)
    [Anonymous Symbol]                       0x00000994   Section        0  app_eeprom.o(.text.EE_Write)
    __arm_cp.5_0                             0x00000a18   Number         4  app_eeprom.o(.text.EE_Write)
    [Anonymous Symbol]                       0x00000a1c   Section        0  app_led.o(.text.EnQ)
    [Anonymous Symbol]                       0x00000a54   Section        0  timer16.o(.text.Enable_Timer16)
    __arm_cp.3_0                             0x00000a64   Number         4  timer16.o(.text.Enable_Timer16)
    __arm_cp.3_1                             0x00000a68   Number         4  timer16.o(.text.Enable_Timer16)
    [Anonymous Symbol]                       0x00000a6c   Section        0  app_si.o(.text.Enter_Sleep)
    __arm_cp.22_0                            0x00000ab8   Number         4  app_si.o(.text.Enter_Sleep)
    __arm_cp.22_1                            0x00000abc   Number         4  app_si.o(.text.Enter_Sleep)
    [Anonymous Symbol]                       0x00000ac0   Section        0  app_si.o(.text.Execute_Commands)
    __arm_cp.24_0                            0x00000b9c   Number         4  app_si.o(.text.Execute_Commands)
    [Anonymous Symbol]                       0x00000bc4   Section        0  app_rotary.o(.text.Fast_Periodic_Encoder)
    __arm_cp.1_0                             0x00000d58   Number         4  app_rotary.o(.text.Fast_Periodic_Encoder)
    [Anonymous Symbol]                       0x00000d5c   Section        0  gpio.o(.text.GPIOGetValue)
    [Anonymous Symbol]                       0x00000db0   Section        0  gpio.o(.text.GPIOInit)
    __arm_cp.6_0                             0x00000ec0   Number         4  gpio.o(.text.GPIOInit)
    __arm_cp.6_1                             0x00000ec4   Number         4  gpio.o(.text.GPIOInit)
    __arm_cp.6_2                             0x00000ec8   Number         4  gpio.o(.text.GPIOInit)
    __arm_cp.6_3                             0x00000ecc   Number         4  gpio.o(.text.GPIOInit)
    [Anonymous Symbol]                       0x00000ed0   Section        0  gpio.o(.text.GPIOIntDisable)
    __arm_cp.12_0                            0x00000efc   Number         4  gpio.o(.text.GPIOIntDisable)
    __arm_cp.12_1                            0x00000f00   Number         4  gpio.o(.text.GPIOIntDisable)
    __arm_cp.12_2                            0x00000f04   Number         4  gpio.o(.text.GPIOIntDisable)
    __arm_cp.12_3                            0x00000f08   Number         4  gpio.o(.text.GPIOIntDisable)
    [Anonymous Symbol]                       0x00000f0c   Section        0  gpio.o(.text.GPIOSetDir)
    __arm_cp.7_0                             0x00000f64   Number         4  gpio.o(.text.GPIOSetDir)
    __arm_cp.7_1                             0x00000f68   Number         4  gpio.o(.text.GPIOSetDir)
    __arm_cp.7_2                             0x00000f6c   Number         4  gpio.o(.text.GPIOSetDir)
    __arm_cp.7_3                             0x00000f70   Number         4  gpio.o(.text.GPIOSetDir)
    [Anonymous Symbol]                       0x00000f74   Section        0  gpio.o(.text.GPIOSetValue)
    __arm_cp.8_0                             0x00000fcc   Number         4  gpio.o(.text.GPIOSetValue)
    __arm_cp.8_1                             0x00000fd0   Number         4  gpio.o(.text.GPIOSetValue)
    __arm_cp.8_2                             0x00000fd4   Number         4  gpio.o(.text.GPIOSetValue)
    __arm_cp.8_3                             0x00000fd8   Number         4  gpio.o(.text.GPIOSetValue)
    [Anonymous Symbol]                       0x00000fdc   Section        0  app_si.o(.text.Get_RDS_Info)
    __arm_cp.16_0                            0x0000101c   Number         4  app_si.o(.text.Get_RDS_Info)
    __arm_cp.16_1                            0x00001020   Number         4  app_si.o(.text.Get_RDS_Info)
    __arm_cp.16_3                            0x00001030   Number         4  app_si.o(.text.Get_RDS_Info)
    [Anonymous Symbol]                       0x00001040   Section        0  main.o(.text.Init_App)
    [Anonymous Symbol]                       0x00001064   Section        0  app_buttons.o(.text.Init_Buttons)
    __arm_cp.0_0                             0x000010a4   Number         4  app_buttons.o(.text.Init_Buttons)
    [Anonymous Symbol]                       0x000010a8   Section        0  app_rotary.o(.text.Init_Encoder)
    __arm_cp.0_0                             0x0000116c   Number         4  app_rotary.o(.text.Init_Encoder)
    [Anonymous Symbol]                       0x00001170   Section        0  main.o(.text.Init_HWIO)
    __arm_cp.0_0                             0x000011ac   Number         4  main.o(.text.Init_HWIO)
    [Anonymous Symbol]                       0x000011b0   Section        0  i2c.o(.text.Init_I2C)
    __arm_cp.0_0                             0x000011f8   Number         4  i2c.o(.text.Init_I2C)
    __arm_cp.0_1                             0x000011fc   Number         4  i2c.o(.text.Init_I2C)
    [Anonymous Symbol]                       0x00001200   Section        0  app_si.o(.text.Init_Radio)
    [Anonymous Symbol]                       0x00001210   Section        0  app_si.o(.text.Init_Si)
    __arm_cp.0_0                             0x00001270   Number         4  app_si.o(.text.Init_Si)
    __arm_cp.0_1                             0x00001274   Number         4  app_si.o(.text.Init_Si)
    __arm_cp.0_2                             0x00001278   Number         4  app_si.o(.text.Init_Si)
    [Anonymous Symbol]                       0x0000127c   Section        0  timer16.o(.text.Init_Timer16)
    __arm_cp.6_0                             0x000012b8   Number         4  timer16.o(.text.Init_Timer16)
    __arm_cp.6_1                             0x000012bc   Number         4  timer16.o(.text.Init_Timer16)
    __arm_cp.6_2                             0x000012c0   Number         4  timer16.o(.text.Init_Timer16)
    __arm_cp.6_3                             0x000012c4   Number         4  timer16.o(.text.Init_Timer16)
    [Anonymous Symbol]                       0x000012c8   Section        0  app_led.o(.text.LED_Off)
    [Anonymous Symbol]                       0x000012e2   Section        0  app_led.o(.text.LED_On)
    [Anonymous Symbol]                       0x000012fc   Section        0  app_led.o(.text.LED_Toggle)
    __arm_cp.5_0                             0x00001314   Number         4  app_led.o(.text.LED_Toggle)
    [Anonymous Symbol]                       0x00001318   Section        0  app_led.o(.text.Led_Init)
    __arm_cp.10_1                            0x00001338   Number         4  app_led.o(.text.Led_Init)
    [Anonymous Symbol]                       0x0000133c   Section        0  app_led.o(.text.Led_Process)
    __arm_cp.8_0                             0x000013c8   Number         4  app_led.o(.text.Led_Process)
    [Anonymous Symbol]                       0x000013cc   Section        0  app_led.o(.text.Led_Task)
    __arm_cp.9_0                             0x000013d8   Number         4  app_led.o(.text.Led_Task)
    [Anonymous Symbol]                       0x000013dc   Section        0  system_lpc11xx.o(.text.Main_PLL_Setup)
    __arm_cp.0_0                             0x00001434   Number         4  system_lpc11xx.o(.text.Main_PLL_Setup)
    __arm_cp.0_1                             0x00001438   Number         4  system_lpc11xx.o(.text.Main_PLL_Setup)
    __arm_cp.0_2                             0x0000143c   Number         4  system_lpc11xx.o(.text.Main_PLL_Setup)
    __arm_cp.0_3                             0x00001440   Number         4  system_lpc11xx.o(.text.Main_PLL_Setup)
    __arm_cp.0_4                             0x00001444   Number         4  system_lpc11xx.o(.text.Main_PLL_Setup)
    [Anonymous Symbol]                       0x00001448   Section        0  gpio.o(.text.PIOINT0_IRQHandler)
    __arm_cp.0_0                             0x0000146c   Number         4  gpio.o(.text.PIOINT0_IRQHandler)
    [Anonymous Symbol]                       0x00001470   Section        0  gpio.o(.text.PIOINT1_IRQHandler)
    __arm_cp.3_0                             0x00001484   Number         4  gpio.o(.text.PIOINT1_IRQHandler)
    [Anonymous Symbol]                       0x00001488   Section        0  gpio.o(.text.PIOINT2_IRQHandler)
    __arm_cp.4_0                             0x0000149c   Number         4  gpio.o(.text.PIOINT2_IRQHandler)
    [Anonymous Symbol]                       0x000014a0   Section        0  gpio.o(.text.PIOINT3_IRQHandler)
    __arm_cp.5_0                             0x000014b4   Number         4  gpio.o(.text.PIOINT3_IRQHandler)
    [Anonymous Symbol]                       0x000014b8   Section        0  app_led.o(.text.PowerUpInit_LED)
    [Anonymous Symbol]                       0x000014e0   Section        0  app_si.o(.text.Power_Radio)
    __arm_cp.1_1                             0x00001534   Number         4  app_si.o(.text.Power_Radio)
    __arm_cp.1_2                             0x00001538   Number         4  app_si.o(.text.Power_Radio)
    __arm_cp.1_3                             0x0000153c   Number         4  app_si.o(.text.Power_Radio)
    __arm_cp.1_4                             0x00001540   Number         4  app_si.o(.text.Power_Radio)
    [Anonymous Symbol]                       0x00001544   Section        0  app_si.o(.text.PreInit_Radio)
    __arm_cp.2_0                             0x00001568   Number         4  app_si.o(.text.PreInit_Radio)
    __arm_cp.2_1                             0x0000156c   Number         4  app_si.o(.text.PreInit_Radio)
    [Anonymous Symbol]                       0x00001570   Section        0  app_si.o(.text.Process_App_Si)
    __arm_cp.21_0                            0x000016e8   Number         4  app_si.o(.text.Process_App_Si)
    __arm_cp.21_1                            0x000016ec   Number         4  app_si.o(.text.Process_App_Si)
    __arm_cp.21_3                            0x00001704   Number         4  app_si.o(.text.Process_App_Si)
    __arm_cp.21_4                            0x00001708   Number         4  app_si.o(.text.Process_App_Si)
    __arm_cp.21_5                            0x0000170c   Number         4  app_si.o(.text.Process_App_Si)
    [Anonymous Symbol]                       0x00001728   Section        0  app_si.o(.text.Process_Commands)
    __arm_cp.23_0                            0x00001758   Number         4  app_si.o(.text.Process_Commands)
    __arm_cp.23_1                            0x0000175c   Number         4  app_si.o(.text.Process_Commands)
    __arm_cp.23_2                            0x00001760   Number         4  app_si.o(.text.Process_Commands)
    [Anonymous Symbol]                       0x00001764   Section        0  app_eeprom.o(.text.Process_Eeprom)
    __arm_cp.0_0                             0x000017c4   Number         4  app_eeprom.o(.text.Process_Eeprom)
    [Anonymous Symbol]                       0x000017c8   Section        0  app_si.o(.text.RDS_Process)
    [Anonymous Symbol]                       0x000018bc   Section        0  app_si.o(.text.Radio_Enc_Pwr_Button)
    __arm_cp.15_0                            0x000018dc   Number         4  app_si.o(.text.Radio_Enc_Pwr_Button)
    [Anonymous Symbol]                       0x000018e0   Section        0  app_si.o(.text.Radio_Enc_Tune_Button)
    __arm_cp.14_0                            0x00001998   Number         4  app_si.o(.text.Radio_Enc_Tune_Button)
    __arm_cp.14_1                            0x0000199c   Number         4  app_si.o(.text.Radio_Enc_Tune_Button)
    __arm_cp.14_2                            0x000019a0   Number         4  app_si.o(.text.Radio_Enc_Tune_Button)
    __arm_cp.14_4                            0x000019b8   Number         4  app_si.o(.text.Radio_Enc_Tune_Button)
    __arm_cp.14_5                            0x000019bc   Number         4  app_si.o(.text.Radio_Enc_Tune_Button)
    __arm_cp.14_7                            0x000019d0   Number         4  app_si.o(.text.Radio_Enc_Tune_Button)
    __arm_cp.14_9                            0x000019e4   Number         4  app_si.o(.text.Radio_Enc_Tune_Button)
    [Anonymous Symbol]                       0x000019e8   Section        0  app_si.o(.text.Radio_Enc_Tune_Operation)
    __arm_cp.10_1                            0x00001a9c   Number         4  app_si.o(.text.Radio_Enc_Tune_Operation)
    __arm_cp.10_3                            0x00001aa0   Number         4  app_si.o(.text.Radio_Enc_Tune_Operation)
    __arm_cp.10_4                            0x00001aa4   Number         4  app_si.o(.text.Radio_Enc_Tune_Operation)
    __arm_cp.10_5                            0x00001aa8   Number         4  app_si.o(.text.Radio_Enc_Tune_Operation)
    [Anonymous Symbol]                       0x00001aac   Section        0  app_si.o(.text.Radio_Enc_Volume_Operation)
    __arm_cp.12_0                            0x00001b10   Number         4  app_si.o(.text.Radio_Enc_Volume_Operation)
    __arm_cp.12_1                            0x00001b14   Number         4  app_si.o(.text.Radio_Enc_Volume_Operation)
    __arm_cp.12_2                            0x00001b18   Number         4  app_si.o(.text.Radio_Enc_Volume_Operation)
    __arm_cp.12_3                            0x00001b1c   Number         4  app_si.o(.text.Radio_Enc_Volume_Operation)
    [Anonymous Symbol]                       0x00001b20   Section        0  app_i2c_intf.o(.text.Read_Si_I2C)
    [Anonymous Symbol]                       0x00001ba4   Section        0  app_si.o(.text.Read_si4703)
    __arm_cp.4_0                             0x00001c78   Number         4  app_si.o(.text.Read_si4703)
    [Anonymous Symbol]                       0x00001c7c   Section        0  app_buttons.o(.text.Scan_Buttons)
    __arm_cp.1_0                             0x00001d3c   Number         4  app_buttons.o(.text.Scan_Buttons)
    __arm_cp.1_1                             0x00001d40   Number         4  app_buttons.o(.text.Scan_Buttons)
    [Anonymous Symbol]                       0x00001d44   Section        0  i2c.o(.text.Send_I2C)
    __arm_cp.3_0                             0x00001d64   Number         4  i2c.o(.text.Send_I2C)
    [Anonymous Symbol]                       0x00001d68   Section        0  app_si.o(.text.Set_Fm_Tune_Freq)
    __arm_cp.8_0                             0x00001df8   Number         4  app_si.o(.text.Set_Fm_Tune_Freq)
    __arm_cp.8_1                             0x00001dfc   Number         4  app_si.o(.text.Set_Fm_Tune_Freq)
    __arm_cp.8_2                             0x00001e00   Number         4  app_si.o(.text.Set_Fm_Tune_Freq)
    __arm_cp.8_4                             0x00001e04   Number         4  app_si.o(.text.Set_Fm_Tune_Freq)
    [Anonymous Symbol]                       0x00001e08   Section        0  app_si.o(.text.Set_GPIO2)
    __arm_cp.19_1                            0x00001e2c   Number         4  app_si.o(.text.Set_GPIO2)
    [Anonymous Symbol]                       0x00001e30   Section        0  app_si.o(.text.Set_Vol)
    __arm_cp.6_0                             0x00001e4c   Number         4  app_si.o(.text.Set_Vol)
    __arm_cp.6_1                             0x00001e50   Number         4  app_si.o(.text.Set_Vol)
    [Anonymous Symbol]                       0x00001e54   Section        0  app_rotary.o(.text.Slow_Periodic_Encoder)
    __arm_cp.3_0                             0x00001ee4   Number         4  app_rotary.o(.text.Slow_Periodic_Encoder)
    [Anonymous Symbol]                       0x00001ee8   Section        0  i2c.o(.text.Start_I2C)
    [Anonymous Symbol]                       0x00001f08   Section        0  i2c.o(.text.Stop_I2C)
    [Anonymous Symbol]                       0x00001f24   Section        0  system_lpc11xx.o(.text.SystemInit)
    __arm_cp.1_0                             0x00001f48   Number         4  system_lpc11xx.o(.text.SystemInit)
    __arm_cp.1_1                             0x00001f4c   Number         4  system_lpc11xx.o(.text.SystemInit)
    [Anonymous Symbol]                       0x00001f50   Section        0  app_si.o(.text.System_WakeUp)
    __arm_cp.25_1                            0x00001f94   Number         4  app_si.o(.text.System_WakeUp)
    [Anonymous Symbol]                       0x00001f98   Section        0  timer16.o(.text.TIMER16_0_IRQHandler)
    __arm_cp.1_0                             0x00002010   Number         4  timer16.o(.text.TIMER16_0_IRQHandler)
    __arm_cp.1_1                             0x00002014   Number         4  timer16.o(.text.TIMER16_0_IRQHandler)
    [Anonymous Symbol]                       0x00002018   Section        0  timer16.o(.text.TIMER16_1_IRQHandler)
    __arm_cp.2_0                             0x00002028   Number         4  timer16.o(.text.TIMER16_1_IRQHandler)
    __arm_cp.2_1                             0x0000202c   Number         4  timer16.o(.text.TIMER16_1_IRQHandler)
    [Anonymous Symbol]                       0x00002030   Section        0  uart.o(.text.UARTInit)
    __arm_cp.1_1                             0x000020b4   Number         4  uart.o(.text.UARTInit)
    __arm_cp.1_2                             0x000020b8   Number         4  uart.o(.text.UARTInit)
    __arm_cp.1_3                             0x000020bc   Number         4  uart.o(.text.UARTInit)
    __arm_cp.1_5                             0x000020c0   Number         4  uart.o(.text.UARTInit)
    [Anonymous Symbol]                       0x000020c4   Section        0  uart.o(.text.UARTSend)
    [Anonymous Symbol]                       0x000020e0   Section        0  uart.o(.text.UART_IRQHandler)
    __arm_cp.0_0                             0x000021a4   Number         4  uart.o(.text.UART_IRQHandler)
    __arm_cp.0_1                             0x000021a8   Number         4  uart.o(.text.UART_IRQHandler)
    [Anonymous Symbol]                       0x000021ac   Section        0  app_si.o(.text.UART_Printf)
    [Anonymous Symbol]                       0x000021c0   Section        0  app_eeprom.o(.text.Validate_EE_Read_Data)
    __arm_cp.2_1                             0x00002294   Number         4  app_eeprom.o(.text.Validate_EE_Read_Data)
    __arm_cp.2_2                             0x00002298   Number         4  app_eeprom.o(.text.Validate_EE_Read_Data)
    __arm_cp.2_3                             0x0000229c   Number         4  app_eeprom.o(.text.Validate_EE_Read_Data)
    __arm_cp.2_5                             0x000022a0   Number         4  app_eeprom.o(.text.Validate_EE_Read_Data)
    [Anonymous Symbol]                       0x000022a4   Section        0  app_eeprom.o(.text.Validate_EE_Write_Data)
    __arm_cp.4_0                             0x000022e0   Number         4  app_eeprom.o(.text.Validate_EE_Write_Data)
    __arm_cp.4_1                             0x000022e4   Number         4  app_eeprom.o(.text.Validate_EE_Write_Data)
    __arm_cp.4_2                             0x000022e8   Number         4  app_eeprom.o(.text.Validate_EE_Write_Data)
    __arm_cp.4_3                             0x000022ec   Number         4  app_eeprom.o(.text.Validate_EE_Write_Data)
    [Anonymous Symbol]                       0x000022f0   Section        0  app_si.o(.text.Validate_FM_Data)
    __arm_cp.20_0                            0x00002340   Number         4  app_si.o(.text.Validate_FM_Data)
    __arm_cp.20_2                            0x00002344   Number         4  app_si.o(.text.Validate_FM_Data)
    __arm_cp.20_3                            0x00002348   Number         4  app_si.o(.text.Validate_FM_Data)
    [Anonymous Symbol]                       0x0000234c   Section        0  app_i2c_intf.o(.text.Write_Si_I2C)
    __arm_cp.0_0                             0x0000239c   Number         4  app_i2c_intf.o(.text.Write_Si_I2C)
    __arm_cp.0_1                             0x000023a0   Number         4  app_i2c_intf.o(.text.Write_Si_I2C)
    [Anonymous Symbol]                       0x000023a4   Section        0  app_si.o(.text.Write_si4703)
    Write_si4703                             0x000023a5   Thumb Code    92  app_si.o(.text.Write_si4703)
    __arm_cp.5_0                             0x000023fc   Number         4  app_si.o(.text.Write_si4703)
    [Anonymous Symbol]                       0x00002400   Section        0  main.o(.text.main)
    __arm_cp.2_0                             0x00002490   Number         4  main.o(.text.main)
    __arm_cp.2_1                             0x00002494   Number         4  main.o(.text.main)
    __arm_cp.2_2                             0x00002498   Number         4  main.o(.text.main)
    __arm_cp.2_3                             0x0000249c   Number         4  main.o(.text.main)
    [Anonymous Symbol]                       0x000024b6   Section        0  app_si.o(.rodata.str1.1)
    .L.str.2                                 0x000024b6   Data           9  app_si.o(.rodata.str1.1)
    .L.str                                   0x000024bf   Data          17  app_si.o(.rodata.str1.1)
    .L.str.1                                 0x000024d0   Data          16  app_si.o(.rodata.str1.1)
    [Anonymous Symbol]                       0x10000000   Section        0  app_eeprom.o(.data..L_MergedGlobals)
    [Anonymous Symbol]                       0x1000005c   Section        0  system_lpc11xx.o(.data..L_MergedGlobals)
    [Anonymous Symbol]                       0x10000068   Section        0  uart.o(.data..L_MergedGlobals)
    .bss                                     0x10000080   Section       96  libspace.o(.bss)
    [Anonymous Symbol]                       0x100000e0   Section        0  app_buttons.o(.bss..L_MergedGlobals)
    [Anonymous Symbol]                       0x100000f0   Section        0  app_led.o(.bss..L_MergedGlobals)
    [Anonymous Symbol]                       0x10000100   Section        0  app_rotary.o(.bss..L_MergedGlobals)
    Current_Encoder_A                        0x10000100   Data           2  app_rotary.o(.bss..L_MergedGlobals)
    Prior_Encoder_A                          0x10000102   Data           2  app_rotary.o(.bss..L_MergedGlobals)
    Current_Encoder_B                        0x10000104   Data           2  app_rotary.o(.bss..L_MergedGlobals)
    Prior_Encoder_B                          0x10000106   Data           2  app_rotary.o(.bss..L_MergedGlobals)
    Edge_Faster                              0x10000108   Data           2  app_rotary.o(.bss..L_MergedGlobals)
    Edge_Timer                               0x1000010a   Data           2  app_rotary.o(.bss..L_MergedGlobals)
    Prior_Encoder_State                      0x1000010c   Data           2  app_rotary.o(.bss..L_MergedGlobals)
    Encoder_State                            0x1000010e   Data           2  app_rotary.o(.bss..L_MergedGlobals)
    Encoder_Debounce_Timer_A                 0x10000110   Data           2  app_rotary.o(.bss..L_MergedGlobals)
    Encoder_Debounce_Timer_B                 0x10000112   Data           2  app_rotary.o(.bss..L_MergedGlobals)
    Encoder_Missed_Edge                      0x10000114   Data           2  app_rotary.o(.bss..L_MergedGlobals)
    Encoder_Count                            0x10000116   Data           2  app_rotary.o(.bss..L_MergedGlobals)
    Debounced_Signal_A_Changed               0x10000118   Data           2  app_rotary.o(.bss..L_MergedGlobals)
    Debounced_Signal_B_Changed               0x1000011a   Data           2  app_rotary.o(.bss..L_MergedGlobals)
    [Anonymous Symbol]                       0x10000120   Section        0  app_si.o(.bss..L_MergedGlobals)
    [Anonymous Symbol]                       0x10000190   Section        0  timer16.o(.bss..L_MergedGlobals)
    [Anonymous Symbol]                       0x100001b0   Section        0  app_si.o(.bss..L_MergedGlobals.14)
    [Anonymous Symbol]                       0x10000200   Section        0  app_si.o(.bss..L_MergedGlobals.15)
    [Anonymous Symbol]                       0x10000270   Section        0  app_si.o(.bss..L_MergedGlobals.16)
    Is_Vol_Changed                           0x10000270   Data           1  app_si.o(.bss..L_MergedGlobals.16)
    Process_App_Si.disp_st_timer             0x10000271   Data           1  app_si.o(.bss..L_MergedGlobals.16)
    Process_App_Si.prev_fm_stereo            0x10000272   Data           1  app_si.o(.bss..L_MergedGlobals.16)
    Process_App_Si.Scan_Cnt                  0x10000273   Data           1  app_si.o(.bss..L_MergedGlobals.16)
    RDS_Process.temp_rdsdata                 0x10000274   Data           9  app_si.o(.bss..L_MergedGlobals.16)
    RDS_Process.temp_rdstext                 0x1000027d   Data          65  app_si.o(.bss..L_MergedGlobals.16)
    [Anonymous Symbol]                       0x100002fe   Section        0  app_led.o(.bss.LED_Toggle.toggle)
    LED_Toggle.toggle                        0x100002fe   Data           1  app_led.o(.bss.LED_Toggle.toggle)
    HEAP                                     0x10000308   Section        0  startup_lpc11xx.o(HEAP)
    STACK                                    0x10000308   Section      512  startup_lpc11xx.o(STACK)
    Heap_Mem                                 0x10000308   Data           0  startup_lpc11xx.o(HEAP)
    Stack_Mem                                0x10000308   Data         512  startup_lpc11xx.o(STACK)
    __initial_sp                             0x10000508   Data           0  startup_lpc11xx.o(STACK)

    Global Symbols

    Symbol Name                              Value     Ov Type        Size  Object(Section)

    BuildAttributes$$THM_ISAv3M$S$PE$A:L22$X:L11$S22$IEEE1$IW$~IW$USESV6$~STKCKD$USESV7$~SHL$OSPACE$ROPI$EBA8$UX$STANDARDLIB$REQ8$PRES8$EABIv2 0x00000000   Number         0  anon$$obj.o ABSOLUTE
    __Vectors                                0x00000000   Data           4  startup_lpc11xx.o(RESET)
    __ARM_exceptions_init                     - Undefined Weak Reference
    __alloca_initialize                       - Undefined Weak Reference
    __arm_preinit_                            - Undefined Weak Reference
    __cpp_initialize__aeabi_                  - Undefined Weak Reference
    __cxa_finalize                            - Undefined Weak Reference
    __rt_locale                               - Undefined Weak Reference
    __sigvec_lookup                           - Undefined Weak Reference
    _atexit_init                              - Undefined Weak Reference
    _call_atexit_fns                          - Undefined Weak Reference
    _clock_init                               - Undefined Weak Reference
    _fp_trap_init                             - Undefined Weak Reference
    _fp_trap_shutdown                         - Undefined Weak Reference
    _get_lc_collate                           - Undefined Weak Reference
    _get_lc_ctype                             - Undefined Weak Reference
    _get_lc_monetary                          - Undefined Weak Reference
    _get_lc_numeric                           - Undefined Weak Reference
    _get_lc_time                              - Undefined Weak Reference
    _getenv_init                              - Undefined Weak Reference
    _handle_redirection                       - Undefined Weak Reference
    _init_alloc                               - Undefined Weak Reference
    _init_user_alloc                          - Undefined Weak Reference
    _initio                                   - Undefined Weak Reference
    _printf_post_padding                      - Undefined Weak Reference
    _printf_pre_padding                       - Undefined Weak Reference
    _printf_truncate_signed                   - Undefined Weak Reference
    _printf_truncate_unsigned                 - Undefined Weak Reference
    _rand_init                                - Undefined Weak Reference
    _signal_finish                            - Undefined Weak Reference
    _signal_init                              - Undefined Weak Reference
    _terminate_alloc                          - Undefined Weak Reference
    _terminate_user_alloc                     - Undefined Weak Reference
    _terminateio                              - Undefined Weak Reference
    __main                                   0x000000c1   Thumb Code     8  __main.o(!!!main)
    __scatterload                            0x000000c9   Thumb Code     0  __scatter.o(!!!scatter)
    __scatterload_rt2                        0x000000c9   Thumb Code    52  __scatter.o(!!!scatter)
    __scatterload_rt2_thumb_only             0x000000c9   Thumb Code     0  __scatter.o(!!!scatter)
    __scatterload_null                       0x000000d9   Thumb Code     0  __scatter.o(!!!scatter)
    __scatterload_copy                       0x00000105   Thumb Code    26  __scatter_copy.o(!!handler_copy)
    __scatterload_zeroinit                   0x00000121   Thumb Code    28  __scatter_zi.o(!!handler_zi)
    _printf_percent                          0x0000013d   Thumb Code     0  _printf_percent.o(.ARM.Collect$$_printf_percent$$00000000)
    _printf_d                                0x0000013f   Thumb Code     0  _printf_d.o(.ARM.Collect$$_printf_percent$$00000009)
    _printf_percent_end                      0x00000149   Thumb Code     0  _printf_percent_end.o(.ARM.Collect$$_printf_percent$$00000017)
    __rt_lib_init                            0x0000014d   Thumb Code     0  libinit.o(.ARM.Collect$$libinit$$00000000)
    __rt_lib_init_alloca_1                   0x0000014f   Thumb Code     0  libinit2.o(.ARM.Collect$$libinit$$0000002E)
    __rt_lib_init_argv_1                     0x0000014f   Thumb Code     0  libinit2.o(.ARM.Collect$$libinit$$0000002C)
    __rt_lib_init_atexit_1                   0x0000014f   Thumb Code     0  libinit2.o(.ARM.Collect$$libinit$$0000001B)
    __rt_lib_init_clock_1                    0x0000014f   Thumb Code     0  libinit2.o(.ARM.Collect$$libinit$$00000021)
    __rt_lib_init_cpp_1                      0x0000014f   Thumb Code     0  libinit2.o(.ARM.Collect$$libinit$$00000032)
    __rt_lib_init_exceptions_1               0x0000014f   Thumb Code     0  libinit2.o(.ARM.Collect$$libinit$$00000030)
    __rt_lib_init_fp_1                       0x0000014f   Thumb Code     0  libinit2.o(.ARM.Collect$$libinit$$00000002)
    __rt_lib_init_fp_trap_1                  0x0000014f   Thumb Code     0  libinit2.o(.ARM.Collect$$libinit$$0000001F)
    __rt_lib_init_getenv_1                   0x0000014f   Thumb Code     0  libinit2.o(.ARM.Collect$$libinit$$00000023)
    __rt_lib_init_heap_1                     0x0000014f   Thumb Code     0  libinit2.o(.ARM.Collect$$libinit$$0000000A)
    __rt_lib_init_lc_collate_1               0x0000014f   Thumb Code     0  libinit2.o(.ARM.Collect$$libinit$$00000011)
    __rt_lib_init_lc_ctype_1                 0x0000014f   Thumb Code     0  libinit2.o(.ARM.Collect$$libinit$$00000013)
    __rt_lib_init_lc_monetary_1              0x0000014f   Thumb Code     0  libinit2.o(.ARM.Collect$$libinit$$00000015)
    __rt_lib_init_lc_numeric_1               0x0000014f   Thumb Code     0  libinit2.o(.ARM.Collect$$libinit$$00000017)
    __rt_lib_init_lc_time_1                  0x0000014f   Thumb Code     0  libinit2.o(.ARM.Collect$$libinit$$00000019)
    __rt_lib_init_preinit_1                  0x0000014f   Thumb Code     0  libinit2.o(.ARM.Collect$$libinit$$00000004)
    __rt_lib_init_rand_1                     0x0000014f   Thumb Code     0  libinit2.o(.ARM.Collect$$libinit$$0000000E)
    __rt_lib_init_return                     0x0000014f   Thumb Code     0  libinit2.o(.ARM.Collect$$libinit$$00000033)
    __rt_lib_init_signal_1                   0x0000014f   Thumb Code     0  libinit2.o(.ARM.Collect$$libinit$$0000001D)
    __rt_lib_init_stdio_1                    0x0000014f   Thumb Code     0  libinit2.o(.ARM.Collect$$libinit$$00000025)
    __rt_lib_init_user_alloc_1               0x0000014f   Thumb Code     0  libinit2.o(.ARM.Collect$$libinit$$0000000C)
    __rt_lib_shutdown                        0x00000151   Thumb Code     0  libshutdown.o(.ARM.Collect$$libshutdown$$00000000)
    __rt_lib_shutdown_cpp_1                  0x00000153   Thumb Code     0  libshutdown2.o(.ARM.Collect$$libshutdown$$00000002)
    __rt_lib_shutdown_fp_trap_1              0x00000153   Thumb Code     0  libshutdown2.o(.ARM.Collect$$libshutdown$$00000007)
    __rt_lib_shutdown_heap_1                 0x00000153   Thumb Code     0  libshutdown2.o(.ARM.Collect$$libshutdown$$0000000F)
    __rt_lib_shutdown_return                 0x00000153   Thumb Code     0  libshutdown2.o(.ARM.Collect$$libshutdown$$00000010)
    __rt_lib_shutdown_signal_1               0x00000153   Thumb Code     0  libshutdown2.o(.ARM.Collect$$libshutdown$$0000000A)
    __rt_lib_shutdown_stdio_1                0x00000153   Thumb Code     0  libshutdown2.o(.ARM.Collect$$libshutdown$$00000004)
    __rt_lib_shutdown_user_alloc_1           0x00000153   Thumb Code     0  libshutdown2.o(.ARM.Collect$$libshutdown$$0000000C)
    __rt_entry                               0x00000155   Thumb Code     0  __rtentry.o(.ARM.Collect$$rtentry$$00000000)
    __rt_entry_presh_1                       0x00000155   Thumb Code     0  __rtentry2.o(.ARM.Collect$$rtentry$$00000002)
    __rt_entry_sh                            0x00000155   Thumb Code     0  __rtentry4.o(.ARM.Collect$$rtentry$$00000004)
    __rt_entry_li                            0x0000015b   Thumb Code     0  __rtentry2.o(.ARM.Collect$$rtentry$$0000000A)
    __rt_entry_postsh_1                      0x0000015b   Thumb Code     0  __rtentry2.o(.ARM.Collect$$rtentry$$00000009)
    __rt_entry_main                          0x0000015f   Thumb Code     0  __rtentry2.o(.ARM.Collect$$rtentry$$0000000D)
    __rt_entry_postli_1                      0x0000015f   Thumb Code     0  __rtentry2.o(.ARM.Collect$$rtentry$$0000000C)
    __rt_exit                                0x00000167   Thumb Code     0  rtexit.o(.ARM.Collect$$rtexit$$00000000)
    __rt_exit_ls                             0x00000169   Thumb Code     0  rtexit2.o(.ARM.Collect$$rtexit$$00000003)
    __rt_exit_prels_1                        0x00000169   Thumb Code     0  rtexit2.o(.ARM.Collect$$rtexit$$00000002)
    __rt_exit_exit                           0x0000016d   Thumb Code     0  rtexit2.o(.ARM.Collect$$rtexit$$00000004)
    __aeabi_memcpy4                          0x00000175   Thumb Code    56  rt_memcpy.o(.emb_text)
    __aeabi_memcpy8                          0x00000175   Thumb Code     0  rt_memcpy.o(.emb_text)
    Reset_Handler                            0x000001ad   Thumb Code     4  startup_lpc11xx.o(.text)
    NMI_Handler                              0x000001b1   Thumb Code     2  startup_lpc11xx.o(.text)
    HardFault_Handler                        0x000001b3   Thumb Code     2  startup_lpc11xx.o(.text)
    MemManage_Handler                        0x000001b5   Thumb Code     2  startup_lpc11xx.o(.text)
    BusFault_Handler                         0x000001b7   Thumb Code     2  startup_lpc11xx.o(.text)
    UsageFault_Handler                       0x000001b9   Thumb Code     2  startup_lpc11xx.o(.text)
    SVC_Handler                              0x000001bb   Thumb Code     2  startup_lpc11xx.o(.text)
    DebugMon_Handler                         0x000001bd   Thumb Code     2  startup_lpc11xx.o(.text)
    PendSV_Handler                           0x000001bf   Thumb Code     2  startup_lpc11xx.o(.text)
    SysTick_Handler                          0x000001c1   Thumb Code     2  startup_lpc11xx.o(.text)
    ADC_IRQHandler                           0x000001c3   Thumb Code     0  startup_lpc11xx.o(.text)
    BOD_IRQHandler                           0x000001c3   Thumb Code     0  startup_lpc11xx.o(.text)
    CAN_IRQHandler                           0x000001c3   Thumb Code     0  startup_lpc11xx.o(.text)
    FMC_IRQHandler                           0x000001c3   Thumb Code     0  startup_lpc11xx.o(.text)
    I2C_IRQHandler                           0x000001c3   Thumb Code     0  startup_lpc11xx.o(.text)
    SSP0_IRQHandler                          0x000001c3   Thumb Code     0  startup_lpc11xx.o(.text)
    SSP1_IRQHandler                          0x000001c3   Thumb Code     0  startup_lpc11xx.o(.text)
    TIMER32_0_IRQHandler                     0x000001c3   Thumb Code     0  startup_lpc11xx.o(.text)
    TIMER32_1_IRQHandler                     0x000001c3   Thumb Code     0  startup_lpc11xx.o(.text)
    USB_FIQHandler                           0x000001c3   Thumb Code     0  startup_lpc11xx.o(.text)
    USB_IRQHandler                           0x000001c3   Thumb Code     0  startup_lpc11xx.o(.text)
    WAKEUP_IRQHandler                        0x000001c3   Thumb Code     0  startup_lpc11xx.o(.text)
    WDT_IRQHandler                           0x000001c3   Thumb Code     0  startup_lpc11xx.o(.text)
    __user_initial_stackheap                 0x000001c5   Thumb Code     0  startup_lpc11xx.o(.text)
    __2sprintf                               0x000001e1   Thumb Code    36  noretval__2sprintf.o(.text)
    __printf                                 0x00000209   Thumb Code   108  __printf.o(.text)
    _printf_int_dec                          0x00000275   Thumb Code    90  _printf_dec.o(.text)
    __use_two_region_memory                  0x000002e1   Thumb Code     2  heapauxi.o(.text)
    __rt_heap_escrow$2region                 0x000002e3   Thumb Code     2  heapauxi.o(.text)
    __rt_heap_expand$2region                 0x000002e5   Thumb Code     2  heapauxi.o(.text)
    _sputc                                   0x000002e7   Thumb Code    10  _sputc.o(.text)
    __user_libspace                          0x000002f1   Thumb Code     8  libspace.o(.text)
    __user_perproc_libspace                  0x000002f1   Thumb Code     0  libspace.o(.text)
    __user_perthread_libspace                0x000002f1   Thumb Code     0  libspace.o(.text)
    __I$use$semihosting                      0x000002f9   Thumb Code     0  use_no_semi.o(.text)
    __use_no_semihosting_swi                 0x000002f9   Thumb Code     2  use_no_semi.o(.text)
    __semihosting_library_function           0x000002fb   Thumb Code     0  indicate_semi.o(.text)
    strlen                                   0x00000301   Thumb Code    62  strlen.o(.text)
    __aeabi_memcpy                           0x00000345   Thumb Code   130  rt_memcpy.o(.text)
    __rt_memcpy                              0x00000345   Thumb Code     0  rt_memcpy.o(.text)
    _memset_w                                0x000003c7   Thumb Code    26  rt_memclr.o(.text)
    _memset                                  0x000003e1   Thumb Code    30  rt_memclr.o(.text)
    __aeabi_memclr                           0x000003ff   Thumb Code     4  rt_memclr.o(.text)
    __rt_memclr                              0x000003ff   Thumb Code     0  rt_memclr.o(.text)
    __aeabi_memclr4                          0x00000403   Thumb Code     0  rt_memclr.o(.text)
    __aeabi_memclr8                          0x00000403   Thumb Code     0  rt_memclr.o(.text)
    __rt_memclr_w                            0x00000403   Thumb Code     4  rt_memclr.o(.text)
    __aeabi_uidiv                            0x00000407   Thumb Code     0  aeabi_sdiv.o(.text)
    __aeabi_uidivmod                         0x00000407   Thumb Code    20  aeabi_sdiv.o(.text)
    __aeabi_idiv                             0x0000041b   Thumb Code     0  aeabi_sdiv.o(.text)
    __aeabi_idivmod                          0x0000041b   Thumb Code   326  aeabi_sdiv.o(.text)
    _printf_int_common                       0x00000561   Thumb Code   176  _printf_intcommon.o(.text)
    _printf_char_common                      0x0000061b   Thumb Code    32  _printf_char_common.o(.text)
    __rt_udiv10                              0x00000641   Thumb Code    40  rtudiv10.o(.text)
    __user_setup_stackheap                   0x00000669   Thumb Code    62  sys_stackheap_outer.o(.text)
    exit                                     0x000006a7   Thumb Code    16  exit.o(.text)
    _sys_exit                                0x000006b9   Thumb Code     8  sys_exit.o(.text)
    Amp_Mute                                 0x000006c5   Thumb Code    26  app_si.o(.text.Amp_Mute)
    CRC16_CCITT                              0x000006e1   Thumb Code    60  app_eeprom.o(.text.CRC16_CCITT)
    Change_Mode_EE                           0x0000071d   Thumb Code    12  app_eeprom.o(.text.Change_Mode_EE)
    Configure_WakeUp_GPIO                    0x00000729   Thumb Code   120  gpio.o(.text.Configure_WakeUp_GPIO)
    DeQ                                      0x000007a1   Thumb Code    62  app_led.o(.text.DeQ)
    Decode_Encoder                           0x000007e1   Thumb Code   224  app_rotary.o(.text.Decode_Encoder)
    Delay_Ms                                 0x000008c1   Thumb Code    44  timer16.o(.text.Delay_Ms)
    Disable_Timer16                          0x000008e9   Thumb Code    24  timer16.o(.text.Disable_Timer16)
    EE_Read                                  0x000008f9   Thumb Code   156  app_eeprom.o(.text.EE_Read)
    EE_Write                                 0x00000995   Thumb Code   136  app_eeprom.o(.text.EE_Write)
    EnQ                                      0x00000a1d   Thumb Code    54  app_led.o(.text.EnQ)
    Enable_Timer16                           0x00000a55   Thumb Code    24  timer16.o(.text.Enable_Timer16)
    Enter_Sleep                              0x00000a6d   Thumb Code    84  app_si.o(.text.Enter_Sleep)
    Execute_Commands                         0x00000ac1   Thumb Code   260  app_si.o(.text.Execute_Commands)
    Fast_Periodic_Encoder                    0x00000bc5   Thumb Code   408  app_rotary.o(.text.Fast_Periodic_Encoder)
    GPIOGetValue                             0x00000d5d   Thumb Code   100  gpio.o(.text.GPIOGetValue)
    GPIOInit                                 0x00000db1   Thumb Code   288  gpio.o(.text.GPIOInit)
    GPIOIntDisable                           0x00000ed1   Thumb Code    60  gpio.o(.text.GPIOIntDisable)
    GPIOSetDir                               0x00000f0d   Thumb Code   104  gpio.o(.text.GPIOSetDir)
    GPIOSetValue                             0x00000f75   Thumb Code   104  gpio.o(.text.GPIOSetValue)
    Get_RDS_Info                             0x00000fdd   Thumb Code   100  app_si.o(.text.Get_RDS_Info)
    Init_App                                 0x00001041   Thumb Code    34  main.o(.text.Init_App)
    Init_Buttons                             0x00001065   Thumb Code    68  app_buttons.o(.text.Init_Buttons)
    Init_Encoder                             0x000010a9   Thumb Code   200  app_rotary.o(.text.Init_Encoder)
    Init_HWIO                                0x00001171   Thumb Code    64  main.o(.text.Init_HWIO)
    Init_I2C                                 0x000011b1   Thumb Code    80  i2c.o(.text.Init_I2C)
    Init_Radio                               0x00001201   Thumb Code    20  app_si.o(.text.Init_Radio)
    Init_Si                                  0x00001211   Thumb Code   112  app_si.o(.text.Init_Si)
    Init_Timer16                             0x0000127d   Thumb Code    76  timer16.o(.text.Init_Timer16)
    LED_Off                                  0x000012c9   Thumb Code    26  app_led.o(.text.LED_Off)
    LED_On                                   0x000012e3   Thumb Code    26  app_led.o(.text.LED_On)
    LED_Toggle                               0x000012fd   Thumb Code    28  app_led.o(.text.LED_Toggle)
    Led_Init                                 0x00001319   Thumb Code    40  app_led.o(.text.Led_Init)
    Led_Process                              0x0000133d   Thumb Code   144  app_led.o(.text.Led_Process)
    Led_Task                                 0x000013cd   Thumb Code    16  app_led.o(.text.Led_Task)
    Main_PLL_Setup                           0x000013dd   Thumb Code   108  system_lpc11xx.o(.text.Main_PLL_Setup)
    PIOINT0_IRQHandler                       0x00001449   Thumb Code    40  gpio.o(.text.PIOINT0_IRQHandler)
    PIOINT1_IRQHandler                       0x00001471   Thumb Code    24  gpio.o(.text.PIOINT1_IRQHandler)
    PIOINT2_IRQHandler                       0x00001489   Thumb Code    24  gpio.o(.text.PIOINT2_IRQHandler)
    PIOINT3_IRQHandler                       0x000014a1   Thumb Code    24  gpio.o(.text.PIOINT3_IRQHandler)
    PowerUpInit_LED                          0x000014b9   Thumb Code    38  app_led.o(.text.PowerUpInit_LED)
    Power_Radio                              0x000014e1   Thumb Code   104  app_si.o(.text.Power_Radio)
    PreInit_Radio                            0x00001545   Thumb Code    44  app_si.o(.text.PreInit_Radio)
    Process_App_Si                           0x00001571   Thumb Code   440  app_si.o(.text.Process_App_Si)
    Process_Commands                         0x00001729   Thumb Code    60  app_si.o(.text.Process_Commands)
    Process_Eeprom                           0x00001765   Thumb Code   100  app_eeprom.o(.text.Process_Eeprom)
    RDS_Process                              0x000017c9   Thumb Code   252  app_si.o(.text.RDS_Process)
    Radio_Enc_Pwr_Button                     0x000018bd   Thumb Code    36  app_si.o(.text.Radio_Enc_Pwr_Button)
    Radio_Enc_Tune_Button                    0x000018e1   Thumb Code   264  app_si.o(.text.Radio_Enc_Tune_Button)
    Radio_Enc_Tune_Operation                 0x000019e9   Thumb Code   204  app_si.o(.text.Radio_Enc_Tune_Operation)
    Radio_Enc_Volume_Operation               0x00001aad   Thumb Code   116  app_si.o(.text.Radio_Enc_Volume_Operation)
    Read_Si_I2C                              0x00001b21   Thumb Code   130  app_i2c_intf.o(.text.Read_Si_I2C)
    Read_si4703                              0x00001ba5   Thumb Code   216  app_si.o(.text.Read_si4703)
    Scan_Buttons                             0x00001c7d   Thumb Code   200  app_buttons.o(.text.Scan_Buttons)
    Send_I2C                                 0x00001d45   Thumb Code    36  i2c.o(.text.Send_I2C)
    Set_Fm_Tune_Freq                         0x00001d69   Thumb Code   164  app_si.o(.text.Set_Fm_Tune_Freq)
    Set_GPIO2                                0x00001e09   Thumb Code    44  app_si.o(.text.Set_GPIO2)
    Set_Vol                                  0x00001e31   Thumb Code    36  app_si.o(.text.Set_Vol)
    Slow_Periodic_Encoder                    0x00001e55   Thumb Code   148  app_rotary.o(.text.Slow_Periodic_Encoder)
    Start_I2C                                0x00001ee9   Thumb Code    32  i2c.o(.text.Start_I2C)
    Stop_I2C                                 0x00001f09   Thumb Code    26  i2c.o(.text.Stop_I2C)
    SystemInit                               0x00001f25   Thumb Code    44  system_lpc11xx.o(.text.SystemInit)
    System_WakeUp                            0x00001f51   Thumb Code    76  app_si.o(.text.System_WakeUp)
    TIMER16_0_IRQHandler                     0x00001f99   Thumb Code   128  timer16.o(.text.TIMER16_0_IRQHandler)
    TIMER16_1_IRQHandler                     0x00002019   Thumb Code    24  timer16.o(.text.TIMER16_1_IRQHandler)
    UARTInit                                 0x00002031   Thumb Code   156  uart.o(.text.UARTInit)
    UARTSend                                 0x000020c5   Thumb Code    32  uart.o(.text.UARTSend)
    UART_IRQHandler                          0x000020e1   Thumb Code   204  uart.o(.text.UART_IRQHandler)
    UART_Printf                              0x000021ad   Thumb Code    18  app_si.o(.text.UART_Printf)
    Validate_EE_Read_Data                    0x000021c1   Thumb Code   236  app_eeprom.o(.text.Validate_EE_Read_Data)
    Validate_EE_Write_Data                   0x000022a5   Thumb Code    76  app_eeprom.o(.text.Validate_EE_Write_Data)
    Validate_FM_Data                         0x000022f1   Thumb Code    96  app_si.o(.text.Validate_FM_Data)
    Write_Si_I2C                             0x0000234d   Thumb Code    88  app_i2c_intf.o(.text.Write_Si_I2C)
    main                                     0x00002401   Thumb Code   160  main.o(.text.main)
    K_Break_Timeout                          0x000024a0   Data           4  cal_const.o(.rodata.K_Break_Timeout)
    blink_ModeChange                         0x000024a4   Data           6  cal_const.o(.rodata.blink_ModeChange)
    blink_PwnOnOff                           0x000024aa   Data           6  cal_const.o(.rodata.blink_PwnOnOff)
    blink_Store                              0x000024b0   Data           6  cal_const.o(.rodata.blink_Store)
    Region$$Table$$Base                      0x000024e0   Number         0  anon$$obj.o(Region$$Table)
    Region$$Table$$Limit                     0x00002500   Number         0  anon$$obj.o(Region$$Table)
    ee_state                                 0x10000000   Data           1  app_eeprom.o(.data..L_MergedGlobals)
    crc1Good                                 0x10000001   Data           1  app_eeprom.o(.data..L_MergedGlobals)
    crc2Good                                 0x10000002   Data           1  app_eeprom.o(.data..L_MergedGlobals)
    calcCrc1                                 0x10000004   Data           2  app_eeprom.o(.data..L_MergedGlobals)
    storedCrc1                               0x10000006   Data           2  app_eeprom.o(.data..L_MergedGlobals)
    calcCrc2                                 0x10000008   Data           2  app_eeprom.o(.data..L_MergedGlobals)
    storedCrc2                               0x1000000a   Data           2  app_eeprom.o(.data..L_MergedGlobals)
    calcCrc                                  0x1000000c   Data           2  app_eeprom.o(.data..L_MergedGlobals)
    tempRead1                                0x1000000e   Data          26  app_eeprom.o(.data..L_MergedGlobals)
    tempRead2                                0x10000028   Data          26  app_eeprom.o(.data..L_MergedGlobals)
    tempWrite                                0x10000042   Data          26  app_eeprom.o(.data..L_MergedGlobals)
    ClockSource                              0x1000005c   Data           4  system_lpc11xx.o(.data..L_MergedGlobals)
    SystemFrequency                          0x10000060   Data           4  system_lpc11xx.o(.data..L_MergedGlobals)
    SystemAHBFrequency                       0x10000064   Data           4  system_lpc11xx.o(.data..L_MergedGlobals)
    UARTTxEmpty                              0x10000068   Data           1  uart.o(.data..L_MergedGlobals)
    UARTFlag                                 0x10000069   Data           1  uart.o(.data..L_MergedGlobals)
    UARTBuffer                               0x1000006a   Data           3  uart.o(.data..L_MergedGlobals)
    UARTData                                 0x1000006d   Data           3  uart.o(.data..L_MergedGlobals)
    UARTCount                                0x10000070   Data           4  uart.o(.data..L_MergedGlobals)
    UARTStatus                               0x10000074   Data           4  uart.o(.data..L_MergedGlobals)
    __libspace_start                         0x10000080   Data          96  libspace.o(.bss)
    __temporary_stack_top$libspace           0x100000e0   Data           0  libspace.o(.bss)
    btn_pin                                  0x100000e0   Data           2  app_buttons.o(.bss..L_MergedGlobals)
    prev_btn_pin                             0x100000e2   Data           2  app_buttons.o(.bss..L_MergedGlobals)
    btn_state                                0x100000e4   Data           2  app_buttons.o(.bss..L_MergedGlobals)
    btn_break_timer                          0x100000e8   Data           8  app_buttons.o(.bss..L_MergedGlobals)
    FifoBusy                                 0x100000f0   Data           1  app_led.o(.bss..L_MergedGlobals)
    Repeat_Blink                             0x100000f2   Data           2  app_led.o(.bss..L_MergedGlobals)
    LedOffCnt                                0x100000f4   Data           2  app_led.o(.bss..L_MergedGlobals)
    LedOnCnt                                 0x100000f6   Data           2  app_led.o(.bss..L_MergedGlobals)
    Led_Req                                  0x100000f8   Data           6  app_led.o(.bss..L_MergedGlobals)
    Is_Manual_Tune                           0x10000120   Data           1  app_si.o(.bss..L_MergedGlobals)
    power_state                              0x10000121   Data           1  app_si.o(.bss..L_MergedGlobals)
    radio_state                              0x10000122   Data           1  app_si.o(.bss..L_MergedGlobals)
    preset_mode                              0x10000123   Data           1  app_si.o(.bss..L_MergedGlobals)
    preset_index                             0x10000124   Data           1  app_si.o(.bss..L_MergedGlobals)
    si_vol                                   0x10000125   Data           1  app_si.o(.bss..L_MergedGlobals)
    fm_stereo                                0x10000126   Data           1  app_si.o(.bss..L_MergedGlobals)
    rds_mode                                 0x10000127   Data           1  app_si.o(.bss..L_MergedGlobals)
    App_Si_EE_Check_Pending                  0x10000128   Data           1  app_si.o(.bss..L_MergedGlobals)
    first_time_power_up                      0x10000129   Data           1  app_si.o(.bss..L_MergedGlobals)
    K_Radio_Index_Read                       0x1000012a   Data           2  app_si.o(.bss..L_MergedGlobals)
    K_Radio_Index_Write                      0x1000012c   Data           2  app_si.o(.bss..L_MergedGlobals)
    K_Radio_Vol_Read                         0x1000012e   Data           2  app_si.o(.bss..L_MergedGlobals)
    K_Radio_Vol_Write                        0x10000130   Data           2  app_si.o(.bss..L_MergedGlobals)
    fm_freq                                  0x10000132   Data           2  app_si.o(.bss..L_MergedGlobals)
    reset_Index_Timer                        0x10000134   Data           2  app_si.o(.bss..L_MergedGlobals)
    reset_Vol_Timer                          0x10000136   Data           2  app_si.o(.bss..L_MergedGlobals)
    prev_fm_freq                             0x10000138   Data           2  app_si.o(.bss..L_MergedGlobals)
    rdsName                                  0x1000013a   Data           9  app_si.o(.bss..L_MergedGlobals)
    K_Radio_Data_Read                        0x10000144   Data          20  app_si.o(.bss..L_MergedGlobals)
    K_Radio_Data_Write                       0x10000158   Data          20  app_si.o(.bss..L_MergedGlobals)
    si4703_read_reg                          0x1000016c   Data          32  app_si.o(.bss..L_MergedGlobals)
    timer16_1ms_flag                         0x10000190   Data           1  timer16.o(.bss..L_MergedGlobals)
    timer16_10ms_flag                        0x10000191   Data           1  timer16.o(.bss..L_MergedGlobals)
    timer16_100ms_flag                       0x10000192   Data           1  timer16.o(.bss..L_MergedGlobals)
    timer16_1s_flag                          0x10000193   Data           1  timer16.o(.bss..L_MergedGlobals)
    timer16_0_counter                        0x10000194   Data           4  timer16.o(.bss..L_MergedGlobals)
    timer16_10ms_cnt                         0x10000198   Data           4  timer16.o(.bss..L_MergedGlobals)
    timer16_100ms_cnt                        0x1000019c   Data           4  timer16.o(.bss..L_MergedGlobals)
    timer16_1s_cnt                           0x100001a0   Data           4  timer16.o(.bss..L_MergedGlobals)
    rdsText                                  0x100001b0   Data          65  app_si.o(.bss..L_MergedGlobals.14)
    printBuffer                              0x10000200   Data         100  app_si.o(.bss..L_MergedGlobals.15)
    BlinkQ                                   0x100002be   Data          64  app_led.o(.bss.BlinkQ)
    timer16_1_counter                        0x10000300   Data           4  timer16.o(.bss.timer16_1_counter)



==============================================================================

Memory Map of the image

  Image Entry point : 0x000001ad

  Load Region LR_1 (Base: 0x00000000, Size: 0x00002578, Max: 0xffffffff, ABSOLUTE)

    Execution Region ER_RO (Exec base: 0x00000000, Load base: 0x00000000, Size: 0x00002500, Max: 0xffffffff, ABSOLUTE)

    Exec Addr    Load Addr    Size         Type   Attr      Idx    E Section Name        Object

    0x00000000   0x00000000   0x000000c0   Data   RO          230    RESET               startup_lpc11xx.o
    0x000000c0   0x000000c0   0x00000008   Code   RO          420  * !!!main             c_p.l(__main.o)
    0x000000c8   0x000000c8   0x0000003c   Code   RO          606    !!!scatter          c_p.l(__scatter.o)
    0x00000104   0x00000104   0x0000001a   Code   RO          608    !!handler_copy      c_p.l(__scatter_copy.o)
    0x0000011e   0x0000011e   0x00000002   PAD
    0x00000120   0x00000120   0x0000001c   Code   RO          610    !!handler_zi        c_p.l(__scatter_zi.o)
    0x0000013c   0x0000013c   0x00000002   Code   RO          405    .ARM.Collect$$_printf_percent$$00000000  c_p.l(_printf_percent.o)
    0x0000013e   0x0000013e   0x0000000a   Code   RO          404    .ARM.Collect$$_printf_percent$$00000009  c_p.l(_printf_d.o)
    0x00000148   0x00000148   0x00000004   Code   RO          433    .ARM.Collect$$_printf_percent$$00000017  c_p.l(_printf_percent_end.o)
    0x0000014c   0x0000014c   0x00000002   Code   RO          469    .ARM.Collect$$libinit$$00000000  c_p.l(libinit.o)
    0x0000014e   0x0000014e   0x00000000   Code   RO          483    .ARM.Collect$$libinit$$00000002  c_p.l(libinit2.o)
    0x0000014e   0x0000014e   0x00000000   Code   RO          485    .ARM.Collect$$libinit$$00000004  c_p.l(libinit2.o)
    0x0000014e   0x0000014e   0x00000000   Code   RO          488    .ARM.Collect$$libinit$$0000000A  c_p.l(libinit2.o)
    0x0000014e   0x0000014e   0x00000000   Code   RO          490    .ARM.Collect$$libinit$$0000000C  c_p.l(libinit2.o)
    0x0000014e   0x0000014e   0x00000000   Code   RO          492    .ARM.Collect$$libinit$$0000000E  c_p.l(libinit2.o)
    0x0000014e   0x0000014e   0x00000000   Code   RO          495    .ARM.Collect$$libinit$$00000011  c_p.l(libinit2.o)
    0x0000014e   0x0000014e   0x00000000   Code   RO          497    .ARM.Collect$$libinit$$00000013  c_p.l(libinit2.o)
    0x0000014e   0x0000014e   0x00000000   Code   RO          499    .ARM.Collect$$libinit$$00000015  c_p.l(libinit2.o)
    0x0000014e   0x0000014e   0x00000000   Code   RO          501    .ARM.Collect$$libinit$$00000017  c_p.l(libinit2.o)
    0x0000014e   0x0000014e   0x00000000   Code   RO          503    .ARM.Collect$$libinit$$00000019  c_p.l(libinit2.o)
    0x0000014e   0x0000014e   0x00000000   Code   RO          505    .ARM.Collect$$libinit$$0000001B  c_p.l(libinit2.o)
    0x0000014e   0x0000014e   0x00000000   Code   RO          507    .ARM.Collect$$libinit$$0000001D  c_p.l(libinit2.o)
    0x0000014e   0x0000014e   0x00000000   Code   RO          509    .ARM.Collect$$libinit$$0000001F  c_p.l(libinit2.o)
    0x0000014e   0x0000014e   0x00000000   Code   RO          511    .ARM.Collect$$libinit$$00000021  c_p.l(libinit2.o)
    0x0000014e   0x0000014e   0x00000000   Code   RO          513    .ARM.Collect$$libinit$$00000023  c_p.l(libinit2.o)
    0x0000014e   0x0000014e   0x00000000   Code   RO          515    .ARM.Collect$$libinit$$00000025  c_p.l(libinit2.o)
    0x0000014e   0x0000014e   0x00000000   Code   RO          519    .ARM.Collect$$libinit$$0000002C  c_p.l(libinit2.o)
    0x0000014e   0x0000014e   0x00000000   Code   RO          521    .ARM.Collect$$libinit$$0000002E  c_p.l(libinit2.o)
    0x0000014e   0x0000014e   0x00000000   Code   RO          523    .ARM.Collect$$libinit$$00000030  c_p.l(libinit2.o)
    0x0000014e   0x0000014e   0x00000000   Code   RO          525    .ARM.Collect$$libinit$$00000032  c_p.l(libinit2.o)
    0x0000014e   0x0000014e   0x00000002   Code   RO          526    .ARM.Collect$$libinit$$00000033  c_p.l(libinit2.o)
    0x00000150   0x00000150   0x00000002   Code   RO          561    .ARM.Collect$$libshutdown$$00000000  c_p.l(libshutdown.o)
    0x00000152   0x00000152   0x00000000   Code   RO          589    .ARM.Collect$$libshutdown$$00000002  c_p.l(libshutdown2.o)
    0x00000152   0x00000152   0x00000000   Code   RO          591    .ARM.Collect$$libshutdown$$00000004  c_p.l(libshutdown2.o)
    0x00000152   0x00000152   0x00000000   Code   RO          594    .ARM.Collect$$libshutdown$$00000007  c_p.l(libshutdown2.o)
    0x00000152   0x00000152   0x00000000   Code   RO          597    .ARM.Collect$$libshutdown$$0000000A  c_p.l(libshutdown2.o)
    0x00000152   0x00000152   0x00000000   Code   RO          599    .ARM.Collect$$libshutdown$$0000000C  c_p.l(libshutdown2.o)
    0x00000152   0x00000152   0x00000000   Code   RO          602    .ARM.Collect$$libshutdown$$0000000F  c_p.l(libshutdown2.o)
    0x00000152   0x00000152   0x00000002   Code   RO          603    .ARM.Collect$$libshutdown$$00000010  c_p.l(libshutdown2.o)
    0x00000154   0x00000154   0x00000000   Code   RO          422    .ARM.Collect$$rtentry$$00000000  c_p.l(__rtentry.o)
    0x00000154   0x00000154   0x00000000   Code   RO          437    .ARM.Collect$$rtentry$$00000002  c_p.l(__rtentry2.o)
    0x00000154   0x00000154   0x00000006   Code   RO          449    .ARM.Collect$$rtentry$$00000004  c_p.l(__rtentry4.o)
    0x0000015a   0x0000015a   0x00000000   Code   RO          439    .ARM.Collect$$rtentry$$00000009  c_p.l(__rtentry2.o)
    0x0000015a   0x0000015a   0x00000004   Code   RO          440    .ARM.Collect$$rtentry$$0000000A  c_p.l(__rtentry2.o)
    0x0000015e   0x0000015e   0x00000000   Code   RO          442    .ARM.Collect$$rtentry$$0000000C  c_p.l(__rtentry2.o)
    0x0000015e   0x0000015e   0x00000008   Code   RO          443    .ARM.Collect$$rtentry$$0000000D  c_p.l(__rtentry2.o)
    0x00000166   0x00000166   0x00000002   Code   RO          474    .ARM.Collect$$rtexit$$00000000  c_p.l(rtexit.o)
    0x00000168   0x00000168   0x00000000   Code   RO          532    .ARM.Collect$$rtexit$$00000002  c_p.l(rtexit2.o)
    0x00000168   0x00000168   0x00000004   Code   RO          533    .ARM.Collect$$rtexit$$00000003  c_p.l(rtexit2.o)
    0x0000016c   0x0000016c   0x00000006   Code   RO          534    .ARM.Collect$$rtexit$$00000004  c_p.l(rtexit2.o)
    0x00000172   0x00000172   0x00000002   PAD
    0x00000174   0x00000174   0x00000038   Code   RO          408    .emb_text           c_p.l(rt_memcpy.o)
    0x000001ac   0x000001ac   0x00000034   Code   RO          232  * .text               startup_lpc11xx.o
    0x000001e0   0x000001e0   0x00000028   Code   RO          378    .text               c_p.l(noretval__2sprintf.o)
    0x00000208   0x00000208   0x0000006c   Code   RO          380    .text               c_p.l(__printf.o)
    0x00000274   0x00000274   0x0000006c   Code   RO          382    .text               c_p.l(_printf_dec.o)
    0x000002e0   0x000002e0   0x00000006   Code   RO          418    .text               c_p.l(heapauxi.o)
    0x000002e6   0x000002e6   0x0000000a   Code   RO          431    .text               c_p.l(_sputc.o)
    0x000002f0   0x000002f0   0x00000008   Code   RO          470    .text               c_p.l(libspace.o)
    0x000002f8   0x000002f8   0x00000002   Code   RO          550    .text               c_p.l(use_no_semi.o)
    0x000002fa   0x000002fa   0x00000000   Code   RO          552    .text               c_p.l(indicate_semi.o)
    0x000002fa   0x000002fa   0x00000002   PAD
    0x000002fc   0x000002fc   0x00000004   Code   RO          231    .ARM.__at_0x02FC    startup_lpc11xx.o
    0x00000300   0x00000300   0x00000044   Code   RO          406    .text               c_p.l(strlen.o)
    0x00000344   0x00000344   0x00000082   Code   RO          409    .text               c_p.l(rt_memcpy.o)
    0x000003c6   0x000003c6   0x00000040   Code   RO          412    .text               c_p.l(rt_memclr.o)
    0x00000406   0x00000406   0x0000015a   Code   RO          414    .text               c_p.l(aeabi_sdiv.o)
    0x00000560   0x00000560   0x000000b0   Code   RO          427    .text               c_p.l(_printf_intcommon.o)
    0x00000610   0x00000610   0x00000030   Code   RO          429    .text               c_p.l(_printf_char_common.o)
    0x00000640   0x00000640   0x00000028   Code   RO          434    .text               c_p.l(rtudiv10.o)
    0x00000668   0x00000668   0x0000003e   Code   RO          455    .text               c_p.l(sys_stackheap_outer.o)
    0x000006a6   0x000006a6   0x00000010   Code   RO          458    .text               c_p.l(exit.o)
    0x000006b6   0x000006b6   0x00000002   PAD
    0x000006b8   0x000006b8   0x0000000c   Code   RO          527    .text               c_p.l(sys_exit.o)
    0x000006c4   0x000006c4   0x0000001a   Code   RO          143    .text.Amp_Mute      app_si.o
    0x000006de   0x000006de   0x00000002   PAD
    0x000006e0   0x000006e0   0x0000003c   Code   RO          103    .text.CRC16_CCITT   app_eeprom.o
    0x0000071c   0x0000071c   0x0000000c   Code   RO           97    .text.Change_Mode_EE  app_eeprom.o
    0x00000728   0x00000728   0x00000078   Code   RO          282    .text.Configure_WakeUp_GPIO  gpio.o
    0x000007a0   0x000007a0   0x0000003e   Code   RO           41    .text.DeQ           app_led.o
    0x000007de   0x000007de   0x00000002   PAD
    0x000007e0   0x000007e0   0x000000e0   Code   RO           75    .text.Decode_Encoder  app_rotary.o
    0x000008c0   0x000008c0   0x00000028   Code   RO          330    .text.Delay_Ms      timer16.o
    0x000008e8   0x000008e8   0x00000010   Code   RO          338    .text.Disable_Timer16  timer16.o
    0x000008f8   0x000008f8   0x0000009c   Code   RO           93    .text.EE_Read       app_eeprom.o
    0x00000994   0x00000994   0x00000088   Code   RO          101    .text.EE_Write      app_eeprom.o
    0x00000a1c   0x00000a1c   0x00000036   Code   RO           39    .text.EnQ           app_led.o
    0x00000a52   0x00000a52   0x00000002   PAD
    0x00000a54   0x00000a54   0x00000018   Code   RO          336    .text.Enable_Timer16  timer16.o
    0x00000a6c   0x00000a6c   0x00000054   Code   RO          161    .text.Enter_Sleep   app_si.o
    0x00000ac0   0x00000ac0   0x00000104   Code   RO          165    .text.Execute_Commands  app_si.o
    0x00000bc4   0x00000bc4   0x00000198   Code   RO           73    .text.Fast_Periodic_Encoder  app_rotary.o
    0x00000d5c   0x00000d5c   0x00000054   Code   RO          274    .text.GPIOGetValue  gpio.o
    0x00000db0   0x00000db0   0x00000120   Code   RO          268    .text.GPIOInit      gpio.o
    0x00000ed0   0x00000ed0   0x0000003c   Code   RO          280    .text.GPIOIntDisable  gpio.o
    0x00000f0c   0x00000f0c   0x00000068   Code   RO          270    .text.GPIOSetDir    gpio.o
    0x00000f74   0x00000f74   0x00000068   Code   RO          272    .text.GPIOSetValue  gpio.o
    0x00000fdc   0x00000fdc   0x00000064   Code   RO          149    .text.Get_RDS_Info  app_si.o
    0x00001040   0x00001040   0x00000022   Code   RO          214    .text.Init_App      main.o
    0x00001062   0x00001062   0x00000002   PAD
    0x00001064   0x00001064   0x00000044   Code   RO            2    .text.Init_Buttons  app_buttons.o
    0x000010a8   0x000010a8   0x000000c8   Code   RO           71    .text.Init_Encoder  app_rotary.o
    0x00001170   0x00001170   0x00000040   Code   RO          212    .text.Init_HWIO     main.o
    0x000011b0   0x000011b0   0x00000050   Code   RO          295    .text.Init_I2C      i2c.o
    0x00001200   0x00001200   0x00000010   Code   RO          123    .text.Init_Radio    app_si.o
    0x00001210   0x00001210   0x0000006c   Code   RO          117    .text.Init_Si       app_si.o
    0x0000127c   0x0000127c   0x0000004c   Code   RO          342    .text.Init_Timer16  timer16.o
    0x000012c8   0x000012c8   0x0000001a   Code   RO           47    .text.LED_Off       app_led.o
    0x000012e2   0x000012e2   0x0000001a   Code   RO           45    .text.LED_On        app_led.o
    0x000012fc   0x000012fc   0x0000001c   Code   RO           43    .text.LED_Toggle    app_led.o
    0x00001318   0x00001318   0x00000024   Code   RO           53    .text.Led_Init      app_led.o
    0x0000133c   0x0000133c   0x00000090   Code   RO           49    .text.Led_Process   app_led.o
    0x000013cc   0x000013cc   0x00000010   Code   RO           51    .text.Led_Task      app_led.o
    0x000013dc   0x000013dc   0x0000006c   Code   RO          314    .text.Main_PLL_Setup  system_lpc11xx.o
    0x00001448   0x00001448   0x00000028   Code   RO          256    .text.PIOINT0_IRQHandler  gpio.o
    0x00001470   0x00001470   0x00000018   Code   RO          262    .text.PIOINT1_IRQHandler  gpio.o
    0x00001488   0x00001488   0x00000018   Code   RO          264    .text.PIOINT2_IRQHandler  gpio.o
    0x000014a0   0x000014a0   0x00000018   Code   RO          266    .text.PIOINT3_IRQHandler  gpio.o
    0x000014b8   0x000014b8   0x00000026   Code   RO           55    .text.PowerUpInit_LED  app_led.o
    0x000014de   0x000014de   0x00000002   PAD
    0x000014e0   0x000014e0   0x00000064   Code   RO          119    .text.Power_Radio   app_si.o
    0x00001544   0x00001544   0x0000002c   Code   RO          121    .text.PreInit_Radio  app_si.o
    0x00001570   0x00001570   0x000001b8   Code   RO          159    .text.Process_App_Si  app_si.o
    0x00001728   0x00001728   0x0000003c   Code   RO          163    .text.Process_Commands  app_si.o
    0x00001764   0x00001764   0x00000064   Code   RO           91    .text.Process_Eeprom  app_eeprom.o
    0x000017c8   0x000017c8   0x000000f4   Code   RO          151    .text.RDS_Process   app_si.o
    0x000018bc   0x000018bc   0x00000024   Code   RO          147    .text.Radio_Enc_Pwr_Button  app_si.o
    0x000018e0   0x000018e0   0x00000108   Code   RO          145    .text.Radio_Enc_Tune_Button  app_si.o
    0x000019e8   0x000019e8   0x000000c4   Code   RO          137    .text.Radio_Enc_Tune_Operation  app_si.o
    0x00001aac   0x00001aac   0x00000074   Code   RO          141    .text.Radio_Enc_Volume_Operation  app_si.o
    0x00001b20   0x00001b20   0x00000082   Code   RO           20    .text.Read_Si_I2C   app_i2c_intf.o
    0x00001ba2   0x00001ba2   0x00000002   PAD
    0x00001ba4   0x00001ba4   0x000000d8   Code   RO          125    .text.Read_si4703   app_si.o
    0x00001c7c   0x00001c7c   0x000000c8   Code   RO            4    .text.Scan_Buttons  app_buttons.o
    0x00001d44   0x00001d44   0x00000024   Code   RO          301    .text.Send_I2C      i2c.o
    0x00001d68   0x00001d68   0x000000a0   Code   RO          133    .text.Set_Fm_Tune_Freq  app_si.o
    0x00001e08   0x00001e08   0x00000028   Code   RO          155    .text.Set_GPIO2     app_si.o
    0x00001e30   0x00001e30   0x00000024   Code   RO          129    .text.Set_Vol       app_si.o
    0x00001e54   0x00001e54   0x00000094   Code   RO           77    .text.Slow_Periodic_Encoder  app_rotary.o
    0x00001ee8   0x00001ee8   0x00000020   Code   RO          297    .text.Start_I2C     i2c.o
    0x00001f08   0x00001f08   0x0000001a   Code   RO          299    .text.Stop_I2C      i2c.o
    0x00001f22   0x00001f22   0x00000002   PAD
    0x00001f24   0x00001f24   0x0000002c   Code   RO          316    .text.SystemInit    system_lpc11xx.o
    0x00001f50   0x00001f50   0x00000048   Code   RO          167    .text.System_WakeUp  app_si.o
    0x00001f98   0x00001f98   0x00000080   Code   RO          332    .text.TIMER16_0_IRQHandler  timer16.o
    0x00002018   0x00002018   0x00000018   Code   RO          334    .text.TIMER16_1_IRQHandler  timer16.o
    0x00002030   0x00002030   0x00000094   Code   RO          359    .text.UARTInit      uart.o
    0x000020c4   0x000020c4   0x0000001c   Code   RO          361    .text.UARTSend      uart.o
    0x000020e0   0x000020e0   0x000000cc   Code   RO          357    .text.UART_IRQHandler  uart.o
    0x000021ac   0x000021ac   0x00000012   Code   RO          139    .text.UART_Printf   app_si.o
    0x000021be   0x000021be   0x00000002   PAD
    0x000021c0   0x000021c0   0x000000e4   Code   RO           95    .text.Validate_EE_Read_Data  app_eeprom.o
    0x000022a4   0x000022a4   0x0000004c   Code   RO           99    .text.Validate_EE_Write_Data  app_eeprom.o
    0x000022f0   0x000022f0   0x0000005c   Code   RO          157    .text.Validate_FM_Data  app_si.o
    0x0000234c   0x0000234c   0x00000058   Code   RO           18    .text.Write_Si_I2C  app_i2c_intf.o
    0x000023a4   0x000023a4   0x0000005c   Code   RO          127    .text.Write_si4703  app_si.o
    0x00002400   0x00002400   0x000000a0   Code   RO          216    .text.main          main.o
    0x000024a0   0x000024a0   0x00000004   Data   RO          186    .rodata.K_Break_Timeout  cal_const.o
    0x000024a4   0x000024a4   0x00000006   Data   RO          187    .rodata.blink_ModeChange  cal_const.o
    0x000024aa   0x000024aa   0x00000006   Data   RO          189    .rodata.blink_PwnOnOff  cal_const.o
    0x000024b0   0x000024b0   0x00000006   Data   RO          188    .rodata.blink_Store  cal_const.o
    0x000024b6   0x000024b6   0x0000002a   Data   RO          169    .rodata.str1.1      app_si.o
    0x000024e0   0x000024e0   0x00000020   Data   RO          604    Region$$Table       anon$$obj.o


    Execution Region ER_RW (Exec base: 0x10000000, Load base: 0x00002500, Size: 0x00000078, Max: 0xffffffff, ABSOLUTE)

    Exec Addr    Load Addr    Size         Type   Attr      Idx    E Section Name        Object

    0x10000000   0x00002500   0x0000005c   Data   RW          105    .data..L_MergedGlobals  app_eeprom.o
    0x1000005c   0x0000255c   0x0000000c   Data   RW          318    .data..L_MergedGlobals  system_lpc11xx.o
    0x10000068   0x00002568   0x00000010   Data   RW          363    .data..L_MergedGlobals  uart.o


    Execution Region ER_ZI (Exec base: 0x10000080, Load base: 0x00002578, Size: 0x00000488, Max: 0xffffffff, ABSOLUTE)

    Exec Addr    Load Addr    Size         Type   Attr      Idx    E Section Name        Object

    0x10000080        -       0x00000060   Zero   RW          471    .bss                c_p.l(libspace.o)
    0x100000e0        -       0x00000010   Zero   RW            6    .bss..L_MergedGlobals  app_buttons.o
    0x100000f0        -       0x0000000e   Zero   RW           59    .bss..L_MergedGlobals  app_led.o
    0x100000fe   0x00002578   0x00000002   PAD
    0x10000100        -       0x0000001c   Zero   RW           79    .bss..L_MergedGlobals  app_rotary.o
    0x1000011c   0x00002578   0x00000004   PAD
    0x10000120        -       0x0000006c   Zero   RW          171    .bss..L_MergedGlobals  app_si.o
    0x1000018c   0x00002578   0x00000004   PAD
    0x10000190        -       0x00000014   Zero   RW          345    .bss..L_MergedGlobals  timer16.o
    0x100001a4   0x00002578   0x0000000c   PAD
    0x100001b0        -       0x00000041   Zero   RW          172    .bss..L_MergedGlobals.14  app_si.o
    0x100001f1   0x00002578   0x0000000f   PAD
    0x10000200        -       0x00000064   Zero   RW          173    .bss..L_MergedGlobals.15  app_si.o
    0x10000264   0x00002578   0x0000000c   PAD
    0x10000270        -       0x0000004e   Zero   RW          174    .bss..L_MergedGlobals.16  app_si.o
    0x100002be        -       0x00000040   Zero   RW           58    .bss.BlinkQ         app_led.o
    0x100002fe        -       0x00000001   Zero   RW           57    .bss.LED_Toggle.toggle  app_led.o
    0x100002ff   0x00002578   0x00000001   PAD
    0x10000300        -       0x00000004   Zero   RW          344    .bss.timer16_1_counter  timer16.o
    0x10000304   0x00002578   0x00000004   PAD
    0x10000308        -       0x00000000   Zero   RW          229    HEAP                startup_lpc11xx.o
    0x10000308        -       0x00000200   Zero   RW          228    STACK               startup_lpc11xx.o


==============================================================================

Image component sizes


      Code (inc. data)   RO Data    RW Data    ZI Data      Debug   Object Name

       268         12          0          0         16       1421   app_buttons.o
       768         48          0         92          0       4136   app_eeprom.o
       218          8          0          0          0       2071   app_i2c_intf.o
       430         16          0          0         79       3563   app_led.o
       980         16          0          0         28       3472   app_rotary.o
      2820        364         42          0        351      14572   app_si.o
         0          0         22          0          0        924   cal_const.o
       872        116          0          0          0       9689   gpio.o
       174         12          0          0          0       4382   i2c.o
       258         20          0          0          0        777   main.o
        56         22        192          0        512       1032   startup_lpc11xx.o
       152         28          0         12          0       2933   system_lpc11xx.o
       308         44          0          0         24       6035   timer16.o
       380         24          0         16          0       6827   uart.o

    ----------------------------------------------------------------------
      7700        730        288        120       1064      61834   Object Totals
         0          0         32          0          0          0   (incl. Generated)
        16          0          0          0         54          0   (incl. Padding)

    ----------------------------------------------------------------------

      Code (inc. data)   RO Data    RW Data    ZI Data      Debug   Library Member Name

         8          0          0          0          0         68   __main.o
       108          0          0          0          0         76   __printf.o
         0          0          0          0          0          0   __rtentry.o
        12          0          0          0          0          0   __rtentry2.o
         6          0          0          0          0          0   __rtentry4.o
        60          8          0          0          0          0   __scatter.o
        26          0          0          0          0          0   __scatter_copy.o
        28          0          0          0          0          0   __scatter_zi.o
        48          6          0          0          0         88   _printf_char_common.o
        10          0          0          0          0          0   _printf_d.o
       108         18          0          0          0         76   _printf_dec.o
       176          0          0          0          0         84   _printf_intcommon.o
         2          0          0          0          0          0   _printf_percent.o
         4          0          0          0          0          0   _printf_percent_end.o
        10          0          0          0          0         60   _sputc.o
       346          0          0          0          0         92   aeabi_sdiv.o
        16          0          0          0          0         68   exit.o
         6          0          0          0          0        136   heapauxi.o
         0          0          0          0          0          0   indicate_semi.o
         2          0          0          0          0          0   libinit.o
         2          0          0          0          0          0   libinit2.o
         2          0          0          0          0          0   libshutdown.o
         2          0          0          0          0          0   libshutdown2.o
         8          4          0          0         96         68   libspace.o
        40          4          0          0          0         84   noretval__2sprintf.o
        64          0          0          0          0        108   rt_memclr.o
       186          0          0          0          0        144   rt_memcpy.o
         2          0          0          0          0          0   rtexit.o
        10          0          0          0          0          0   rtexit2.o
        40          0          0          0          0         60   rtudiv10.o
        68          6          0          0          0         72   strlen.o
        12          4          0          0          0         60   sys_exit.o
        62          0          0          0          0         80   sys_stackheap_outer.o
         2          0          0          0          0         68   use_no_semi.o

    ----------------------------------------------------------------------
      1484         50          0          0         96       1492   Library Totals
         8          0          0          0          0          0   (incl. Padding)

    ----------------------------------------------------------------------

      Code (inc. data)   RO Data    RW Data    ZI Data      Debug   Library Name

      1476         50          0          0         96       1492   c_p.l

    ----------------------------------------------------------------------
      1484         50          0          0         96       1492   Library Totals

    ----------------------------------------------------------------------

==============================================================================


      Code (inc. data)   RO Data    RW Data    ZI Data      Debug   

      9184        780        288        120       1160      62514   Grand Totals
      9184        780        288        120       1160      62514   ELF Image Totals
      9184        780        288        120          0          0   ROM Totals

==============================================================================

    Total RO  Size (Code + RO Data)                 9472 (   9.25kB)
    Total RW  Size (RW Data + ZI Data)              1280 (   1.25kB)
    Total ROM Size (Code + RO Data + RW Data)       9592 (   9.37kB)

==============================================================================

