<?xml version="1.0" encoding="ISO-8859-1" ?>
<link_info>
   <banner>MSP430 Linker PC v21.6.1.LTS</banner>
   <copyright>Copyright (c) 2003-2018 Texas Instruments Incorporated</copyright>
   <link_time>0x6791fa8c</link_time>
   <link_errors>0x0</link_errors>
   <output_file>FM.out</output_file>
   <entry_point>
      <name>_c_int00_noargs</name>
      <address>0xdab2</address>
   </entry_point>
   <input_file_list>
      <input_file id="fl-2">
         <path>.\</path>
         <kind>object</kind>
         <file>Fault.obj</file>
         <name>Fault.obj</name>
      </input_file>
      <input_file id="fl-3">
         <path>.\</path>
         <kind>object</kind>
         <file>buttons.obj</file>
         <name>buttons.obj</name>
      </input_file>
      <input_file id="fl-4">
         <path>.\</path>
         <kind>object</kind>
         <file>const.obj</file>
         <name>const.obj</name>
      </input_file>
      <input_file id="fl-5">
         <path>.\</path>
         <kind>object</kind>
         <file>eeprom.obj</file>
         <name>eeprom.obj</name>
      </input_file>
      <input_file id="fl-6">
         <path>.\</path>
         <kind>object</kind>
         <file>i2c.obj</file>
         <name>i2c.obj</name>
      </input_file>
      <input_file id="fl-7">
         <path>.\</path>
         <kind>object</kind>
         <file>led.obj</file>
         <name>led.obj</name>
      </input_file>
      <input_file id="fl-8">
         <path>.\</path>
         <kind>object</kind>
         <file>main.obj</file>
         <name>main.obj</name>
      </input_file>
      <input_file id="fl-9">
         <path>.\</path>
         <kind>object</kind>
         <file>radio.obj</file>
         <name>radio.obj</name>
      </input_file>
      <input_file id="fl-a">
         <path>.\</path>
         <kind>object</kind>
         <file>rotary.obj</file>
         <name>rotary.obj</name>
      </input_file>
      <input_file id="fl-b">
         <path>.\</path>
         <kind>object</kind>
         <file>timer.obj</file>
         <name>timer.obj</name>
      </input_file>
      <input_file id="fl-c">
         <path>.\</path>
         <kind>object</kind>
         <file>uart.obj</file>
         <name>uart.obj</name>
      </input_file>
      <input_file id="fl-11">
         <kind>object</kind>
         <file>&lt;internal&gt;</file>
         <name>&lt;internal&gt;</name>
      </input_file>
      <input_file id="fl-27">
         <path>C:\ti\ccs2001\ccs\tools\compiler\ti-cgt-msp430_21.6.1.LTS\lib\</path>
         <kind>archive</kind>
         <file>rts430_eabi.lib</file>
         <name>div16s.asm.obj</name>
      </input_file>
      <input_file id="fl-28">
         <path>C:\ti\ccs2001\ccs\tools\compiler\ti-cgt-msp430_21.6.1.LTS\lib\</path>
         <kind>archive</kind>
         <file>rts430_eabi.lib</file>
         <name>div16u.asm.obj</name>
      </input_file>
      <input_file id="fl-29">
         <path>C:\ti\ccs2001\ccs\tools\compiler\ti-cgt-msp430_21.6.1.LTS\lib\</path>
         <kind>archive</kind>
         <file>rts430_eabi.lib</file>
         <name>epilog.asm.obj</name>
      </input_file>
      <input_file id="fl-2a">
         <path>C:\ti\ccs2001\ccs\tools\compiler\ti-cgt-msp430_21.6.1.LTS\lib\</path>
         <kind>archive</kind>
         <file>rts430_eabi.lib</file>
         <name>int00.asm.obj</name>
      </input_file>
      <input_file id="fl-2b">
         <path>C:\ti\ccs2001\ccs\tools\compiler\ti-cgt-msp430_21.6.1.LTS\lib\</path>
         <kind>archive</kind>
         <file>rts430_eabi.lib</file>
         <name>int02.asm.obj</name>
      </input_file>
      <input_file id="fl-2c">
         <path>C:\ti\ccs2001\ccs\tools\compiler\ti-cgt-msp430_21.6.1.LTS\lib\</path>
         <kind>archive</kind>
         <file>rts430_eabi.lib</file>
         <name>int03.asm.obj</name>
      </input_file>
      <input_file id="fl-2d">
         <path>C:\ti\ccs2001\ccs\tools\compiler\ti-cgt-msp430_21.6.1.LTS\lib\</path>
         <kind>archive</kind>
         <file>rts430_eabi.lib</file>
         <name>int05.asm.obj</name>
      </input_file>
      <input_file id="fl-2e">
         <path>C:\ti\ccs2001\ccs\tools\compiler\ti-cgt-msp430_21.6.1.LTS\lib\</path>
         <kind>archive</kind>
         <file>rts430_eabi.lib</file>
         <name>int08.asm.obj</name>
      </input_file>
      <input_file id="fl-2f">
         <path>C:\ti\ccs2001\ccs\tools\compiler\ti-cgt-msp430_21.6.1.LTS\lib\</path>
         <kind>archive</kind>
         <file>rts430_eabi.lib</file>
         <name>int09.asm.obj</name>
      </input_file>
      <input_file id="fl-30">
         <path>C:\ti\ccs2001\ccs\tools\compiler\ti-cgt-msp430_21.6.1.LTS\lib\</path>
         <kind>archive</kind>
         <file>rts430_eabi.lib</file>
         <name>int10.asm.obj</name>
      </input_file>
      <input_file id="fl-31">
         <path>C:\ti\ccs2001\ccs\tools\compiler\ti-cgt-msp430_21.6.1.LTS\lib\</path>
         <kind>archive</kind>
         <file>rts430_eabi.lib</file>
         <name>int11.asm.obj</name>
      </input_file>
      <input_file id="fl-32">
         <path>C:\ti\ccs2001\ccs\tools\compiler\ti-cgt-msp430_21.6.1.LTS\lib\</path>
         <kind>archive</kind>
         <file>rts430_eabi.lib</file>
         <name>int12.asm.obj</name>
      </input_file>
      <input_file id="fl-33">
         <path>C:\ti\ccs2001\ccs\tools\compiler\ti-cgt-msp430_21.6.1.LTS\lib\</path>
         <kind>archive</kind>
         <file>rts430_eabi.lib</file>
         <name>int14.asm.obj</name>
      </input_file>
      <input_file id="fl-34">
         <path>C:\ti\ccs2001\ccs\tools\compiler\ti-cgt-msp430_21.6.1.LTS\lib\</path>
         <kind>archive</kind>
         <file>rts430_eabi.lib</file>
         <name>isr_trap.asm.obj</name>
      </input_file>
      <input_file id="fl-35">
         <path>C:\ti\ccs2001\ccs\tools\compiler\ti-cgt-msp430_21.6.1.LTS\lib\</path>
         <kind>archive</kind>
         <file>rts430_eabi.lib</file>
         <name>mult16.asm.obj</name>
      </input_file>
      <input_file id="fl-36">
         <path>C:\ti\ccs2001\ccs\tools\compiler\ti-cgt-msp430_21.6.1.LTS\lib\</path>
         <kind>archive</kind>
         <file>rts430_eabi.lib</file>
         <name>boot.c.obj</name>
      </input_file>
      <input_file id="fl-37">
         <path>C:\ti\ccs2001\ccs\tools\compiler\ti-cgt-msp430_21.6.1.LTS\lib\</path>
         <kind>archive</kind>
         <file>rts430_eabi.lib</file>
         <name>autoinit.c.obj</name>
      </input_file>
      <input_file id="fl-38">
         <path>C:\ti\ccs2001\ccs\tools\compiler\ti-cgt-msp430_21.6.1.LTS\lib\</path>
         <kind>archive</kind>
         <file>rts430_eabi.lib</file>
         <name>copy_zero_init.c.obj</name>
      </input_file>
      <input_file id="fl-39">
         <path>C:\ti\ccs2001\ccs\tools\compiler\ti-cgt-msp430_21.6.1.LTS\lib\</path>
         <kind>archive</kind>
         <file>rts430_eabi.lib</file>
         <name>cpy_tbl.c.obj</name>
      </input_file>
      <input_file id="fl-3a">
         <path>C:\ti\ccs2001\ccs\tools\compiler\ti-cgt-msp430_21.6.1.LTS\lib\</path>
         <kind>archive</kind>
         <file>rts430_eabi.lib</file>
         <name>mpu_init.c.obj</name>
      </input_file>
      <input_file id="fl-3b">
         <path>C:\ti\ccs2001\ccs\tools\compiler\ti-cgt-msp430_21.6.1.LTS\lib\</path>
         <kind>archive</kind>
         <file>rts430_eabi.lib</file>
         <name>pre_init.c.obj</name>
      </input_file>
      <input_file id="fl-3c">
         <path>C:\ti\ccs2001\ccs\tools\compiler\ti-cgt-msp430_21.6.1.LTS\lib\</path>
         <kind>archive</kind>
         <file>rts430_eabi.lib</file>
         <name>startup.c.obj</name>
      </input_file>
      <input_file id="fl-3d">
         <path>C:\ti\ccs2001\ccs\tools\compiler\ti-cgt-msp430_21.6.1.LTS\lib\</path>
         <kind>archive</kind>
         <file>rts430_eabi.lib</file>
         <name>copy_decompress_none.c.obj</name>
      </input_file>
      <input_file id="fl-3e">
         <path>C:\ti\ccs2001\ccs\tools\compiler\ti-cgt-msp430_21.6.1.LTS\lib\</path>
         <kind>archive</kind>
         <file>rts430_eabi.lib</file>
         <name>copy_decompress_lzss.c.obj</name>
      </input_file>
      <input_file id="fl-3f">
         <path>C:\ti\ccs2001\ccs\tools\compiler\ti-cgt-msp430_21.6.1.LTS\lib\</path>
         <kind>archive</kind>
         <file>rts430_eabi.lib</file>
         <name>exit.c.obj</name>
      </input_file>
      <input_file id="fl-40">
         <path>C:\ti\ccs2001\ccs\tools\compiler\ti-cgt-msp430_21.6.1.LTS\lib\</path>
         <kind>archive</kind>
         <file>rts430_eabi.lib</file>
         <name>_lock.c.obj</name>
      </input_file>
      <input_file id="fl-41">
         <path>C:\ti\ccs2001\ccs\tools\compiler\ti-cgt-msp430_21.6.1.LTS\lib\</path>
         <kind>archive</kind>
         <file>rts430_eabi.lib</file>
         <name>args_main.c.obj</name>
      </input_file>
      <input_file id="fl-42">
         <path>C:\ti\ccs2001\ccs\tools\compiler\ti-cgt-msp430_21.6.1.LTS\lib\</path>
         <kind>archive</kind>
         <file>rts430_eabi.lib</file>
         <name>memcpy.c.obj</name>
      </input_file>
      <input_file id="fl-43">
         <path>C:\ti\ccs2001\ccs\tools\compiler\ti-cgt-msp430_21.6.1.LTS\lib\</path>
         <kind>archive</kind>
         <file>rts430_eabi.lib</file>
         <name>lsl16.asm.obj</name>
      </input_file>
      <input_file id="fl-44">
         <path>C:\ti\ccs2001\ccs\tools\compiler\ti-cgt-msp430_21.6.1.LTS\lib\</path>
         <kind>archive</kind>
         <file>rts430_eabi.lib</file>
         <name>lsr16.asm.obj</name>
      </input_file>
      <input_file id="fl-45">
         <path>C:\ti\ccs2001\ccs\tools\compiler\ti-cgt-msp430_21.6.1.LTS\lib\</path>
         <kind>archive</kind>
         <file>rts430_eabi.lib</file>
         <name>exit_gvars.c.obj</name>
      </input_file>
   </input_file_list>
   <object_component_list>
      <object_component id="oc-356">
         <name>.bss</name>
         <uninitialized>true</uninitialized>
         <run_address>0x2b0</run_address>
         <size>0x6</size>
         <input_file_ref idref="fl-3"/>
      </object_component>
      <object_component id="oc-370">
         <name>.bss:req$1</name>
         <uninitialized>true</uninitialized>
         <run_address>0x2b6</run_address>
         <size>0x6</size>
         <input_file_ref idref="fl-7"/>
      </object_component>
      <object_component id="oc-369">
         <name>.bss</name>
         <uninitialized>true</uninitialized>
         <run_address>0x2a8</run_address>
         <size>0x8</size>
         <input_file_ref idref="fl-7"/>
      </object_component>
      <object_component id="oc-264">
         <name>.common:tempRead1</name>
         <uninitialized>true</uninitialized>
         <run_address>0x260</run_address>
         <size>0x18</size>
      </object_component>
      <object_component id="oc-26d">
         <name>.common:tempRead2</name>
         <uninitialized>true</uninitialized>
         <run_address>0x278</run_address>
         <size>0x18</size>
      </object_component>
      <object_component id="oc-38b">
         <name>.common:tempWrite</name>
         <uninitialized>true</uninitialized>
         <run_address>0x290</run_address>
         <size>0x18</size>
      </object_component>
      <object_component id="oc-28c">
         <name>.common:BlinkQ</name>
         <uninitialized>true</uninitialized>
         <run_address>0x200</run_address>
         <size>0x40</size>
      </object_component>
      <object_component id="oc-2df">
         <name>.common:App_Si_EE_Check_Pending</name>
         <uninitialized>true</uninitialized>
         <run_address>0x2d6</run_address>
         <size>0x1</size>
      </object_component>
      <object_component id="oc-299">
         <name>.common:power_state</name>
         <uninitialized>true</uninitialized>
         <run_address>0x2ed</run_address>
         <size>0x1</size>
      </object_component>
      <object_component id="oc-2bf">
         <name>.common:monitor_mode</name>
         <uninitialized>true</uninitialized>
         <run_address>0x2ec</run_address>
         <size>0x1</size>
      </object_component>
      <object_component id="oc-2c0">
         <name>.common:volume_mode</name>
         <uninitialized>true</uninitialized>
         <run_address>0x2f1</run_address>
         <size>0x1</size>
      </object_component>
      <object_component id="oc-2dc">
         <name>.common:si4703_read_reg</name>
         <uninitialized>true</uninitialized>
         <run_address>0x240</run_address>
         <size>0x20</size>
      </object_component>
      <object_component id="oc-252">
         <name>.common:radio_state</name>
         <uninitialized>true</uninitialized>
         <run_address>0x2d2</run_address>
         <size>0x2</size>
      </object_component>
      <object_component id="oc-2c6">
         <name>.common:Is_Manual_Tune</name>
         <uninitialized>true</uninitialized>
         <run_address>0x2e2</run_address>
         <size>0x1</size>
      </object_component>
      <object_component id="oc-2c2">
         <name>.common:Is_Vol_Changed</name>
         <uninitialized>true</uninitialized>
         <run_address>0x2e3</run_address>
         <size>0x1</size>
      </object_component>
      <object_component id="oc-2eb">
         <name>.common:preset_mode</name>
         <uninitialized>true</uninitialized>
         <run_address>0x2ef</run_address>
         <size>0x1</size>
      </object_component>
      <object_component id="oc-2c7">
         <name>.common:fm_freq</name>
         <uninitialized>true</uninitialized>
         <run_address>0x2ce</run_address>
         <size>0x2</size>
      </object_component>
      <object_component id="oc-2de">
         <name>.common:prev_fm_freq</name>
         <uninitialized>true</uninitialized>
         <run_address>0x2d0</run_address>
         <size>0x2</size>
      </object_component>
      <object_component id="oc-2e7">
         <name>.common:preset_index</name>
         <uninitialized>true</uninitialized>
         <run_address>0x2ee</run_address>
         <size>0x1</size>
      </object_component>
      <object_component id="oc-2ce">
         <name>.common:fm_stereo</name>
         <uninitialized>true</uninitialized>
         <run_address>0x2eb</run_address>
         <size>0x1</size>
      </object_component>
      <object_component id="oc-2c1">
         <name>.common:reset_Vol_Timer</name>
         <uninitialized>true</uninitialized>
         <run_address>0x2d4</run_address>
         <size>0x2</size>
      </object_component>
      <object_component id="oc-255">
         <name>.common:disp_timer</name>
         <uninitialized>true</uninitialized>
         <run_address>0x2e9</run_address>
         <size>0x1</size>
      </object_component>
      <object_component id="oc-2dd">
         <name>.common:prev_fm_stereo</name>
         <uninitialized>true</uninitialized>
         <run_address>0x2f0</run_address>
         <size>0x1</size>
      </object_component>
      <object_component id="oc-2cf">
         <name>.common:Scan_Cnt</name>
         <uninitialized>true</uninitialized>
         <run_address>0x2e7</run_address>
         <size>0x1</size>
      </object_component>
      <object_component id="oc-2e6">
         <name>.common:first_time_power_up</name>
         <uninitialized>true</uninitialized>
         <run_address>0x2ea</run_address>
         <size>0x1</size>
      </object_component>
      <object_component id="oc-245">
         <name>.common:Edge_Timer</name>
         <uninitialized>true</uninitialized>
         <run_address>0x2dc</run_address>
         <size>0x1</size>
      </object_component>
      <object_component id="oc-333">
         <name>.common:Encoder_Count</name>
         <uninitialized>true</uninitialized>
         <run_address>0x2dd</run_address>
         <size>0x1</size>
      </object_component>
      <object_component id="oc-23e">
         <name>.common:Current_Encoder_A</name>
         <uninitialized>true</uninitialized>
         <run_address>0x2d7</run_address>
         <size>0x1</size>
      </object_component>
      <object_component id="oc-242">
         <name>.common:Current_Encoder_B</name>
         <uninitialized>true</uninitialized>
         <run_address>0x2d8</run_address>
         <size>0x1</size>
      </object_component>
      <object_component id="oc-241">
         <name>.common:Prior_Encoder_A</name>
         <uninitialized>true</uninitialized>
         <run_address>0x2e4</run_address>
         <size>0x1</size>
      </object_component>
      <object_component id="oc-243">
         <name>.common:Prior_Encoder_B</name>
         <uninitialized>true</uninitialized>
         <run_address>0x2e5</run_address>
         <size>0x1</size>
      </object_component>
      <object_component id="oc-24a">
         <name>.common:Encoder_Missed_Edge</name>
         <uninitialized>true</uninitialized>
         <run_address>0x2e0</run_address>
         <size>0x1</size>
      </object_component>
      <object_component id="oc-244">
         <name>.common:Edge_Faster</name>
         <uninitialized>true</uninitialized>
         <run_address>0x2db</run_address>
         <size>0x1</size>
      </object_component>
      <object_component id="oc-247">
         <name>.common:Encoder_State</name>
         <uninitialized>true</uninitialized>
         <run_address>0x2e1</run_address>
         <size>0x1</size>
      </object_component>
      <object_component id="oc-276">
         <name>.common:Debounced_Signal_A_Changed</name>
         <uninitialized>true</uninitialized>
         <run_address>0x2d9</run_address>
         <size>0x1</size>
      </object_component>
      <object_component id="oc-277">
         <name>.common:Debounced_Signal_B_Changed</name>
         <uninitialized>true</uninitialized>
         <run_address>0x2da</run_address>
         <size>0x1</size>
      </object_component>
      <object_component id="oc-246">
         <name>.common:Prior_Encoder_State</name>
         <uninitialized>true</uninitialized>
         <run_address>0x2e6</run_address>
         <size>0x1</size>
      </object_component>
      <object_component id="oc-248">
         <name>.common:Encoder_Debounce_Timer_A</name>
         <uninitialized>true</uninitialized>
         <run_address>0x2de</run_address>
         <size>0x1</size>
      </object_component>
      <object_component id="oc-249">
         <name>.common:Encoder_Debounce_Timer_B</name>
         <uninitialized>true</uninitialized>
         <run_address>0x2df</run_address>
         <size>0x1</size>
      </object_component>
      <object_component id="oc-151">
         <name>.common:_1msCounter</name>
         <uninitialized>true</uninitialized>
         <run_address>0x2ca</run_address>
         <size>0x2</size>
      </object_component>
      <object_component id="oc-154">
         <name>.common:_10msCounter</name>
         <uninitialized>true</uninitialized>
         <run_address>0x2c8</run_address>
         <size>0x2</size>
      </object_component>
      <object_component id="oc-155">
         <name>.common:_100msCounter</name>
         <uninitialized>true</uninitialized>
         <run_address>0x2c6</run_address>
         <size>0x2</size>
      </object_component>
      <object_component id="oc-156">
         <name>.common:_1sCounter</name>
         <uninitialized>true</uninitialized>
         <run_address>0x2cc</run_address>
         <size>0x2</size>
      </object_component>
      <object_component id="oc-14d">
         <name>.common:UARTBuffer</name>
         <uninitialized>true</uninitialized>
         <run_address>0x2bc</run_address>
         <size>0x4</size>
      </object_component>
      <object_component id="oc-14a">
         <name>.common:UARTCount</name>
         <uninitialized>true</uninitialized>
         <run_address>0x2c4</run_address>
         <size>0x2</size>
      </object_component>
      <object_component id="oc-14f">
         <name>.common:UARTData</name>
         <uninitialized>true</uninitialized>
         <run_address>0x2c0</run_address>
         <size>0x4</size>
      </object_component>
      <object_component id="oc-14e">
         <name>.common:UARTFlag</name>
         <uninitialized>true</uninitialized>
         <run_address>0x2e8</run_address>
         <size>0x1</size>
      </object_component>
      <object_component id="oc-357">
         <name>.data</name>
         <load_address>0x32c</load_address>
         <run_address>0x32c</run_address>
         <size>0x8</size>
         <input_file_ref idref="fl-3"/>
      </object_component>
      <object_component id="oc-296">
         <name>.data</name>
         <load_address>0x31e</load_address>
         <run_address>0x31e</run_address>
         <size>0xe</size>
         <input_file_ref idref="fl-5"/>
      </object_component>
      <object_component id="oc-2c3">
         <name>.data</name>
         <load_address>0x336</load_address>
         <run_address>0x336</run_address>
         <size>0x1</size>
         <input_file_ref idref="fl-9"/>
      </object_component>
      <object_component id="oc-2e8">
         <name>.data:K_Radio_Data_Read</name>
         <load_address>0x2f2</load_address>
         <run_address>0x2f2</run_address>
         <size>0x16</size>
         <input_file_ref idref="fl-9"/>
      </object_component>
      <object_component id="oc-38c">
         <name>.data:K_Radio_Data_Write</name>
         <load_address>0x308</load_address>
         <run_address>0x308</run_address>
         <size>0x16</size>
         <input_file_ref idref="fl-9"/>
      </object_component>
      <object_component id="oc-410">
         <name>.data</name>
         <load_address>0x334</load_address>
         <run_address>0x334</run_address>
         <size>0x2</size>
         <input_file_ref idref="fl-b"/>
      </object_component>
      <object_component id="oc-b1">
         <name>.stack</name>
         <uninitialized>true</uninitialized>
         <run_address>0x3b0</run_address>
         <size>0x2</size>
         <input_file_ref idref="fl-36"/>
      </object_component>
      <object_component id="oc-4b9">
         <name>.stack</name>
         <uninitialized>true</uninitialized>
         <run_address>0x3b0</run_address>
         <size>0x0</size>
      </object_component>
      <object_component id="oc-1df">
         <name>.text:Process_App_Si</name>
         <load_address>0xc000</load_address>
         <run_address>0xc000</run_address>
         <size>0x198</size>
         <input_file_ref idref="fl-9"/>
      </object_component>
      <object_component id="oc-26e">
         <name>.text:EESeqRead</name>
         <load_address>0xc198</load_address>
         <run_address>0xc198</run_address>
         <size>0x16e</size>
         <input_file_ref idref="fl-5"/>
      </object_component>
      <object_component id="oc-2b9">
         <name>.text:UART_Printf</name>
         <load_address>0xc306</load_address>
         <run_address>0xc306</run_address>
         <size>0x162</size>
         <input_file_ref idref="fl-9"/>
      </object_component>
      <object_component id="oc-396">
         <name>.text:EESeqWrite</name>
         <load_address>0xc468</load_address>
         <run_address>0xc468</run_address>
         <size>0x144</size>
         <input_file_ref idref="fl-5"/>
      </object_component>
      <object_component id="oc-34f">
         <name>.text:Radio_Enc_Operation</name>
         <load_address>0xc5ac</load_address>
         <run_address>0xc5ac</run_address>
         <size>0x130</size>
         <input_file_ref idref="fl-9"/>
      </object_component>
      <object_component id="oc-436">
         <name>.text:Write_Si_I2C</name>
         <load_address>0xc6dc</load_address>
         <run_address>0xc6dc</run_address>
         <size>0x12e</size>
         <input_file_ref idref="fl-9"/>
      </object_component>
      <object_component id="oc-2d0">
         <name>.text:Read_si4703</name>
         <load_address>0xc80a</load_address>
         <run_address>0xc80a</run_address>
         <size>0x126</size>
         <input_file_ref idref="fl-9"/>
      </object_component>
      <object_component id="oc-3d7">
         <name>.text:Read_Si_I2C</name>
         <load_address>0xc930</load_address>
         <run_address>0xc930</run_address>
         <size>0x114</size>
         <input_file_ref idref="fl-9"/>
      </object_component>
      <object_component id="oc-2ed">
         <name>.text:Execute_Commands</name>
         <load_address>0xca44</load_address>
         <run_address>0xca44</run_address>
         <size>0x106</size>
         <input_file_ref idref="fl-9"/>
      </object_component>
      <object_component id="oc-278">
         <name>.text:Decode_Encoder</name>
         <load_address>0xcb4a</load_address>
         <run_address>0xcb4a</run_address>
         <size>0xf8</size>
         <input_file_ref idref="fl-a"/>
      </object_component>
      <object_component id="oc-2c8">
         <name>.text:Set_Fm_Tune_Freq</name>
         <load_address>0xcc42</load_address>
         <run_address>0xcc42</run_address>
         <size>0xda</size>
         <input_file_ref idref="fl-9"/>
      </object_component>
      <object_component id="oc-27f">
         <name>.text:Scan_Rotary_Button</name>
         <load_address>0xcd1c</load_address>
         <run_address>0xcd1c</run_address>
         <size>0xd0</size>
         <input_file_ref idref="fl-3"/>
      </object_component>
      <object_component id="oc-285">
         <name>.text:Scan_Touch_Button</name>
         <load_address>0xcdec</load_address>
         <run_address>0xcdec</run_address>
         <size>0xd0</size>
         <input_file_ref idref="fl-3"/>
      </object_component>
      <object_component id="oc-358">
         <name>.text:Radio_Enc_Button</name>
         <load_address>0xcebc</load_address>
         <run_address>0xcebc</run_address>
         <size>0xc8</size>
         <input_file_ref idref="fl-9"/>
      </object_component>
      <object_component id="oc-2a6">
         <name>.text:Validate_EE_Read_Data</name>
         <load_address>0xcf84</load_address>
         <run_address>0xcf84</run_address>
         <size>0xbc</size>
         <input_file_ref idref="fl-5"/>
      </object_component>
      <object_component id="oc-16c">
         <name>.text:main</name>
         <load_address>0xd040</load_address>
         <run_address>0xd040</run_address>
         <size>0xaa</size>
         <input_file_ref idref="fl-8"/>
      </object_component>
      <object_component id="oc-39e">
         <name>.text:Write_si4703</name>
         <load_address>0xd0ea</load_address>
         <run_address>0xd0ea</run_address>
         <size>0xa2</size>
         <input_file_ref idref="fl-9"/>
      </object_component>
      <object_component id="oc-28f">
         <name>.text:Led_Process</name>
         <load_address>0xd18c</load_address>
         <run_address>0xd18c</run_address>
         <size>0xa0</size>
         <input_file_ref idref="fl-7"/>
      </object_component>
      <object_component id="oc-1c7">
         <name>.text:Fast_Periodic_Encoder</name>
         <load_address>0xd22c</load_address>
         <run_address>0xd22c</run_address>
         <size>0x9e</size>
         <input_file_ref idref="fl-a"/>
      </object_component>
      <object_component id="oc-337">
         <name>.text:Power_Radio</name>
         <load_address>0xd2ca</load_address>
         <run_address>0xd2ca</run_address>
         <size>0x88</size>
         <input_file_ref idref="fl-9"/>
      </object_component>
      <object_component id="oc-2e0">
         <name>.text:Validate_FM_Data</name>
         <load_address>0xd352</load_address>
         <run_address>0xd352</run_address>
         <size>0x82</size>
         <input_file_ref idref="fl-9"/>
      </object_component>
      <object_component id="oc-360">
         <name>.text:Radio_Touch_Button</name>
         <load_address>0xd3d4</load_address>
         <run_address>0xd3d4</run_address>
         <size>0x7e</size>
         <input_file_ref idref="fl-9"/>
      </object_component>
      <object_component id="oc-34">
         <name>.text:decompress:lzss:__TI_decompress_lzss</name>
         <load_address>0xd452</load_address>
         <run_address>0xd452</run_address>
         <size>0x7c</size>
         <input_file_ref idref="fl-3e"/>
      </object_component>
      <object_component id="oc-256">
         <name>.text:Init_Si</name>
         <load_address>0xd4ce</load_address>
         <run_address>0xd4ce</run_address>
         <size>0x7a</size>
         <input_file_ref idref="fl-9"/>
      </object_component>
      <object_component id="oc-371">
         <name>.text:DeQ</name>
         <load_address>0xd548</load_address>
         <run_address>0xd548</run_address>
         <size>0x76</size>
         <input_file_ref idref="fl-7"/>
      </object_component>
      <object_component id="oc-e7">
         <name>.text:USCI0RX_ISR</name>
         <load_address>0xd5be</load_address>
         <run_address>0xd5be</run_address>
         <size>0x54</size>
         <input_file_ref idref="fl-c"/>
      </object_component>
      <object_component id="oc-418">
         <name>.text:EnQ</name>
         <load_address>0xd612</load_address>
         <run_address>0xd612</run_address>
         <size>0x52</size>
         <input_file_ref idref="fl-7"/>
      </object_component>
      <object_component id="oc-ba">
         <name>.text</name>
         <load_address>0xd664</load_address>
         <run_address>0xd664</run_address>
         <size>0x4c</size>
         <input_file_ref idref="fl-44"/>
      </object_component>
      <object_component id="oc-1bb">
         <name>.text:ReadEE</name>
         <load_address>0xd6b0</load_address>
         <run_address>0xd6b0</run_address>
         <size>0x44</size>
         <input_file_ref idref="fl-5"/>
      </object_component>
      <object_component id="oc-1a9">
         <name>.text:Init_Encoder</name>
         <load_address>0xd6f4</load_address>
         <run_address>0xd6f4</run_address>
         <size>0x42</size>
         <input_file_ref idref="fl-a"/>
      </object_component>
      <object_component id="oc-1fe">
         <name>.text:__TI_auto_init_nobinit_nopinit:__TI_auto_init_nobinit_nopinit</name>
         <load_address>0xd736</load_address>
         <run_address>0xd736</run_address>
         <size>0x42</size>
         <input_file_ref idref="fl-37"/>
      </object_component>
      <object_component id="oc-2a0">
         <name>.text:WriteEE</name>
         <load_address>0xd778</load_address>
         <run_address>0xd778</run_address>
         <size>0x40</size>
         <input_file_ref idref="fl-5"/>
      </object_component>
      <object_component id="oc-2b3">
         <name>.text:Set_GPIO2</name>
         <load_address>0xd7b8</load_address>
         <run_address>0xd7b8</run_address>
         <size>0x38</size>
         <input_file_ref idref="fl-9"/>
      </object_component>
      <object_component id="oc-1eb">
         <name>.text:Slow_Periodic_Encoder</name>
         <load_address>0xd7f0</load_address>
         <run_address>0xd7f0</run_address>
         <size>0x38</size>
         <input_file_ref idref="fl-a"/>
      </object_component>
      <object_component id="oc-29a">
         <name>.text:Validate_EE_Write_Data</name>
         <load_address>0xd828</load_address>
         <run_address>0xd828</run_address>
         <size>0x34</size>
         <input_file_ref idref="fl-5"/>
      </object_component>
      <object_component id="oc-237">
         <name>.text:Delay_Ms</name>
         <load_address>0xd85c</load_address>
         <run_address>0xd85c</run_address>
         <size>0x32</size>
         <input_file_ref idref="fl-b"/>
      </object_component>
      <object_component id="oc-ed">
         <name>.text:Timer_A1_ISR</name>
         <load_address>0xd88e</load_address>
         <run_address>0xd88e</run_address>
         <size>0x32</size>
         <input_file_ref idref="fl-b"/>
      </object_component>
      <object_component id="oc-38f">
         <name>.text:CRC16_CCITT</name>
         <load_address>0xd8c0</load_address>
         <run_address>0xd8c0</run_address>
         <size>0x30</size>
         <input_file_ref idref="fl-5"/>
      </object_component>
      <object_component id="oc-1e5">
         <name>.text:Process_Commands</name>
         <load_address>0xd8f0</load_address>
         <run_address>0xd8f0</run_address>
         <size>0x30</size>
         <input_file_ref idref="fl-9"/>
      </object_component>
      <object_component id="oc-1a3">
         <name>.text:PowerUp_Check</name>
         <load_address>0xd920</load_address>
         <run_address>0xd920</run_address>
         <size>0x2e</size>
         <input_file_ref idref="fl-8"/>
      </object_component>
      <object_component id="oc-3a7">
         <name>.text:Send_Uart</name>
         <load_address>0xd94e</load_address>
         <run_address>0xd94e</run_address>
         <size>0x2c</size>
         <input_file_ref idref="fl-c"/>
      </object_component>
      <object_component id="oc-2ad">
         <name>.text:Set_Vol</name>
         <load_address>0xd97a</load_address>
         <run_address>0xd97a</run_address>
         <size>0x2c</size>
         <input_file_ref idref="fl-9"/>
      </object_component>
      <object_component id="oc-42a">
         <name>.text</name>
         <load_address>0xd9a6</load_address>
         <run_address>0xd9a6</run_address>
         <size>0x2c</size>
         <input_file_ref idref="fl-27"/>
      </object_component>
      <object_component id="oc-b5">
         <name>.text</name>
         <load_address>0xd9d2</load_address>
         <run_address>0xd9d2</run_address>
         <size>0x2c</size>
         <input_file_ref idref="fl-43"/>
      </object_component>
      <object_component id="oc-1d9">
         <name>.text:Process_Eeprom</name>
         <load_address>0xd9fe</load_address>
         <run_address>0xd9fe</run_address>
         <size>0x2a</size>
         <input_file_ref idref="fl-5"/>
      </object_component>
      <object_component id="oc-25e">
         <name>.text:InitI2C</name>
         <load_address>0xda28</load_address>
         <run_address>0xda28</run_address>
         <size>0x26</size>
         <input_file_ref idref="fl-6"/>
      </object_component>
      <object_component id="oc-1c1">
         <name>.text:Init_Uart</name>
         <load_address>0xda4e</load_address>
         <run_address>0xda4e</run_address>
         <size>0x24</size>
         <input_file_ref idref="fl-c"/>
      </object_component>
      <object_component id="oc-267">
         <name>.text:Fault</name>
         <load_address>0xda72</load_address>
         <run_address>0xda72</run_address>
         <size>0x20</size>
         <input_file_ref idref="fl-2"/>
      </object_component>
      <object_component id="oc-32a">
         <name>.text:exitLoop</name>
         <load_address>0xda92</load_address>
         <run_address>0xda92</run_address>
         <size>0x20</size>
         <input_file_ref idref="fl-b"/>
      </object_component>
      <object_component id="oc-105">
         <name>.text:_c_int00_noargs</name>
         <load_address>0xdab2</load_address>
         <run_address>0xdab2</run_address>
         <size>0x1c</size>
         <input_file_ref idref="fl-36"/>
      </object_component>
      <object_component id="oc-157">
         <name>.text:Software_Reset</name>
         <load_address>0xdace</load_address>
         <run_address>0xdace</run_address>
         <size>0x18</size>
         <input_file_ref idref="fl-8"/>
      </object_component>
      <object_component id="oc-3bc">
         <name>.text</name>
         <load_address>0xdae6</load_address>
         <run_address>0xdae6</run_address>
         <size>0x16</size>
         <input_file_ref idref="fl-28"/>
      </object_component>
      <object_component id="oc-1b5">
         <name>.text:InitTimerA1</name>
         <load_address>0xdafc</load_address>
         <run_address>0xdafc</run_address>
         <size>0x14</size>
         <input_file_ref idref="fl-b"/>
      </object_component>
      <object_component id="oc-f3">
         <name>.text:decompress:ZI:__TI_zero_init_nomemset:__TI_zero_init_nomemset</name>
         <load_address>0xdb10</load_address>
         <run_address>0xdb10</run_address>
         <size>0x14</size>
         <input_file_ref idref="fl-38"/>
      </object_component>
      <object_component id="oc-404">
         <name>.text</name>
         <load_address>0xdb24</load_address>
         <run_address>0xdb24</run_address>
         <size>0x14</size>
         <input_file_ref idref="fl-35"/>
      </object_component>
      <object_component id="oc-3a">
         <name>.text:decompress:none:__TI_decompress_none</name>
         <load_address>0xdb38</load_address>
         <run_address>0xdb38</run_address>
         <size>0x12</size>
         <input_file_ref idref="fl-3d"/>
      </object_component>
      <object_component id="oc-cf">
         <name>.text:memcpy</name>
         <load_address>0xdb4a</load_address>
         <run_address>0xdb4a</run_address>
         <size>0x12</size>
         <input_file_ref idref="fl-42"/>
      </object_component>
      <object_component id="oc-466">
         <name>.text:Fifo_Full</name>
         <load_address>0xdb5c</load_address>
         <run_address>0xdb5c</run_address>
         <size>0x10</size>
         <input_file_ref idref="fl-7"/>
      </object_component>
      <object_component id="oc-1af">
         <name>.text:Init_Radio</name>
         <load_address>0xdb6c</load_address>
         <run_address>0xdb6c</run_address>
         <size>0x10</size>
         <input_file_ref idref="fl-9"/>
      </object_component>
      <object_component id="oc-bf">
         <name>.text</name>
         <load_address>0xdb7c</load_address>
         <run_address>0xdb7c</run_address>
         <size>0x10</size>
         <input_file_ref idref="fl-29"/>
      </object_component>
      <object_component id="oc-36a">
         <name>.text:Fifo_Empty</name>
         <load_address>0xdb8c</load_address>
         <run_address>0xdb8c</run_address>
         <size>0xe</size>
         <input_file_ref idref="fl-7"/>
      </object_component>
      <object_component id="oc-348">
         <name>.text:I2CReadInit</name>
         <load_address>0xdb9a</load_address>
         <run_address>0xdb9a</run_address>
         <size>0xc</size>
         <input_file_ref idref="fl-6"/>
      </object_component>
      <object_component id="oc-342">
         <name>.text:I2CWriteInit</name>
         <load_address>0xdba6</load_address>
         <run_address>0xdba6</run_address>
         <size>0xc</size>
         <input_file_ref idref="fl-6"/>
      </object_component>
      <object_component id="oc-37d">
         <name>.text:LED_Off</name>
         <load_address>0xdbb2</load_address>
         <run_address>0xdbb2</run_address>
         <size>0xc</size>
         <input_file_ref idref="fl-7"/>
      </object_component>
      <object_component id="oc-377">
         <name>.text:LED_On</name>
         <load_address>0xdbbe</load_address>
         <run_address>0xdbbe</run_address>
         <size>0xc</size>
         <input_file_ref idref="fl-7"/>
      </object_component>
      <object_component id="oc-1d3">
         <name>.text:Led_Task</name>
         <load_address>0xdbca</load_address>
         <run_address>0xdbca</run_address>
         <size>0xa</size>
         <input_file_ref idref="fl-7"/>
      </object_component>
      <object_component id="oc-1cd">
         <name>.text:Scan_Buttons</name>
         <load_address>0xdbd4</load_address>
         <run_address>0xdbd4</run_address>
         <size>0xa</size>
         <input_file_ref idref="fl-3"/>
      </object_component>
      <object_component id="oc-dc">
         <name>.text:_isr:__TI_ISR_TRAP</name>
         <load_address>0xdbde</load_address>
         <run_address>0xdbde</run_address>
         <size>0x8</size>
         <input_file_ref idref="fl-34"/>
      </object_component>
      <object_component id="oc-24b">
         <name>.text:Clear_Encoder_Counts</name>
         <load_address>0xdbe6</load_address>
         <run_address>0xdbe6</run_address>
         <size>0x6</size>
         <input_file_ref idref="fl-a"/>
      </object_component>
      <object_component id="oc-2d6">
         <name>.text:Get_Fm_Tune_Status</name>
         <load_address>0xdbec</load_address>
         <run_address>0xdbec</run_address>
         <size>0x6</size>
         <input_file_ref idref="fl-9"/>
      </object_component>
      <object_component id="oc-e1">
         <name>.text:USCI0TX_ISR</name>
         <load_address>0xdbf2</load_address>
         <run_address>0xdbf2</run_address>
         <size>0x6</size>
         <input_file_ref idref="fl-c"/>
      </object_component>
      <object_component id="oc-1f2">
         <name>.text:abort</name>
         <load_address>0xdbf8</load_address>
         <run_address>0xdbf8</run_address>
         <size>0x6</size>
         <input_file_ref idref="fl-3f"/>
      </object_component>
      <object_component id="oc-166">
         <name>.text:_system_pre_init</name>
         <load_address>0xdbfe</load_address>
         <run_address>0xdbfe</run_address>
         <size>0x4</size>
         <input_file_ref idref="fl-3b"/>
      </object_component>
      <object_component id="oc-307">
         <name>.text:_system_post_cinit</name>
         <load_address>0xdc02</load_address>
         <run_address>0xdc02</run_address>
         <size>0x2</size>
         <input_file_ref idref="fl-3c"/>
      </object_component>
      <object_component id="oc-4b8">
         <name>.cinit..data.load</name>
         <load_address>0xe396</load_address>
         <run_address>0xe396</run_address>
         <size>0x15</size>
      </object_component>
      <object_component id="oc-4b5">
         <name>__TI_handler_table</name>
         <load_address>0xe3ac</load_address>
         <run_address>0xe3ac</run_address>
         <size>0x6</size>
      </object_component>
      <object_component id="oc-4b7">
         <name>.cinit..bss.load</name>
         <load_address>0xe3b2</load_address>
         <run_address>0xe3b2</run_address>
         <size>0x4</size>
      </object_component>
      <object_component id="oc-4b6">
         <name>__TI_cinit_table</name>
         <load_address>0xe3b6</load_address>
         <run_address>0xe3b6</run_address>
         <size>0x8</size>
      </object_component>
      <object_component id="oc-3c1">
         <name>.const:Freq_Text</name>
         <load_address>0xdc04</load_address>
         <run_address>0xdc04</run_address>
         <size>0x680</size>
         <input_file_ref idref="fl-4"/>
      </object_component>
      <object_component id="oc-3ad">
         <name>.const:Vol_Text</name>
         <load_address>0xe284</load_address>
         <run_address>0xe284</run_address>
         <size>0x77</size>
         <input_file_ref idref="fl-4"/>
      </object_component>
      <object_component id="oc-3b0">
         <name>.const:Ch_Text</name>
         <load_address>0xe2fc</load_address>
         <run_address>0xe2fc</run_address>
         <size>0x37</size>
         <input_file_ref idref="fl-4"/>
      </object_component>
      <object_component id="oc-3b9">
         <name>.const:.string:Manual_Text</name>
         <load_address>0xe334</load_address>
         <run_address>0xe334</run_address>
         <size>0xb</size>
         <input_file_ref idref="fl-4"/>
      </object_component>
      <object_component id="oc-3b6">
         <name>.const:.string:Preset_Text</name>
         <load_address>0xe340</load_address>
         <run_address>0xe340</run_address>
         <size>0xb</size>
         <input_file_ref idref="fl-4"/>
      </object_component>
      <object_component id="oc-3d0">
         <name>.const:.string:VolSelOFF_Text</name>
         <load_address>0xe34c</load_address>
         <run_address>0xe34c</run_address>
         <size>0xb</size>
         <input_file_ref idref="fl-4"/>
      </object_component>
      <object_component id="oc-3cd">
         <name>.const:.string:VolSelON_Text</name>
         <load_address>0xe358</load_address>
         <run_address>0xe358</run_address>
         <size>0xa</size>
         <input_file_ref idref="fl-4"/>
      </object_component>
      <object_component id="oc-3c7">
         <name>.const:.string:PwrOFF_Text</name>
         <load_address>0xe362</load_address>
         <run_address>0xe362</run_address>
         <size>0x9</size>
         <input_file_ref idref="fl-4"/>
      </object_component>
      <object_component id="oc-3c4">
         <name>.const:.string:PwrON_Text</name>
         <load_address>0xe36c</load_address>
         <run_address>0xe36c</run_address>
         <size>0x8</size>
         <input_file_ref idref="fl-4"/>
      </object_component>
      <object_component id="oc-41f">
         <name>.const:blink_ModeChange</name>
         <load_address>0xe374</load_address>
         <run_address>0xe374</run_address>
         <size>0x6</size>
         <input_file_ref idref="fl-7"/>
      </object_component>
      <object_component id="oc-415">
         <name>.const:blink_RotChange</name>
         <load_address>0xe37a</load_address>
         <run_address>0xe37a</run_address>
         <size>0x6</size>
         <input_file_ref idref="fl-7"/>
      </object_component>
      <object_component id="oc-422">
         <name>.const:blink_Store</name>
         <load_address>0xe380</load_address>
         <run_address>0xe380</run_address>
         <size>0x6</size>
         <input_file_ref idref="fl-7"/>
      </object_component>
      <object_component id="oc-3ca">
         <name>.const:.string:Mute_Text</name>
         <load_address>0xe386</load_address>
         <run_address>0xe386</run_address>
         <size>0x5</size>
         <input_file_ref idref="fl-4"/>
      </object_component>
      <object_component id="oc-3b3">
         <name>.const:.string:Saved_Text</name>
         <load_address>0xe38c</load_address>
         <run_address>0xe38c</run_address>
         <size>0x5</size>
         <input_file_ref idref="fl-4"/>
      </object_component>
      <object_component id="oc-3a6">
         <name>.const:.string</name>
         <load_address>0xe392</load_address>
         <run_address>0xe392</run_address>
         <size>0x4</size>
         <input_file_ref idref="fl-9"/>
      </object_component>
      <object_component id="oc-477">
         <name>.binit</name>
         <load_address>0xc000</load_address>
         <run_address>0xc000</run_address>
         <size>0x0</size>
      </object_component>
      <object_component id="oc-40">
         <name>.int00</name>
         <load_address>0xffe0</load_address>
         <run_address>0xffe0</run_address>
         <size>0x2</size>
         <input_file_ref idref="fl-2a"/>
      </object_component>
      <object_component id="oc-41">
         <name>.int02</name>
         <load_address>0xffe4</load_address>
         <run_address>0xffe4</run_address>
         <size>0x2</size>
         <input_file_ref idref="fl-2b"/>
      </object_component>
      <object_component id="oc-42">
         <name>.int03</name>
         <load_address>0xffe6</load_address>
         <run_address>0xffe6</run_address>
         <size>0x2</size>
         <input_file_ref idref="fl-2c"/>
      </object_component>
      <object_component id="oc-43">
         <name>.int05</name>
         <load_address>0xffea</load_address>
         <run_address>0xffea</run_address>
         <size>0x2</size>
         <input_file_ref idref="fl-2d"/>
      </object_component>
      <object_component id="oc-44">
         <name>.int06</name>
         <load_address>0xffec</load_address>
         <run_address>0xffec</run_address>
         <size>0x2</size>
         <input_file_ref idref="fl-c"/>
      </object_component>
      <object_component id="oc-45">
         <name>.int07</name>
         <load_address>0xffee</load_address>
         <run_address>0xffee</run_address>
         <size>0x2</size>
         <input_file_ref idref="fl-c"/>
      </object_component>
      <object_component id="oc-46">
         <name>.int08</name>
         <load_address>0xfff0</load_address>
         <run_address>0xfff0</run_address>
         <size>0x2</size>
         <input_file_ref idref="fl-2e"/>
      </object_component>
      <object_component id="oc-47">
         <name>.int09</name>
         <load_address>0xfff2</load_address>
         <run_address>0xfff2</run_address>
         <size>0x2</size>
         <input_file_ref idref="fl-2f"/>
      </object_component>
      <object_component id="oc-48">
         <name>.int10</name>
         <load_address>0xfff4</load_address>
         <run_address>0xfff4</run_address>
         <size>0x2</size>
         <input_file_ref idref="fl-30"/>
      </object_component>
      <object_component id="oc-49">
         <name>.int11</name>
         <load_address>0xfff6</load_address>
         <run_address>0xfff6</run_address>
         <size>0x2</size>
         <input_file_ref idref="fl-31"/>
      </object_component>
      <object_component id="oc-4a">
         <name>.int12</name>
         <load_address>0xfff8</load_address>
         <run_address>0xfff8</run_address>
         <size>0x2</size>
         <input_file_ref idref="fl-32"/>
      </object_component>
      <object_component id="oc-4b">
         <name>.int13</name>
         <load_address>0xfffa</load_address>
         <run_address>0xfffa</run_address>
         <size>0x2</size>
         <input_file_ref idref="fl-b"/>
      </object_component>
      <object_component id="oc-4c">
         <name>.int14</name>
         <load_address>0xfffc</load_address>
         <run_address>0xfffc</run_address>
         <size>0x2</size>
         <input_file_ref idref="fl-33"/>
      </object_component>
      <object_component id="oc-b4">
         <name>.reset</name>
         <load_address>0xfffe</load_address>
         <run_address>0xfffe</run_address>
         <size>0x2</size>
         <input_file_ref idref="fl-36"/>
      </object_component>
      <object_component id="oc-231">
         <name>.debug_info</name>
         <load_address>0x0</load_address>
         <run_address>0x0</run_address>
         <size>0x1a0</size>
         <input_file_ref idref="fl-2"/>
      </object_component>
      <object_component id="oc-268">
         <name>.debug_info</name>
         <load_address>0x1a0</load_address>
         <run_address>0x1a0</run_address>
         <size>0x14e</size>
         <input_file_ref idref="fl-2"/>
      </object_component>
      <object_component id="oc-193">
         <name>.debug_info</name>
         <load_address>0x2ee</load_address>
         <run_address>0x2ee</run_address>
         <size>0x789</size>
         <input_file_ref idref="fl-2"/>
      </object_component>
      <object_component id="oc-198">
         <name>.debug_info</name>
         <load_address>0xa77</load_address>
         <run_address>0xa77</run_address>
         <size>0x26b</size>
         <input_file_ref idref="fl-2"/>
      </object_component>
      <object_component id="oc-ca">
         <name>.debug_info</name>
         <load_address>0xce2</load_address>
         <run_address>0xce2</run_address>
         <size>0x84</size>
         <input_file_ref idref="fl-2"/>
      </object_component>
      <object_component id="oc-232">
         <name>.debug_info</name>
         <load_address>0xd66</load_address>
         <run_address>0xd66</run_address>
         <size>0x282</size>
         <input_file_ref idref="fl-2"/>
      </object_component>
      <object_component id="oc-384">
         <name>.debug_info</name>
         <load_address>0xfe8</load_address>
         <run_address>0xfe8</run_address>
         <size>0xbb</size>
         <input_file_ref idref="fl-2"/>
      </object_component>
      <object_component id="oc-35f">
         <name>.debug_info</name>
         <load_address>0x10a3</load_address>
         <run_address>0x10a3</run_address>
         <size>0x1e6</size>
         <input_file_ref idref="fl-3"/>
      </object_component>
      <object_component id="oc-286">
         <name>.debug_info</name>
         <load_address>0x1289</load_address>
         <run_address>0x1289</run_address>
         <size>0x1dc</size>
         <input_file_ref idref="fl-3"/>
      </object_component>
      <object_component id="oc-280">
         <name>.debug_info</name>
         <load_address>0x1465</load_address>
         <run_address>0x1465</run_address>
         <size>0x1d2</size>
         <input_file_ref idref="fl-3"/>
      </object_component>
      <object_component id="oc-1ce">
         <name>.debug_info</name>
         <load_address>0x1637</load_address>
         <run_address>0x1637</run_address>
         <size>0x14f</size>
         <input_file_ref idref="fl-3"/>
      </object_component>
      <object_component id="oc-440">
         <name>.debug_info</name>
         <load_address>0x1786</load_address>
         <run_address>0x1786</run_address>
         <size>0x173</size>
         <input_file_ref idref="fl-4"/>
      </object_component>
      <object_component id="oc-3ae">
         <name>.debug_info</name>
         <load_address>0x18f9</load_address>
         <run_address>0x18f9</run_address>
         <size>0xe4</size>
         <input_file_ref idref="fl-4"/>
      </object_component>
      <object_component id="oc-3b1">
         <name>.debug_info</name>
         <load_address>0x19dd</load_address>
         <run_address>0x19dd</run_address>
         <size>0xe2</size>
         <input_file_ref idref="fl-4"/>
      </object_component>
      <object_component id="oc-3c5">
         <name>.debug_info</name>
         <load_address>0x1abf</load_address>
         <run_address>0x1abf</run_address>
         <size>0xe8</size>
         <input_file_ref idref="fl-4"/>
      </object_component>
      <object_component id="oc-3c8">
         <name>.debug_info</name>
         <load_address>0x1ba7</load_address>
         <run_address>0x1ba7</run_address>
         <size>0xea</size>
         <input_file_ref idref="fl-4"/>
      </object_component>
      <object_component id="oc-3cb">
         <name>.debug_info</name>
         <load_address>0x1c91</load_address>
         <run_address>0x1c91</run_address>
         <size>0xe6</size>
         <input_file_ref idref="fl-4"/>
      </object_component>
      <object_component id="oc-3ce">
         <name>.debug_info</name>
         <load_address>0x1d77</load_address>
         <run_address>0x1d77</run_address>
         <size>0xee</size>
         <input_file_ref idref="fl-4"/>
      </object_component>
      <object_component id="oc-3d1">
         <name>.debug_info</name>
         <load_address>0x1e65</load_address>
         <run_address>0x1e65</run_address>
         <size>0xf0</size>
         <input_file_ref idref="fl-4"/>
      </object_component>
      <object_component id="oc-3b4">
         <name>.debug_info</name>
         <load_address>0x1f55</load_address>
         <run_address>0x1f55</run_address>
         <size>0xe8</size>
         <input_file_ref idref="fl-4"/>
      </object_component>
      <object_component id="oc-3b7">
         <name>.debug_info</name>
         <load_address>0x203d</load_address>
         <run_address>0x203d</run_address>
         <size>0xea</size>
         <input_file_ref idref="fl-4"/>
      </object_component>
      <object_component id="oc-3ba">
         <name>.debug_info</name>
         <load_address>0x2127</load_address>
         <run_address>0x2127</run_address>
         <size>0xea</size>
         <input_file_ref idref="fl-4"/>
      </object_component>
      <object_component id="oc-3c2">
         <name>.debug_info</name>
         <load_address>0x2211</load_address>
         <run_address>0x2211</run_address>
         <size>0xe6</size>
         <input_file_ref idref="fl-4"/>
      </object_component>
      <object_component id="oc-265">
         <name>.debug_info</name>
         <load_address>0x22f7</load_address>
         <run_address>0x22f7</run_address>
         <size>0x40a</size>
         <input_file_ref idref="fl-5"/>
      </object_component>
      <object_component id="oc-297">
         <name>.debug_info</name>
         <load_address>0x2701</load_address>
         <run_address>0x2701</run_address>
         <size>0x1d2</size>
         <input_file_ref idref="fl-5"/>
      </object_component>
      <object_component id="oc-397">
         <name>.debug_info</name>
         <load_address>0x28d3</load_address>
         <run_address>0x28d3</run_address>
         <size>0x302</size>
         <input_file_ref idref="fl-5"/>
      </object_component>
      <object_component id="oc-2a1">
         <name>.debug_info</name>
         <load_address>0x2bd5</load_address>
         <run_address>0x2bd5</run_address>
         <size>0x168</size>
         <input_file_ref idref="fl-5"/>
      </object_component>
      <object_component id="oc-390">
         <name>.debug_info</name>
         <load_address>0x2d3d</load_address>
         <run_address>0x2d3d</run_address>
         <size>0x178</size>
         <input_file_ref idref="fl-5"/>
      </object_component>
      <object_component id="oc-29c">
         <name>.debug_info</name>
         <load_address>0x2eb5</load_address>
         <run_address>0x2eb5</run_address>
         <size>0x14e</size>
         <input_file_ref idref="fl-5"/>
      </object_component>
      <object_component id="oc-2a7">
         <name>.debug_info</name>
         <load_address>0x3003</load_address>
         <run_address>0x3003</run_address>
         <size>0x169</size>
         <input_file_ref idref="fl-5"/>
      </object_component>
      <object_component id="oc-26f">
         <name>.debug_info</name>
         <load_address>0x316c</load_address>
         <run_address>0x316c</run_address>
         <size>0x31f</size>
         <input_file_ref idref="fl-5"/>
      </object_component>
      <object_component id="oc-1bc">
         <name>.debug_info</name>
         <load_address>0x348b</load_address>
         <run_address>0x348b</run_address>
         <size>0x16f</size>
         <input_file_ref idref="fl-5"/>
      </object_component>
      <object_component id="oc-1da">
         <name>.debug_info</name>
         <load_address>0x35fa</load_address>
         <run_address>0x35fa</run_address>
         <size>0x173</size>
         <input_file_ref idref="fl-5"/>
      </object_component>
      <object_component id="oc-261">
         <name>.debug_info</name>
         <load_address>0x376d</load_address>
         <run_address>0x376d</run_address>
         <size>0x162</size>
         <input_file_ref idref="fl-6"/>
      </object_component>
      <object_component id="oc-346">
         <name>.debug_info</name>
         <load_address>0x38cf</load_address>
         <run_address>0x38cf</run_address>
         <size>0x112</size>
         <input_file_ref idref="fl-6"/>
      </object_component>
      <object_component id="oc-349">
         <name>.debug_info</name>
         <load_address>0x39e1</load_address>
         <run_address>0x39e1</run_address>
         <size>0x110</size>
         <input_file_ref idref="fl-6"/>
      </object_component>
      <object_component id="oc-28d">
         <name>.debug_info</name>
         <load_address>0x3af1</load_address>
         <run_address>0x3af1</run_address>
         <size>0x1ac</size>
         <input_file_ref idref="fl-7"/>
      </object_component>
      <object_component id="oc-420">
         <name>.debug_info</name>
         <load_address>0x3c9d</load_address>
         <run_address>0x3c9d</run_address>
         <size>0xf2</size>
         <input_file_ref idref="fl-7"/>
      </object_component>
      <object_component id="oc-423">
         <name>.debug_info</name>
         <load_address>0x3d8f</load_address>
         <run_address>0x3d8f</run_address>
         <size>0xe8</size>
         <input_file_ref idref="fl-7"/>
      </object_component>
      <object_component id="oc-416">
         <name>.debug_info</name>
         <load_address>0x3e77</load_address>
         <run_address>0x3e77</run_address>
         <size>0xf0</size>
         <input_file_ref idref="fl-7"/>
      </object_component>
      <object_component id="oc-36e">
         <name>.debug_info</name>
         <load_address>0x3f67</load_address>
         <run_address>0x3f67</run_address>
         <size>0x128</size>
         <input_file_ref idref="fl-7"/>
      </object_component>
      <object_component id="oc-375">
         <name>.debug_info</name>
         <load_address>0x408f</load_address>
         <run_address>0x408f</run_address>
         <size>0x191</size>
         <input_file_ref idref="fl-7"/>
      </object_component>
      <object_component id="oc-37a">
         <name>.debug_info</name>
         <load_address>0x4220</load_address>
         <run_address>0x4220</run_address>
         <size>0x130</size>
         <input_file_ref idref="fl-7"/>
      </object_component>
      <object_component id="oc-381">
         <name>.debug_info</name>
         <load_address>0x4350</load_address>
         <run_address>0x4350</run_address>
         <size>0x132</size>
         <input_file_ref idref="fl-7"/>
      </object_component>
      <object_component id="oc-293">
         <name>.debug_info</name>
         <load_address>0x4482</load_address>
         <run_address>0x4482</run_address>
         <size>0x1eb</size>
         <input_file_ref idref="fl-7"/>
      </object_component>
      <object_component id="oc-1d6">
         <name>.debug_info</name>
         <load_address>0x466d</load_address>
         <run_address>0x466d</run_address>
         <size>0x11c</size>
         <input_file_ref idref="fl-7"/>
      </object_component>
      <object_component id="oc-46a">
         <name>.debug_info</name>
         <load_address>0x4789</load_address>
         <run_address>0x4789</run_address>
         <size>0x126</size>
         <input_file_ref idref="fl-7"/>
      </object_component>
      <object_component id="oc-41b">
         <name>.debug_info</name>
         <load_address>0x48af</load_address>
         <run_address>0x48af</run_address>
         <size>0x187</size>
         <input_file_ref idref="fl-7"/>
      </object_component>
      <object_component id="oc-1a4">
         <name>.debug_info</name>
         <load_address>0x4a36</load_address>
         <run_address>0x4a36</run_address>
         <size>0x140</size>
         <input_file_ref idref="fl-8"/>
      </object_component>
      <object_component id="oc-16d">
         <name>.debug_info</name>
         <load_address>0x4b76</load_address>
         <run_address>0x4b76</run_address>
         <size>0x27c</size>
         <input_file_ref idref="fl-8"/>
      </object_component>
      <object_component id="oc-159">
         <name>.debug_info</name>
         <load_address>0x4df2</load_address>
         <run_address>0x4df2</run_address>
         <size>0x10e</size>
         <input_file_ref idref="fl-8"/>
      </object_component>
      <object_component id="oc-253">
         <name>.debug_info</name>
         <load_address>0x4f00</load_address>
         <run_address>0x4f00</run_address>
         <size>0x9c5</size>
         <input_file_ref idref="fl-9"/>
      </object_component>
      <object_component id="oc-2c4">
         <name>.debug_info</name>
         <load_address>0x58c5</load_address>
         <run_address>0x58c5</run_address>
         <size>0xe0</size>
         <input_file_ref idref="fl-9"/>
      </object_component>
      <object_component id="oc-2e9">
         <name>.debug_info</name>
         <load_address>0x59a5</load_address>
         <run_address>0x59a5</run_address>
         <size>0xf6</size>
         <input_file_ref idref="fl-9"/>
      </object_component>
      <object_component id="oc-38d">
         <name>.debug_info</name>
         <load_address>0x5a9b</load_address>
         <run_address>0x5a9b</run_address>
         <size>0xf8</size>
         <input_file_ref idref="fl-9"/>
      </object_component>
      <object_component id="oc-258">
         <name>.debug_info</name>
         <load_address>0x5b93</load_address>
         <run_address>0x5b93</run_address>
         <size>0x179</size>
         <input_file_ref idref="fl-9"/>
      </object_component>
      <object_component id="oc-1b0">
         <name>.debug_info</name>
         <load_address>0x5d0c</load_address>
         <run_address>0x5d0c</run_address>
         <size>0x122</size>
         <input_file_ref idref="fl-9"/>
      </object_component>
      <object_component id="oc-39f">
         <name>.debug_info</name>
         <load_address>0x5e2e</load_address>
         <run_address>0x5e2e</run_address>
         <size>0x17a</size>
         <input_file_ref idref="fl-9"/>
      </object_component>
      <object_component id="oc-2d2">
         <name>.debug_info</name>
         <load_address>0x5fa8</load_address>
         <run_address>0x5fa8</run_address>
         <size>0x168</size>
         <input_file_ref idref="fl-9"/>
      </object_component>
      <object_component id="oc-338">
         <name>.debug_info</name>
         <load_address>0x6110</load_address>
         <run_address>0x6110</run_address>
         <size>0x1b8</size>
         <input_file_ref idref="fl-9"/>
      </object_component>
      <object_component id="oc-2af">
         <name>.debug_info</name>
         <load_address>0x62c8</load_address>
         <run_address>0x62c8</run_address>
         <size>0x17a</size>
         <input_file_ref idref="fl-9"/>
      </object_component>
      <object_component id="oc-2c9">
         <name>.debug_info</name>
         <load_address>0x6442</load_address>
         <run_address>0x6442</run_address>
         <size>0x21d</size>
         <input_file_ref idref="fl-9"/>
      </object_component>
      <object_component id="oc-2d8">
         <name>.debug_info</name>
         <load_address>0x665f</load_address>
         <run_address>0x665f</run_address>
         <size>0x12b</size>
         <input_file_ref idref="fl-9"/>
      </object_component>
      <object_component id="oc-350">
         <name>.debug_info</name>
         <load_address>0x678a</load_address>
         <run_address>0x678a</run_address>
         <size>0x1ec</size>
         <input_file_ref idref="fl-9"/>
      </object_component>
      <object_component id="oc-35a">
         <name>.debug_info</name>
         <load_address>0x6976</load_address>
         <run_address>0x6976</run_address>
         <size>0x1e8</size>
         <input_file_ref idref="fl-9"/>
      </object_component>
      <object_component id="oc-361">
         <name>.debug_info</name>
         <load_address>0x6b5e</load_address>
         <run_address>0x6b5e</run_address>
         <size>0x188</size>
         <input_file_ref idref="fl-9"/>
      </object_component>
      <object_component id="oc-2b4">
         <name>.debug_info</name>
         <load_address>0x6ce6</load_address>
         <run_address>0x6ce6</run_address>
         <size>0x171</size>
         <input_file_ref idref="fl-9"/>
      </object_component>
      <object_component id="oc-2e2">
         <name>.debug_info</name>
         <load_address>0x6e57</load_address>
         <run_address>0x6e57</run_address>
         <size>0x12f</size>
         <input_file_ref idref="fl-9"/>
      </object_component>
      <object_component id="oc-1e1">
         <name>.debug_info</name>
         <load_address>0x6f86</load_address>
         <run_address>0x6f86</run_address>
         <size>0x23a</size>
         <input_file_ref idref="fl-9"/>
      </object_component>
      <object_component id="oc-1e6">
         <name>.debug_info</name>
         <load_address>0x71c0</load_address>
         <run_address>0x71c0</run_address>
         <size>0x14a</size>
         <input_file_ref idref="fl-9"/>
      </object_component>
      <object_component id="oc-2ee">
         <name>.debug_info</name>
         <load_address>0x730a</load_address>
         <run_address>0x730a</run_address>
         <size>0x1f8</size>
         <input_file_ref idref="fl-9"/>
      </object_component>
      <object_component id="oc-2ba">
         <name>.debug_info</name>
         <load_address>0x7502</load_address>
         <run_address>0x7502</run_address>
         <size>0x2a8</size>
         <input_file_ref idref="fl-9"/>
      </object_component>
      <object_component id="oc-437">
         <name>.debug_info</name>
         <load_address>0x77aa</load_address>
         <run_address>0x77aa</run_address>
         <size>0x241</size>
         <input_file_ref idref="fl-9"/>
      </object_component>
      <object_component id="oc-3d9">
         <name>.debug_info</name>
         <load_address>0x79eb</load_address>
         <run_address>0x79eb</run_address>
         <size>0x23e</size>
         <input_file_ref idref="fl-9"/>
      </object_component>
      <object_component id="oc-23f">
         <name>.debug_info</name>
         <load_address>0x7c29</load_address>
         <run_address>0x7c29</run_address>
         <size>0x48f</size>
         <input_file_ref idref="fl-a"/>
      </object_component>
      <object_component id="oc-1ed">
         <name>.debug_info</name>
         <load_address>0x80b8</load_address>
         <run_address>0x80b8</run_address>
         <size>0x153</size>
         <input_file_ref idref="fl-a"/>
      </object_component>
      <object_component id="oc-24e">
         <name>.debug_info</name>
         <load_address>0x820b</load_address>
         <run_address>0x820b</run_address>
         <size>0x12e</size>
         <input_file_ref idref="fl-a"/>
      </object_component>
      <object_component id="oc-1ac">
         <name>.debug_info</name>
         <load_address>0x8339</load_address>
         <run_address>0x8339</run_address>
         <size>0x168</size>
         <input_file_ref idref="fl-a"/>
      </object_component>
      <object_component id="oc-27a">
         <name>.debug_info</name>
         <load_address>0x84a1</load_address>
         <run_address>0x84a1</run_address>
         <size>0x154</size>
         <input_file_ref idref="fl-a"/>
      </object_component>
      <object_component id="oc-1c9">
         <name>.debug_info</name>
         <load_address>0x85f5</load_address>
         <run_address>0x85f5</run_address>
         <size>0x174</size>
         <input_file_ref idref="fl-a"/>
      </object_component>
      <object_component id="oc-152">
         <name>.debug_info</name>
         <load_address>0x8769</load_address>
         <run_address>0x8769</run_address>
         <size>0x297</size>
         <input_file_ref idref="fl-b"/>
      </object_component>
      <object_component id="oc-32e">
         <name>.debug_info</name>
         <load_address>0x8a00</load_address>
         <run_address>0x8a00</run_address>
         <size>0x176</size>
         <input_file_ref idref="fl-b"/>
      </object_component>
      <object_component id="oc-ef">
         <name>.debug_info</name>
         <load_address>0x8b76</load_address>
         <run_address>0x8b76</run_address>
         <size>0x12e</size>
         <input_file_ref idref="fl-b"/>
      </object_component>
      <object_component id="oc-1b8">
         <name>.debug_info</name>
         <load_address>0x8ca4</load_address>
         <run_address>0x8ca4</run_address>
         <size>0x116</size>
         <input_file_ref idref="fl-b"/>
      </object_component>
      <object_component id="oc-239">
         <name>.debug_info</name>
         <load_address>0x8dba</load_address>
         <run_address>0x8dba</run_address>
         <size>0x144</size>
         <input_file_ref idref="fl-b"/>
      </object_component>
      <object_component id="oc-14b">
         <name>.debug_info</name>
         <load_address>0x8efe</load_address>
         <run_address>0x8efe</run_address>
         <size>0x333</size>
         <input_file_ref idref="fl-c"/>
      </object_component>
      <object_component id="oc-e5">
         <name>.debug_info</name>
         <load_address>0x9231</load_address>
         <run_address>0x9231</run_address>
         <size>0x114</size>
         <input_file_ref idref="fl-c"/>
      </object_component>
      <object_component id="oc-eb">
         <name>.debug_info</name>
         <load_address>0x9345</load_address>
         <run_address>0x9345</run_address>
         <size>0x142</size>
         <input_file_ref idref="fl-c"/>
      </object_component>
      <object_component id="oc-3ab">
         <name>.debug_info</name>
         <load_address>0x9487</load_address>
         <run_address>0x9487</run_address>
         <size>0x15e</size>
         <input_file_ref idref="fl-c"/>
      </object_component>
      <object_component id="oc-1c5">
         <name>.debug_info</name>
         <load_address>0x95e5</load_address>
         <run_address>0x95e5</run_address>
         <size>0x120</size>
         <input_file_ref idref="fl-c"/>
      </object_component>
      <object_component id="oc-42c">
         <name>.debug_info</name>
         <load_address>0x9705</load_address>
         <run_address>0x9705</run_address>
         <size>0x135</size>
         <input_file_ref idref="fl-27"/>
      </object_component>
      <object_component id="oc-3bd">
         <name>.debug_info</name>
         <load_address>0x983a</load_address>
         <run_address>0x983a</run_address>
         <size>0x121</size>
         <input_file_ref idref="fl-28"/>
      </object_component>
      <object_component id="oc-c2">
         <name>.debug_info</name>
         <load_address>0x995b</load_address>
         <run_address>0x995b</run_address>
         <size>0x12e</size>
         <input_file_ref idref="fl-29"/>
      </object_component>
      <object_component id="oc-de">
         <name>.debug_info</name>
         <load_address>0x9a89</load_address>
         <run_address>0x9a89</run_address>
         <size>0x10f</size>
         <input_file_ref idref="fl-34"/>
      </object_component>
      <object_component id="oc-406">
         <name>.debug_info</name>
         <load_address>0x9b98</load_address>
         <run_address>0x9b98</run_address>
         <size>0x121</size>
         <input_file_ref idref="fl-35"/>
      </object_component>
      <object_component id="oc-b2">
         <name>.debug_info</name>
         <load_address>0x9cb9</load_address>
         <run_address>0x9cb9</run_address>
         <size>0x100</size>
         <input_file_ref idref="fl-36"/>
      </object_component>
      <object_component id="oc-106">
         <name>.debug_info</name>
         <load_address>0x9db9</load_address>
         <run_address>0x9db9</run_address>
         <size>0x17a</size>
         <input_file_ref idref="fl-36"/>
      </object_component>
      <object_component id="oc-30e">
         <name>.debug_info</name>
         <load_address>0x9f33</load_address>
         <run_address>0x9f33</run_address>
         <size>0x3de</size>
         <input_file_ref idref="fl-37"/>
      </object_component>
      <object_component id="oc-1ff">
         <name>.debug_info</name>
         <load_address>0xa311</load_address>
         <run_address>0xa311</run_address>
         <size>0x1e0</size>
         <input_file_ref idref="fl-37"/>
      </object_component>
      <object_component id="oc-3fa">
         <name>.debug_info</name>
         <load_address>0xa4f1</load_address>
         <run_address>0xa4f1</run_address>
         <size>0x39</size>
         <input_file_ref idref="fl-37"/>
      </object_component>
      <object_component id="oc-40b">
         <name>.debug_info</name>
         <load_address>0xa52a</load_address>
         <run_address>0xa52a</run_address>
         <size>0x2c</size>
         <input_file_ref idref="fl-37"/>
      </object_component>
      <object_component id="oc-319">
         <name>.debug_info</name>
         <load_address>0xa556</load_address>
         <run_address>0xa556</run_address>
         <size>0x2c</size>
         <input_file_ref idref="fl-37"/>
      </object_component>
      <object_component id="oc-3ff">
         <name>.debug_info</name>
         <load_address>0xa582</load_address>
         <run_address>0xa582</run_address>
         <size>0xcd</size>
         <input_file_ref idref="fl-37"/>
      </object_component>
      <object_component id="oc-164">
         <name>.debug_info</name>
         <load_address>0xa64f</load_address>
         <run_address>0xa64f</run_address>
         <size>0x175</size>
         <input_file_ref idref="fl-38"/>
      </object_component>
      <object_component id="oc-f6">
         <name>.debug_info</name>
         <load_address>0xa7c4</load_address>
         <run_address>0xa7c4</run_address>
         <size>0x1d2</size>
         <input_file_ref idref="fl-38"/>
      </object_component>
      <object_component id="oc-15f">
         <name>.debug_info</name>
         <load_address>0xa996</load_address>
         <run_address>0xa996</run_address>
         <size>0x46</size>
         <input_file_ref idref="fl-38"/>
      </object_component>
      <object_component id="oc-13c">
         <name>.debug_info</name>
         <load_address>0xa9dc</load_address>
         <run_address>0xa9dc</run_address>
         <size>0x2c</size>
         <input_file_ref idref="fl-38"/>
      </object_component>
      <object_component id="oc-167">
         <name>.debug_info</name>
         <load_address>0xaa08</load_address>
         <run_address>0xaa08</run_address>
         <size>0x153</size>
         <input_file_ref idref="fl-3b"/>
      </object_component>
      <object_component id="oc-308">
         <name>.debug_info</name>
         <load_address>0xab5b</load_address>
         <run_address>0xab5b</run_address>
         <size>0x150</size>
         <input_file_ref idref="fl-3c"/>
      </object_component>
      <object_component id="oc-db">
         <name>.debug_info</name>
         <load_address>0xacab</load_address>
         <run_address>0xacab</run_address>
         <size>0x180</size>
         <input_file_ref idref="fl-3d"/>
      </object_component>
      <object_component id="oc-3b">
         <name>.debug_info</name>
         <load_address>0xae2b</load_address>
         <run_address>0xae2b</run_address>
         <size>0x1ea</size>
         <input_file_ref idref="fl-3d"/>
      </object_component>
      <object_component id="oc-d6">
         <name>.debug_info</name>
         <load_address>0xb015</load_address>
         <run_address>0xb015</run_address>
         <size>0x46</size>
         <input_file_ref idref="fl-3d"/>
      </object_component>
      <object_component id="oc-141">
         <name>.debug_info</name>
         <load_address>0xb05b</load_address>
         <run_address>0xb05b</run_address>
         <size>0x2c</size>
         <input_file_ref idref="fl-3d"/>
      </object_component>
      <object_component id="oc-139">
         <name>.debug_info</name>
         <load_address>0xb087</load_address>
         <run_address>0xb087</run_address>
         <size>0x176</size>
         <input_file_ref idref="fl-3e"/>
      </object_component>
      <object_component id="oc-36">
         <name>.debug_info</name>
         <load_address>0xb1fd</load_address>
         <run_address>0xb1fd</run_address>
         <size>0x292</size>
         <input_file_ref idref="fl-3e"/>
      </object_component>
      <object_component id="oc-c5">
         <name>.debug_info</name>
         <load_address>0xb48f</load_address>
         <run_address>0xb48f</run_address>
         <size>0x60</size>
         <input_file_ref idref="fl-3e"/>
      </object_component>
      <object_component id="oc-188">
         <name>.debug_info</name>
         <load_address>0xb4ef</load_address>
         <run_address>0xb4ef</run_address>
         <size>0x46</size>
         <input_file_ref idref="fl-3e"/>
      </object_component>
      <object_component id="oc-134">
         <name>.debug_info</name>
         <load_address>0xb535</load_address>
         <run_address>0xb535</run_address>
         <size>0x39</size>
         <input_file_ref idref="fl-3e"/>
      </object_component>
      <object_component id="oc-1f4">
         <name>.debug_info</name>
         <load_address>0xb56e</load_address>
         <run_address>0xb56e</run_address>
         <size>0x122</size>
[...]
      </symbol>
      <symbol id="sm-3b0">
         <name>fm_stereo</name>
         <value>0x2eb</value>
      </symbol>
      <symbol id="sm-3b1">
         <name>reset_Vol_Timer</name>
         <value>0x2d4</value>
      </symbol>
      <symbol id="sm-3b2">
         <name>disp_timer</name>
         <value>0x2e9</value>
      </symbol>
      <symbol id="sm-3b3">
         <name>prev_fm_stereo</name>
         <value>0x2f0</value>
      </symbol>
      <symbol id="sm-3b4">
         <name>Scan_Cnt</name>
         <value>0x2e7</value>
      </symbol>
      <symbol id="sm-3b5">
         <name>first_time_power_up</name>
         <value>0x2ea</value>
      </symbol>
      <symbol id="sm-3b6">
         <name>Set_Vol</name>
         <value>0xd97a</value>
         <object_component_ref idref="oc-2ad"/>
      </symbol>
      <symbol id="sm-3b7">
         <name>Get_Fm_Tune_Status</name>
         <value>0xdbec</value>
         <object_component_ref idref="oc-2d6"/>
      </symbol>
      <symbol id="sm-3b8">
         <name>Process_App_Si</name>
         <value>0xc000</value>
         <object_component_ref idref="oc-1df"/>
      </symbol>
      <symbol id="sm-3b9">
         <name>Radio_Touch_Button</name>
         <value>0xd3d4</value>
         <object_component_ref idref="oc-360"/>
      </symbol>
      <symbol id="sm-3ba">
         <name>Read_si4703</name>
         <value>0xc80a</value>
         <object_component_ref idref="oc-2d0"/>
      </symbol>
      <symbol id="sm-3bb">
         <name>K_Radio_Data_Read</name>
         <value>0x2f2</value>
         <object_component_ref idref="oc-2e8"/>
      </symbol>
      <symbol id="sm-3bc">
         <name>si_vol</name>
         <value>0x336</value>
         <object_component_ref idref="oc-2c3"/>
      </symbol>
      <symbol id="sm-3bd">
         <name>Validate_FM_Data</name>
         <value>0xd352</value>
         <object_component_ref idref="oc-2e0"/>
      </symbol>
      <symbol id="sm-3be">
         <name>UART_Printf</name>
         <value>0xc306</value>
         <object_component_ref idref="oc-2b9"/>
      </symbol>
      <symbol id="sm-3bf">
         <name>Write_Si_I2C</name>
         <value>0xc6dc</value>
         <object_component_ref idref="oc-436"/>
      </symbol>
      <symbol id="sm-3c0">
         <name>Read_Si_I2C</name>
         <value>0xc930</value>
         <object_component_ref idref="oc-3d7"/>
      </symbol>
      <symbol id="sm-3c1">
         <name>Radio_Enc_Operation</name>
         <value>0xc5ac</value>
         <object_component_ref idref="oc-34f"/>
      </symbol>
      <symbol id="sm-3c2">
         <name>K_Radio_Data_Write</name>
         <value>0x308</value>
         <object_component_ref idref="oc-38c"/>
      </symbol>
      <symbol id="sm-3c3">
         <name>Radio_Enc_Button</name>
         <value>0xcebc</value>
         <object_component_ref idref="oc-358"/>
      </symbol>
      <symbol id="sm-3c4">
         <name>Init_Radio</name>
         <value>0xdb6c</value>
         <object_component_ref idref="oc-1af"/>
      </symbol>
      <symbol id="sm-3c5">
         <name>Set_Fm_Tune_Freq</name>
         <value>0xcc42</value>
         <object_component_ref idref="oc-2c8"/>
      </symbol>
      <symbol id="sm-3c6">
         <name>Init_Si</name>
         <value>0xd4ce</value>
         <object_component_ref idref="oc-256"/>
      </symbol>
      <symbol id="sm-3c7">
         <name>Set_GPIO2</name>
         <value>0xd7b8</value>
         <object_component_ref idref="oc-2b3"/>
      </symbol>
      <symbol id="sm-3c8">
         <name>Write_si4703</name>
         <value>0xd0ea</value>
         <object_component_ref idref="oc-39e"/>
      </symbol>
      <symbol id="sm-3c9">
         <name>Power_Radio</name>
         <value>0xd2ca</value>
         <object_component_ref idref="oc-337"/>
      </symbol>
      <symbol id="sm-3ca">
         <name>Process_Commands</name>
         <value>0xd8f0</value>
         <object_component_ref idref="oc-1e5"/>
      </symbol>
      <symbol id="sm-3cb">
         <name>Execute_Commands</name>
         <value>0xca44</value>
         <object_component_ref idref="oc-2ed"/>
      </symbol>
      <symbol id="sm-40f">
         <name>Edge_Timer</name>
         <value>0x2dc</value>
      </symbol>
      <symbol id="sm-410">
         <name>Encoder_Count</name>
         <value>0x2dd</value>
      </symbol>
      <symbol id="sm-411">
         <name>Current_Encoder_A</name>
         <value>0x2d7</value>
      </symbol>
      <symbol id="sm-412">
         <name>Current_Encoder_B</name>
         <value>0x2d8</value>
      </symbol>
      <symbol id="sm-413">
         <name>Prior_Encoder_A</name>
         <value>0x2e4</value>
      </symbol>
      <symbol id="sm-414">
         <name>Prior_Encoder_B</name>
         <value>0x2e5</value>
      </symbol>
      <symbol id="sm-415">
         <name>Encoder_Missed_Edge</name>
         <value>0x2e0</value>
      </symbol>
      <symbol id="sm-416">
         <name>Edge_Faster</name>
         <value>0x2db</value>
      </symbol>
      <symbol id="sm-417">
         <name>Encoder_State</name>
         <value>0x2e1</value>
      </symbol>
      <symbol id="sm-418">
         <name>Debounced_Signal_A_Changed</name>
         <value>0x2d9</value>
      </symbol>
      <symbol id="sm-419">
         <name>Debounced_Signal_B_Changed</name>
         <value>0x2da</value>
      </symbol>
      <symbol id="sm-41a">
         <name>Prior_Encoder_State</name>
         <value>0x2e6</value>
      </symbol>
      <symbol id="sm-41b">
         <name>Encoder_Debounce_Timer_A</name>
         <value>0x2de</value>
      </symbol>
      <symbol id="sm-41c">
         <name>Encoder_Debounce_Timer_B</name>
         <value>0x2df</value>
      </symbol>
      <symbol id="sm-41d">
         <name>Fast_Periodic_Encoder</name>
         <value>0xd22c</value>
         <object_component_ref idref="oc-1c7"/>
      </symbol>
      <symbol id="sm-41e">
         <name>Init_Encoder</name>
         <value>0xd6f4</value>
         <object_component_ref idref="oc-1a9"/>
      </symbol>
      <symbol id="sm-41f">
         <name>Decode_Encoder</name>
         <value>0xcb4a</value>
         <object_component_ref idref="oc-278"/>
      </symbol>
      <symbol id="sm-420">
         <name>Clear_Encoder_Counts</name>
         <value>0xdbe6</value>
         <object_component_ref idref="oc-24b"/>
      </symbol>
      <symbol id="sm-421">
         <name>Slow_Periodic_Encoder</name>
         <value>0xd7f0</value>
         <object_component_ref idref="oc-1eb"/>
      </symbol>
      <symbol id="sm-44d">
         <name>_1msCounter</name>
         <value>0x2ca</value>
      </symbol>
      <symbol id="sm-44e">
         <name>_10msCounter</name>
         <value>0x2c8</value>
      </symbol>
      <symbol id="sm-44f">
         <name>_100msCounter</name>
         <value>0x2c6</value>
      </symbol>
      <symbol id="sm-450">
         <name>_1sCounter</name>
         <value>0x2cc</value>
      </symbol>
      <symbol id="sm-451">
         <name>__TI_int13</name>
         <value>0xfffa</value>
         <object_component_ref idref="oc-4b"/>
      </symbol>
      <symbol id="sm-452">
         <name>Delay_Ms</name>
         <value>0xd85c</value>
         <object_component_ref idref="oc-237"/>
      </symbol>
      <symbol id="sm-453">
         <name>InitTimerA1</name>
         <value>0xdafc</value>
         <object_component_ref idref="oc-1b5"/>
      </symbol>
      <symbol id="sm-454">
         <name>Timer_A1_ISR</name>
         <value>0xd88e</value>
         <object_component_ref idref="oc-ed"/>
      </symbol>
      <symbol id="sm-455">
         <name>exitLoop</name>
         <value>0xda92</value>
         <object_component_ref idref="oc-32a"/>
      </symbol>
      <symbol id="sm-47e">
         <name>UARTBuffer</name>
         <value>0x2bc</value>
      </symbol>
      <symbol id="sm-47f">
         <name>UARTCount</name>
         <value>0x2c4</value>
      </symbol>
      <symbol id="sm-480">
         <name>UARTData</name>
         <value>0x2c0</value>
      </symbol>
      <symbol id="sm-481">
         <name>UARTFlag</name>
         <value>0x2e8</value>
      </symbol>
      <symbol id="sm-482">
         <name>USCI0RX_ISR</name>
         <value>0xd5be</value>
         <object_component_ref idref="oc-e7"/>
      </symbol>
      <symbol id="sm-483">
         <name>USCI0TX_ISR</name>
         <value>0xdbf2</value>
         <object_component_ref idref="oc-e1"/>
      </symbol>
      <symbol id="sm-484">
         <name>Send_Uart</name>
         <value>0xd94e</value>
         <object_component_ref idref="oc-3a7"/>
      </symbol>
      <symbol id="sm-485">
         <name>__TI_int06</name>
         <value>0xffec</value>
         <object_component_ref idref="oc-44"/>
      </symbol>
      <symbol id="sm-486">
         <name>__TI_int07</name>
         <value>0xffee</value>
         <object_component_ref idref="oc-45"/>
      </symbol>
      <symbol id="sm-487">
         <name>Init_Uart</name>
         <value>0xda4e</value>
         <object_component_ref idref="oc-1c1"/>
      </symbol>
      <symbol id="sm-493">
         <name>__mspabi_remi</name>
         <value>0xd9a6</value>
         <object_component_ref idref="oc-42a"/>
      </symbol>
      <symbol id="sm-494">
         <name>__mspabi_divi</name>
         <value>0xd9a6</value>
         <object_component_ref idref="oc-42a"/>
      </symbol>
      <symbol id="sm-49e">
         <name>__mspabi_remu</name>
         <value>0xdae6</value>
         <object_component_ref idref="oc-3bc"/>
      </symbol>
      <symbol id="sm-49f">
         <name>__mspabi_divu</name>
         <value>0xdae6</value>
         <object_component_ref idref="oc-3bc"/>
      </symbol>
      <symbol id="sm-4a8">
         <name>__mspabi_func_epilog_2</name>
         <value>0xdb86</value>
         <object_component_ref idref="oc-bf"/>
      </symbol>
      <symbol id="sm-4a9">
         <name>__mspabi_func_epilog_3</name>
         <value>0xdb84</value>
         <object_component_ref idref="oc-bf"/>
      </symbol>
      <symbol id="sm-4aa">
         <name>__mspabi_func_epilog_1</name>
         <value>0xdb88</value>
         <object_component_ref idref="oc-bf"/>
      </symbol>
      <symbol id="sm-4ab">
         <name>__mspabi_func_epilog_6</name>
         <value>0xdb7e</value>
         <object_component_ref idref="oc-bf"/>
      </symbol>
      <symbol id="sm-4ac">
         <name>__mspabi_func_epilog_7</name>
         <value>0xdb7c</value>
         <object_component_ref idref="oc-bf"/>
      </symbol>
      <symbol id="sm-4ad">
         <name>__mspabi_func_epilog_4</name>
         <value>0xdb82</value>
         <object_component_ref idref="oc-bf"/>
      </symbol>
      <symbol id="sm-4ae">
         <name>__mspabi_func_epilog_5</name>
         <value>0xdb80</value>
         <object_component_ref idref="oc-bf"/>
      </symbol>
      <symbol id="sm-4b1">
         <name>__TI_int00</name>
         <value>0xffe0</value>
         <object_component_ref idref="oc-40"/>
      </symbol>
      <symbol id="sm-4b4">
         <name>__TI_int02</name>
         <value>0xffe4</value>
         <object_component_ref idref="oc-41"/>
      </symbol>
      <symbol id="sm-4b7">
         <name>__TI_int03</name>
         <value>0xffe6</value>
         <object_component_ref idref="oc-42"/>
      </symbol>
      <symbol id="sm-4ba">
         <name>__TI_int05</name>
         <value>0xffea</value>
         <object_component_ref idref="oc-43"/>
      </symbol>
      <symbol id="sm-4bd">
         <name>__TI_int08</name>
         <value>0xfff0</value>
         <object_component_ref idref="oc-46"/>
      </symbol>
      <symbol id="sm-4c0">
         <name>__TI_int09</name>
         <value>0xfff2</value>
         <object_component_ref idref="oc-47"/>
      </symbol>
      <symbol id="sm-4c3">
         <name>__TI_int10</name>
         <value>0xfff4</value>
         <object_component_ref idref="oc-48"/>
      </symbol>
      <symbol id="sm-4c6">
         <name>__TI_int11</name>
         <value>0xfff6</value>
         <object_component_ref idref="oc-49"/>
      </symbol>
      <symbol id="sm-4c9">
         <name>__TI_int12</name>
         <value>0xfff8</value>
         <object_component_ref idref="oc-4a"/>
      </symbol>
      <symbol id="sm-4cc">
         <name>__TI_int14</name>
         <value>0xfffc</value>
         <object_component_ref idref="oc-4c"/>
      </symbol>
      <symbol id="sm-4d4">
         <name>__TI_ISR_TRAP</name>
         <value>0xdbde</value>
         <object_component_ref idref="oc-dc"/>
      </symbol>
      <symbol id="sm-4de">
         <name>__mspabi_mpyi_sw</name>
         <value>0xdb24</value>
         <object_component_ref idref="oc-404"/>
      </symbol>
      <symbol id="sm-4df">
         <name>__mspabi_mpyi</name>
         <value>0xdb24</value>
         <object_component_ref idref="oc-404"/>
      </symbol>
      <symbol id="sm-4ef">
         <name>_stack</name>
         <value>0x3b0</value>
         <object_component_ref idref="oc-b1"/>
      </symbol>
      <symbol id="sm-4f0">
         <name>_c_int00_noargs</name>
         <value>0xdab2</value>
         <object_component_ref idref="oc-105"/>
      </symbol>
      <symbol id="sm-4f1">
         <name>_reset_vector</name>
         <value>0xfffe</value>
         <object_component_ref idref="oc-b4"/>
      </symbol>
      <symbol id="sm-513">
         <name>__TI_auto_init_nobinit_nopinit</name>
         <value>0xd736</value>
         <object_component_ref idref="oc-1fe"/>
      </symbol>
      <symbol id="sm-52b">
         <name>__TI_zero_init_nomemset</name>
         <value>0xdb10</value>
         <object_component_ref idref="oc-f3"/>
      </symbol>
      <symbol id="sm-536">
         <name>_system_pre_init</name>
         <value>0xdbfe</value>
         <object_component_ref idref="oc-166"/>
      </symbol>
      <symbol id="sm-53f">
         <name>_system_post_cinit</name>
         <value>0xdc02</value>
         <object_component_ref idref="oc-307"/>
      </symbol>
      <symbol id="sm-555">
         <name>__TI_decompress_none</name>
         <value>0xdb38</value>
         <object_component_ref idref="oc-3a"/>
      </symbol>
      <symbol id="sm-578">
         <name>__TI_decompress_lzss</name>
         <value>0xd452</value>
         <object_component_ref idref="oc-34"/>
      </symbol>
      <symbol id="sm-582">
         <name>C$$EXIT</name>
         <value>0xdbf8</value>
         <object_component_ref idref="oc-1f2"/>
      </symbol>
      <symbol id="sm-583">
         <name>abort</name>
         <value>0xdbf8</value>
         <object_component_ref idref="oc-1f2"/>
      </symbol>
      <symbol id="sm-593">
         <name>memcpy</name>
         <value>0xdb4a</value>
         <object_component_ref idref="oc-cf"/>
      </symbol>
      <symbol id="sm-59b">
         <name>__mspabi_slli</name>
         <value>0xd9d2</value>
         <object_component_ref idref="oc-b5"/>
      </symbol>
      <symbol id="sm-59c">
         <name>__mspabi_slli_9</name>
         <value>0xd9ea</value>
         <object_component_ref idref="oc-b5"/>
      </symbol>
      <symbol id="sm-59d">
         <name>__mspabi_slli_8</name>
         <value>0xd9ec</value>
         <object_component_ref idref="oc-b5"/>
      </symbol>
      <symbol id="sm-59e">
         <name>__mspabi_slli_7</name>
         <value>0xd9ee</value>
         <object_component_ref idref="oc-b5"/>
      </symbol>
      <symbol id="sm-59f">
         <name>__mspabi_slli_6</name>
         <value>0xd9f0</value>
         <object_component_ref idref="oc-b5"/>
      </symbol>
      <symbol id="sm-5a0">
         <name>__mspabi_slli_5</name>
         <value>0xd9f2</value>
         <object_component_ref idref="oc-b5"/>
      </symbol>
      <symbol id="sm-5a1">
         <name>__mspabi_slli_4</name>
         <value>0xd9f4</value>
         <object_component_ref idref="oc-b5"/>
      </symbol>
      <symbol id="sm-5a2">
         <name>__mspabi_slli_3</name>
         <value>0xd9f6</value>
         <object_component_ref idref="oc-b5"/>
      </symbol>
      <symbol id="sm-5a3">
         <name>__mspabi_slli_2</name>
         <value>0xd9f8</value>
         <object_component_ref idref="oc-b5"/>
      </symbol>
      <symbol id="sm-5a4">
         <name>__mspabi_slli_1</name>
         <value>0xd9fa</value>
         <object_component_ref idref="oc-b5"/>
      </symbol>
      <symbol id="sm-5a5">
         <name>__mspabi_slli_15</name>
         <value>0xd9de</value>
         <object_component_ref idref="oc-b5"/>
      </symbol>
      <symbol id="sm-5a6">
         <name>__mspabi_slli_14</name>
         <value>0xd9e0</value>
         <object_component_ref idref="oc-b5"/>
      </symbol>
      <symbol id="sm-5a7">
         <name>__mspabi_slli_13</name>
         <value>0xd9e2</value>
         <object_component_ref idref="oc-b5"/>
      </symbol>
      <symbol id="sm-5a8">
         <name>__mspabi_slli_12</name>
         <value>0xd9e4</value>
         <object_component_ref idref="oc-b5"/>
      </symbol>
      <symbol id="sm-5a9">
         <name>__mspabi_slli_11</name>
         <value>0xd9e6</value>
         <object_component_ref idref="oc-b5"/>
      </symbol>
      <symbol id="sm-5aa">
         <name>__mspabi_slli_10</name>
         <value>0xd9e8</value>
         <object_component_ref idref="oc-b5"/>
      </symbol>
      <symbol id="sm-5b2">
         <name>__mspabi_srli_8</name>
         <value>0xd68e</value>
         <object_component_ref idref="oc-ba"/>
      </symbol>
      <symbol id="sm-5b3">
         <name>__mspabi_srli_9</name>
         <value>0xd68a</value>
         <object_component_ref idref="oc-ba"/>
      </symbol>
      <symbol id="sm-5b4">
         <name>__mspabi_srli_6</name>
         <value>0xd696</value>
         <object_component_ref idref="oc-ba"/>
      </symbol>
      <symbol id="sm-5b5">
         <name>__mspabi_srli_7</name>
         <value>0xd692</value>
         <object_component_ref idref="oc-ba"/>
      </symbol>
      <symbol id="sm-5b6">
         <name>__mspabi_srli_4</name>
         <value>0xd69e</value>
         <object_component_ref idref="oc-ba"/>
      </symbol>
      <symbol id="sm-5b7">
         <name>__mspabi_srli_5</name>
         <value>0xd69a</value>
         <object_component_ref idref="oc-ba"/>
      </symbol>
      <symbol id="sm-5b8">
         <name>__mspabi_srli_2</name>
         <value>0xd6a6</value>
         <object_component_ref idref="oc-ba"/>
      </symbol>
      <symbol id="sm-5b9">
         <name>__mspabi_srli_3</name>
         <value>0xd6a2</value>
         <object_component_ref idref="oc-ba"/>
      </symbol>
      <symbol id="sm-5ba">
         <name>__mspabi_srli_1</name>
         <value>0xd6aa</value>
         <object_component_ref idref="oc-ba"/>
      </symbol>
      <symbol id="sm-5bb">
         <name>__mspabi_srli</name>
         <value>0xd664</value>
         <object_component_ref idref="oc-ba"/>
      </symbol>
      <symbol id="sm-5bc">
         <name>__mspabi_srli_15</name>
         <value>0xd672</value>
         <object_component_ref idref="oc-ba"/>
      </symbol>
      <symbol id="sm-5bd">
         <name>__mspabi_srli_14</name>
         <value>0xd676</value>
         <object_component_ref idref="oc-ba"/>
      </symbol>
      <symbol id="sm-5be">
         <name>__mspabi_srli_13</name>
         <value>0xd67a</value>
         <object_component_ref idref="oc-ba"/>
      </symbol>
      <symbol id="sm-5bf">
         <name>__mspabi_srli_12</name>
         <value>0xd67e</value>
         <object_component_ref idref="oc-ba"/>
      </symbol>
      <symbol id="sm-5c0">
         <name>__mspabi_srli_11</name>
         <value>0xd682</value>
         <object_component_ref idref="oc-ba"/>
      </symbol>
      <symbol id="sm-5c1">
         <name>__mspabi_srli_10</name>
         <value>0xd686</value>
         <object_component_ref idref="oc-ba"/>
      </symbol>
   </symbol_table>
   <title>Link successful</title>
</link_info>
